<html>
<body>
<pre>
<h1>µVision Build Log</h1>
<h2>Project:</h2>
C:\Users\Sijin\Documents\RTOS\RTOS-Robot\Lab 6 Prep\SikenderOS\RTOS-RobotPrep.uvproj
Project File Date:  04/15/2019

<h2>Output:</h2>
Build target 'RTOS_Lab_3'
compiling Interpreter.c...
.\Inc\CAN0.h(53): warning:  #1-D: last line of file ends without a newline
  //
Src\Interpreter.c(81): warning:  #177-D: variable "data" was declared but never referenced
                        uint8_t data[4] = {0x04, 0x03, 0x02, 0x01};
Src\Interpreter.c(101): warning:  #550-D: variable "message" was set but never used
                        uint8_t message[8];
Src\Interpreter.c(78): warning:  #546-D: transfer of control bypasses initialization of:
            variable "data" (declared at line 81)
        switch (selection){
        ^
Src\Interpreter.c: 4 warnings, 0 errors
linking...
Program Size: Code=29356 RO-data=2088 RW-data=1044 ZI-data=26444  
".\Objects\RTOS-lab1.axf" - 0 Error(s), 4 Warning(s).
Load "C:\\Users\\Sijin\\Documents\\RTOS\\RTOS-Robot\\Lab 6 Prep\\SikenderOS\\Objects\\RTOS-lab1.axf" 
Connecting: Mode=JTAG, Speed=1000000Hz
Erase Done.
Programming Done.
Verify OK.
Hz
Erase Done.
Programming Done.
Verify OK.
c: 2 warnings, 0 errors
linking...
Program Size: Code=29336 RO-data=2088 RW-data=1040 ZI-data=26440  
".\Objects\RTOS-lab1.axf" - 0 Error(s), 8 Warning(s).
Load "C:\\Users\\Sijin\\Documents\\RTOS\\RTOS-Robot\\Lab 6 Prep\\SikenderOS\\Objects\\RTOS-lab1.axf" 
Connecting: Mode=JTAG, Speed=1000000Hz
Erase Done.
Programming Done.
Verify OK.
2_t ulFlags;
.\Inc\can.h(159): error:  #20: identifier "uint32_t" is undefined
      uint32_t ulMsgLen;
.\Inc\can.h(164): error:  #20: identifier "uint8_t" is undefined
      uint8_t *pucMsgData;
.\Inc\can.h(398): error:  #20: identifier "uint32_t" is undefined
  extern void CANBitTimingGet(uint32_t ulBase, tCANBitClkParms *pClkParms);
.\Inc\can.h(399): error:  #20: identifier "uint32_t" is undefined
  extern void CANBitTimingSet(uint32_t ulBase, tCANBitClkParms *pClkParms);
.\Inc\can.h(400): error:  #20: identifier "uint32_t" is undefined
  extern uint32_t CANBitRateSet(uint32_t ulBase,
.\Inc\can.h(400): error:  #20: identifier "uint32_t" is undefined
  extern uint32_t CANBitRateSet(uint32_t ulBase,
.\Inc\can.h(401): error:  #20: identifier "uint32_t" is undefined
                                     uint32_t ulSourceClock,
.\Inc\can.h(402): error:  #20: identifier "uint32_t" is undefined
                                     uint32_t ulBitRate);
.\Inc\can.h(403): error:  #20: identifier "uint32_t" is undefined
  extern void CANDisable(uint32_t ulBase);
.\Inc\can.h(404): error:  #20: identifier "uint32_t" is undefined
  extern void CANEnable(uint32_t ulBase);
.\Inc\can.h(405): error:  #20: identifier "uint32_t" is undefined
  extern tBoolean CANErrCntrGet(uint32_t ulBase, uint32_t *pulRxCount,
.\Inc\can.h(405): error:  #20: identifier "uint32_t" is undefined
  extern tBoolean CANErrCntrGet(uint32_t ulBase, uint32_t *pulRxCount,
.\Inc\can.h(406): error:  #20: identifier "uint32_t" is undefined
                                uint32_t *pulTxCount);
.\Inc\can.h(407): error:  #20: identifier "uint32_t" is undefined
  extern void CANInit(uint32_t ulBase);
.\Inc\can.h(408): error:  #20: identifier "uint32_t" is undefined
  extern void CANIntClear(uint32_t ulBase, uint32_t ulIntClr);
.\Inc\can.h(408): error:  #20: identifier "uint32_t" is undefined
  extern void CANIntClear(uint32_t ulBase, uint32_t ulIntClr);
.\Inc\can.h(409): error:  #20: identifier "uint32_t" is undefined
  extern void CANIntDisable(uint32_t ulBase, uint32_t ulIntFlags);
.\Inc\can.h(409): error:  #20: identifier "uint32_t" is undefined
  extern void CANIntDisable(uint32_t ulBase, uint32_t ulIntFlags);
.\Inc\can.h(410): error:  #20: identifier "uint32_t" is undefined
  extern void CANIntEnable(uint32_t ulBase, uint32_t ulIntFlags);
.\Inc\can.h(410): error:  #20: identifier "uint32_t" is undefined
  extern void CANIntEnable(uint32_t ulBase, uint32_t ulIntFlags);
.\Inc\can.h(411): error:  #20: identifier "uint32_t" is undefined
  extern void CANIntRegister(uint32_t ulBase, void (*pfnHandler)(void));
.\Inc\can.h(412): error:  #20: identifier "uint32_t" is undefined
  extern uint32_t CANIntStatus(uint32_t ulBase,
.\Inc\can.h(412): error:  #20: identifier "uint32_t" is undefined
  extern uint32_t CANIntStatus(uint32_t ulBase,
.\Inc\can.h(414): error:  #20: identifier "uint32_t" is undefined
  extern void CANIntUnregister(uint32_t ulBase);
.\Inc\can.h(415): error:  #20: identifier "uint32_t" is undefined
  extern void CANMessageClear(uint32_t ulBase, uint32_t ulObjID);
.\Inc\can.h(415): error:  #20: identifier "uint32_t" is undefined
  extern void CANMessageClear(uint32_t ulBase, uint32_t ulObjID);
.\Inc\can.h(416): error:  #20: identifier "uint32_t" is undefined
  extern void CANMessageGet(uint32_t ulBase, uint32_t ulObjID,
Src\can0.c: 0 warnings, 30 errors
".\Objects\RTOS-lab1.axf" - 30 Error(s), 8 Warning(s).
Target not created
