Component: ARM Compiler 5.06 update 6 (build 750) Tool: armlink [4d35ed]

==============================================================================

Section Cross References

    main.o(i.USONICSend) refers to ping.o(i.Ping_Init) for Ping_Init
    main.o(i.USONICSend) refers to os.o(i.OS_AddPeriodicThread) for OS_AddPeriodicThread
    main.o(i.USONICSend) refers to ping.o(i.Ping_GetData) for Ping_GetData
    main.o(i.USONICSend) refers to st7735.o(i.ST7735_Message) for ST7735_Message
    main.o(i.USONICSend) refers to ping.o(i.Ping_StartHCSR04) for Ping_StartHCSR04
    main.o(i.USONICSend) refers to main.o(.bss) for USONICValues
    main.o(i.USONICSend) refers to main.o(.data) for USONICStrings
    main.o(i.WrapInterpreter) refers to interpreter.o(i.Interpreter) for Interpreter
    main.o(i.main) refers to os.o(i.OS_Init) for OS_Init
    main.o(i.main) refers to main.o(i.GPIO_PortF_Init) for GPIO_PortF_Init
    main.o(i.main) refers to os.o(i.OS_MailBox_Init) for OS_MailBox_Init
    main.o(i.main) refers to os.o(i.OS_Fifo_Init) for OS_Fifo_Init
    main.o(i.main) refers to os.o(i.OS_AddThread) for OS_AddThread
    main.o(i.main) refers to os.o(i.OS_Launch) for OS_Launch
    main.o(i.main) refers to main.o(.data) for NumCreated
    main.o(i.main) refers to main.o(i.WrapInterpreter) for WrapInterpreter
    main.o(.data) refers to main.o(.conststring) for .conststring
    interpreter.o(i.Interpreter) refers to uart.o(i.UART_OutString) for UART_OutString
    interpreter.o(i.Interpreter) refers to interpreter.o(i.newLine) for newLine
    interpreter.o(i.Interpreter) refers to uart.o(i.UART_InChar) for UART_InChar
    interpreter.o(i.newLine) refers to uart.o(i.OutCRLF) for OutCRLF
    os.o(i.AddBlockedToSemaphore) refers to os.o(.data) for RunPt
    os.o(i.BlockTCB) refers to os.o(i.UnLinkTCB) for UnLinkTCB
    os.o(i.BlockTCB) refers to os.o(i.AddBlockedToSemaphore) for AddBlockedToSemaphore
    os.o(i.BlockTCB) refers to os.o(i.OS_Suspend) for OS_Suspend
    os.o(i.BlockTCB) refers to os.o(.data) for RunPt
    os.o(i.BlockTCB) refers to os.o(.bss) for PriorityAvailable
    os.o(i.GPIOPortF_Handler) refers to os.o(i.OS_AddThread) for OS_AddThread
    os.o(i.GPIOPortF_Handler) refers to os.o(.data) for LastSW1
    os.o(i.GPIOPortF_Handler) refers to os.o(i.SW1_Debounce) for SW1_Debounce
    os.o(i.GPIOPortF_Handler) refers to os.o(i.SW2_Debounce) for SW2_Debounce
    os.o(i.IO_Init) refers to st7735.o(i.ST7735_InitR) for ST7735_InitR
    os.o(i.IO_Init) refers to st7735.o(i.ST7735_FillScreen) for ST7735_FillScreen
    os.o(i.IO_Init) refers to st7735.o(i.ST7735_SetCursor) for ST7735_SetCursor
    os.o(i.IO_Init) refers to st7735.o(i.ST7735_OutString) for ST7735_OutString
    os.o(i.IO_Init) refers to st7735.o(i.ST7735_DrawFastHLine) for ST7735_DrawFastHLine
    os.o(i.IO_Init) refers to uart.o(i.UART_Init) for UART_Init
    os.o(i.IO_Init) refers to os.o(i.Timer3A_Init) for Timer3A_Init
    os.o(i.IO_Init) refers to os.o(i.Timer0A_Init) for Timer0A_Init
    os.o(i.Jitter) refers to st7735.o(i.ST7735_Message) for ST7735_Message
    os.o(i.Jitter) refers to os.o(.data) for JitterMax_Periodic1
    os.o(i.LinkTCB) refers to os.o(.data) for RunPt
    os.o(i.LinkTCB) refers to os.o(.bss) for PriorityAvailable
    os.o(i.OS_AddPeriodicThread) refers to os.o(i.PeriodicThread1_Init) for PeriodicThread1_Init
    os.o(i.OS_AddPeriodicThread) refers to os.o(i.PeriodicThread2_Init) for PeriodicThread2_Init
    os.o(i.OS_AddPeriodicThread) refers to os.o(.data) for NumberOfPeriodicTasks
    os.o(i.OS_AddPriorityThread) refers to os.o(.bss) for PriorityTotal
    os.o(i.OS_AddSW1Task) refers to os.o(i.SW1_Init) for SW1_Init
    os.o(i.OS_AddSW1Task) refers to os.o(.data) for SW1_Task
    os.o(i.OS_AddSW2Task) refers to os.o(i.SW2_Init) for SW2_Init
    os.o(i.OS_AddSW2Task) refers to os.o(.data) for SW2_Task
    os.o(i.OS_AddThread) refers to startup.o(.text) for StartCritical
    os.o(i.OS_AddThread) refers to os.o(i.SetInitialStack) for SetInitialStack
    os.o(i.OS_AddThread) refers to os.o(i.OS_AddPriorityThread) for OS_AddPriorityThread
    os.o(i.OS_AddThread) refers to os.o(.data) for NumOfThreads
    os.o(i.OS_AddThread) refers to os.o(.bss) for tcbs
    os.o(i.OS_AddThreads) refers to startup.o(.text) for StartCritical
    os.o(i.OS_AddThreads) refers to os.o(i.SetInitialStack) for SetInitialStack
    os.o(i.OS_AddThreads) refers to os.o(.bss) for tcbs
    os.o(i.OS_AddThreads) refers to os.o(.data) for RunPt
    os.o(i.OS_ClearMsTime) refers to os.o(.data) for OS_SystemTimeMS
    os.o(i.OS_Fifo_Get) refers to os.o(i.OS_Wait) for OS_Wait
    os.o(i.OS_Fifo_Get) refers to os.o(.data) for SemaFIFO
    os.o(i.OS_Fifo_Get) refers to os.o(.bss) for OS_FiFo
    os.o(i.OS_Fifo_Init) refers to startup.o(.text) for StartCritical
    os.o(i.OS_Fifo_Init) refers to os.o(i.OS_InitSemaphore) for OS_InitSemaphore
    os.o(i.OS_Fifo_Init) refers to os.o(.data) for Get_Idx
    os.o(i.OS_Fifo_Put) refers to os.o(i.OS_Signal) for OS_Signal
    os.o(i.OS_Fifo_Put) refers to os.o(.data) for SemaFIFO
    os.o(i.OS_Fifo_Put) refers to os.o(.bss) for OS_FiFo
    os.o(i.OS_Fifo_Size) refers to os.o(.data) for SemaFIFO
    os.o(i.OS_Id) refers to os.o(.data) for RunPt
    os.o(i.OS_Init) refers to osasm.o(.text) for OS_DisableInterrupts
    os.o(i.OS_Init) refers to pll.o(i.PLL_Init) for PLL_Init
    os.o(i.OS_Init) refers to os.o(i.IO_Init) for IO_Init
    os.o(i.OS_Init) refers to os.o(i.SetThreads) for SetThreads
    os.o(i.OS_Init) refers to os.o(i.SysTick_Init) for SysTick_Init
    os.o(i.OS_Init) refers to os.o(.data) for OS_SystemTimeMS
    os.o(i.OS_Init) refers to os.o(.bss) for tcbs
    os.o(i.OS_InitSemaphore) refers to startup.o(.text) for StartCritical
    os.o(i.OS_Kill) refers to startup.o(.text) for DisableInterrupts
    os.o(i.OS_Kill) refers to os.o(i.OS_Suspend) for OS_Suspend
    os.o(i.OS_Kill) refers to os.o(.data) for RunPt
    os.o(i.OS_Kill) refers to os.o(.bss) for PriorityLastPtr
    os.o(i.OS_Launch) refers to osasm.o(.text) for StartOS
    os.o(i.OS_Launch) refers to os.o(.bss) for PriorityAvailable
    os.o(i.OS_Launch) refers to os.o(.data) for RunPt
    os.o(i.OS_MailBox_Init) refers to os.o(i.OS_InitSemaphore) for OS_InitSemaphore
    os.o(i.OS_MailBox_Init) refers to os.o(.bss) for MailBox
    os.o(i.OS_MailBox_Recv) refers to os.o(i.OS_bWait) for OS_bWait
    os.o(i.OS_MailBox_Recv) refers to os.o(i.OS_bSignal) for OS_bSignal
    os.o(i.OS_MailBox_Recv) refers to os.o(.bss) for MailBox
    os.o(i.OS_MailBox_Send) refers to os.o(i.OS_bWait) for OS_bWait
    os.o(i.OS_MailBox_Send) refers to os.o(i.OS_bSignal) for OS_bSignal
    os.o(i.OS_MailBox_Send) refers to os.o(.bss) for MailBox
    os.o(i.OS_MsTime) refers to os.o(.data) for OS_SystemTimeMS
    os.o(i.OS_Scheduler) refers to os.o(.data) for RunPt
    os.o(i.OS_Scheduler) refers to os.o(.bss) for PriorityAvailable
    os.o(i.OS_Signal) refers to startup.o(.text) for StartCritical
    os.o(i.OS_Signal) refers to os.o(i.UnBlockTCB) for UnBlockTCB
    os.o(i.OS_Sleep) refers to startup.o(.text) for DisableInterrupts
    os.o(i.OS_Sleep) refers to os.o(i.OS_Suspend) for OS_Suspend
    os.o(i.OS_Sleep) refers to osasm.o(.text) for OS_EnableInterrupts
    os.o(i.OS_Sleep) refers to os.o(.data) for RunPt
    os.o(i.OS_Sleep) refers to os.o(.bss) for PriorityAvailable
    os.o(i.OS_Wait) refers to startup.o(.text) for StartCritical
    os.o(i.OS_Wait) refers to os.o(i.BlockTCB) for BlockTCB
    os.o(i.OS_bSignal) refers to startup.o(.text) for StartCritical
    os.o(i.OS_bSignal) refers to os.o(i.UnBlockTCB) for UnBlockTCB
    os.o(i.OS_bWait) refers to startup.o(.text) for DisableInterrupts
    os.o(i.OS_bWait) refers to os.o(i.BlockTCB) for BlockTCB
    os.o(i.PeriodicThread1_Init) refers to startup.o(.text) for StartCritical
    os.o(i.PeriodicThread1_Init) refers to os.o(.data) for Period1
    os.o(i.PeriodicThread2_Init) refers to startup.o(.text) for StartCritical
    os.o(i.PeriodicThread2_Init) refers to os.o(.data) for Period2
    os.o(i.SW1_Debounce) refers to os.o(i.OS_Sleep) for OS_Sleep
    os.o(i.SW1_Debounce) refers to os.o(i.OS_Kill) for OS_Kill
    os.o(i.SW1_Debounce) refers to os.o(.data) for LastSW1
    os.o(i.SW1_Init) refers to os.o(.data) for Sw1Pri
    os.o(i.SW2_Debounce) refers to os.o(i.OS_Sleep) for OS_Sleep
    os.o(i.SW2_Debounce) refers to os.o(i.OS_Kill) for OS_Kill
    os.o(i.SW2_Debounce) refers to os.o(.data) for LastSW2
    os.o(i.SetInitialStack) refers to os.o(.bss) for Stacks
    os.o(i.SetThreads) refers to os.o(.bss) for tcbs
    os.o(i.SysTick_Handler) refers to os.o(i.OS_Scheduler) for OS_Scheduler
    os.o(i.Timer0A_Init) refers to startup.o(.text) for StartCritical
    os.o(i.Timer3A_Init) refers to startup.o(.text) for StartCritical
    os.o(i.Timer4A_Handler) refers to os.o(i.OS_Time) for OS_Time
    os.o(i.Timer4A_Handler) refers to os.o(i.OS_TimeDifference) for OS_TimeDifference
    os.o(i.Timer4A_Handler) refers to os.o(.data) for Periodic_Thread1
    os.o(i.Timer4A_Handler) refers to os.o(.bss) for JitterHistogram1
    os.o(i.UnBlockTCB) refers to os.o(i.RemoveBlockedFromSemaphore) for RemoveBlockedFromSemaphore
    os.o(i.UnBlockTCB) refers to os.o(i.LinkTCB) for LinkTCB
    os.o(i.UnLinkTCB) refers to os.o(.data) for RunPt
    st7735.o(i.Output_Clear) refers to st7735.o(i.ST7735_FillScreen) for ST7735_FillScreen
    st7735.o(i.Output_Color) refers to st7735.o(i.ST7735_SetTextColor) for ST7735_SetTextColor
    st7735.o(i.Output_Init) refers to st7735.o(i.ST7735_InitR) for ST7735_InitR
    st7735.o(i.Output_Init) refers to st7735.o(i.ST7735_FillScreen) for ST7735_FillScreen
    st7735.o(i.Output_Off) refers to st7735.o(i.Output_Clear) for Output_Clear
    st7735.o(i.Output_On) refers to st7735.o(i.Output_Init) for Output_Init
    st7735.o(i.ST7735_DivideScreen) refers to st7735.o(i.ST7735_DrawFastHLine) for ST7735_DrawFastHLine
    st7735.o(i.ST7735_DrawBitmap) refers to st7735.o(i.setAddrWindow) for setAddrWindow
    st7735.o(i.ST7735_DrawBitmap) refers to st7735.o(i.writedata) for writedata
    st7735.o(i.ST7735_DrawBitmap) refers to st7735.o(.data) for _width
    st7735.o(i.ST7735_DrawChar) refers to st7735.o(i.setAddrWindow) for setAddrWindow
    st7735.o(i.ST7735_DrawChar) refers to st7735.o(i.pushColor) for pushColor
    st7735.o(i.ST7735_DrawChar) refers to st7735.o(.data) for _width
    st7735.o(i.ST7735_DrawChar) refers to st7735.o(.constdata) for Font
    st7735.o(i.ST7735_DrawCharS) refers to st7735.o(i.ST7735_DrawPixel) for ST7735_DrawPixel
    st7735.o(i.ST7735_DrawCharS) refers to st7735.o(i.ST7735_FillRect) for ST7735_FillRect
    st7735.o(i.ST7735_DrawCharS) refers to st7735.o(.data) for _width
    st7735.o(i.ST7735_DrawCharS) refers to st7735.o(.constdata) for Font
    st7735.o(i.ST7735_DrawFastHLine) refers to st7735.o(i.setAddrWindow) for setAddrWindow
    st7735.o(i.ST7735_DrawFastHLine) refers to st7735.o(i.writedata) for writedata
    st7735.o(i.ST7735_DrawFastHLine) refers to st7735.o(.data) for _width
    st7735.o(i.ST7735_DrawFastVLine) refers to st7735.o(i.setAddrWindow) for setAddrWindow
    st7735.o(i.ST7735_DrawFastVLine) refers to st7735.o(i.writedata) for writedata
    st7735.o(i.ST7735_DrawFastVLine) refers to st7735.o(.data) for _width
    st7735.o(i.ST7735_DrawPixel) refers to st7735.o(i.setAddrWindow) for setAddrWindow
    st7735.o(i.ST7735_DrawPixel) refers to st7735.o(i.pushColor) for pushColor
    st7735.o(i.ST7735_DrawPixel) refers to st7735.o(.data) for _width
    st7735.o(i.ST7735_DrawString) refers to st7735.o(i.ST7735_DrawCharS) for ST7735_DrawCharS
    st7735.o(i.ST7735_FillRect) refers to st7735.o(i.setAddrWindow) for setAddrWindow
    st7735.o(i.ST7735_FillRect) refers to st7735.o(i.writedata) for writedata
    st7735.o(i.ST7735_FillRect) refers to st7735.o(.data) for _width
    st7735.o(i.ST7735_FillScreen) refers to st7735.o(i.ST7735_FillRect) for ST7735_FillRect
    st7735.o(i.ST7735_FillScreen) refers to st7735.o(.data) for _height
    st7735.o(i.ST7735_InitB) refers to st7735.o(i.commonInit) for commonInit
    st7735.o(i.ST7735_InitB) refers to st7735.o(i.ST7735_SetCursor) for ST7735_SetCursor
    st7735.o(i.ST7735_InitB) refers to st7735.o(i.ST7735_FillScreen) for ST7735_FillScreen
    st7735.o(i.ST7735_InitB) refers to os.o(i.OS_InitSemaphore) for OS_InitSemaphore
    st7735.o(i.ST7735_InitB) refers to st7735.o(.constdata) for Bcmd
    st7735.o(i.ST7735_InitB) refers to st7735.o(.data) for StTextColor
    st7735.o(i.ST7735_InitR) refers to st7735.o(i.commonInit) for commonInit
    st7735.o(i.ST7735_InitR) refers to st7735.o(i.commandList) for commandList
    st7735.o(i.ST7735_InitR) refers to st7735.o(i.writecommand) for writecommand
    st7735.o(i.ST7735_InitR) refers to st7735.o(i.writedata) for writedata
    st7735.o(i.ST7735_InitR) refers to st7735.o(i.ST7735_SetCursor) for ST7735_SetCursor
    st7735.o(i.ST7735_InitR) refers to st7735.o(i.ST7735_FillScreen) for ST7735_FillScreen
    st7735.o(i.ST7735_InitR) refers to os.o(i.OS_InitSemaphore) for OS_InitSemaphore
    st7735.o(i.ST7735_InitR) refers to st7735.o(.constdata) for Rcmd1
    st7735.o(i.ST7735_InitR) refers to st7735.o(.data) for ColStart
    st7735.o(i.ST7735_InvertDisplay) refers to st7735.o(i.writecommand) for writecommand
    st7735.o(i.ST7735_Message) refers to os.o(i.OS_bWait) for OS_bWait
    st7735.o(i.ST7735_Message) refers to st7735.o(i.ST7735_SetCursor) for ST7735_SetCursor
    st7735.o(i.ST7735_Message) refers to st7735.o(i.ST7735_OutString) for ST7735_OutString
    st7735.o(i.ST7735_Message) refers to st7735.o(i.ST7735_OutChar) for ST7735_OutChar
    st7735.o(i.ST7735_Message) refers to os.o(i.OS_bSignal) for OS_bSignal
    st7735.o(i.ST7735_Message) refers to st7735.o(.data) for SemaDisplay
    st7735.o(i.ST7735_OutChar) refers to st7735.o(i.ST7735_DrawString) for ST7735_DrawString
    st7735.o(i.ST7735_OutChar) refers to st7735.o(i.ST7735_DrawCharS) for ST7735_DrawCharS
    st7735.o(i.ST7735_OutChar) refers to st7735.o(.data) for StY
    st7735.o(i.ST7735_OutString) refers to st7735.o(i.ST7735_OutChar) for ST7735_OutChar
    st7735.o(i.ST7735_OutUDec) refers to st7735.o(i.fillmessage) for fillmessage
    st7735.o(i.ST7735_OutUDec) refers to st7735.o(i.ST7735_DrawString) for ST7735_DrawString
    st7735.o(i.ST7735_OutUDec) refers to st7735.o(i.ST7735_DrawCharS) for ST7735_DrawCharS
    st7735.o(i.ST7735_OutUDec) refers to st7735.o(.data) for Messageindex
    st7735.o(i.ST7735_OutUDec) refers to st7735.o(.bss) for Message
    st7735.o(i.ST7735_PlotBar) refers to st7735.o(i.ST7735_DrawFastVLine) for ST7735_DrawFastVLine
    st7735.o(i.ST7735_PlotBar) refers to st7735.o(.data) for Ymin
    st7735.o(i.ST7735_PlotClear) refers to st7735.o(i.ST7735_Color565) for ST7735_Color565
    st7735.o(i.ST7735_PlotClear) refers to st7735.o(i.ST7735_FillRect) for ST7735_FillRect
    st7735.o(i.ST7735_PlotClear) refers to st7735.o(.data) for Ymax
    st7735.o(i.ST7735_PlotLine) refers to st7735.o(i.ST7735_DrawPixel) for ST7735_DrawPixel
    st7735.o(i.ST7735_PlotLine) refers to st7735.o(.data) for Ymin
    st7735.o(i.ST7735_PlotNext) refers to st7735.o(.data) for X
    st7735.o(i.ST7735_PlotNextErase) refers to st7735.o(i.ST7735_Color565) for ST7735_Color565
    st7735.o(i.ST7735_PlotNextErase) refers to st7735.o(i.ST7735_DrawFastVLine) for ST7735_DrawFastVLine
    st7735.o(i.ST7735_PlotNextErase) refers to st7735.o(.data) for X
    st7735.o(i.ST7735_PlotPoint) refers to st7735.o(i.ST7735_DrawPixel) for ST7735_DrawPixel
    st7735.o(i.ST7735_PlotPoint) refers to st7735.o(.data) for Ymin
    st7735.o(i.ST7735_PlotPoints) refers to st7735.o(i.ST7735_DrawPixel) for ST7735_DrawPixel
    st7735.o(i.ST7735_PlotPoints) refers to st7735.o(.data) for Ymin
    st7735.o(i.ST7735_PlotdBfs) refers to st7735.o(i.ST7735_DrawFastVLine) for ST7735_DrawFastVLine
    st7735.o(i.ST7735_PlotdBfs) refers to st7735.o(.constdata) for dBfs
    st7735.o(i.ST7735_PlotdBfs) refers to st7735.o(.data) for X
    st7735.o(i.ST7735_SetCursor) refers to st7735.o(.data) for StX
    st7735.o(i.ST7735_SetRotation) refers to st7735.o(i.writecommand) for writecommand
    st7735.o(i.ST7735_SetRotation) refers to st7735.o(i.writedata) for writedata
    st7735.o(i.ST7735_SetRotation) refers to st7735.o(.data) for Rotation
    st7735.o(i.ST7735_SetTextColor) refers to st7735.o(.data) for StTextColor
    st7735.o(i.commandList) refers to st7735.o(i.writecommand) for writecommand
    st7735.o(i.commandList) refers to st7735.o(i.writedata) for writedata
    st7735.o(i.commandList) refers to st7735.o(i.Delay1ms) for Delay1ms
    st7735.o(i.commonInit) refers to st7735.o(i.Delay1ms) for Delay1ms
    st7735.o(i.commonInit) refers to st7735.o(i.commandList) for commandList
    st7735.o(i.commonInit) refers to st7735.o(.data) for RowStart
    st7735.o(i.fillmessage) refers to st7735.o(.bss) for Message
    st7735.o(i.fillmessage) refers to st7735.o(.data) for Messageindex
    st7735.o(i.pushColor) refers to st7735.o(i.writedata) for writedata
    st7735.o(i.setAddrWindow) refers to st7735.o(i.writecommand) for writecommand
    st7735.o(i.setAddrWindow) refers to st7735.o(i.writedata) for writedata
    st7735.o(i.setAddrWindow) refers to st7735.o(.data) for ColStart
    uart.o(i.OutCRLF) refers to uart.o(i.UART_OutChar) for UART_OutChar
    uart.o(i.RxFifo_Get) refers to uart.o(.data) for RxPutI
    uart.o(i.RxFifo_Get) refers to uart.o(.bss) for RxFifo
    uart.o(i.RxFifo_Init) refers to startup.o(.text) for StartCritical
    uart.o(i.RxFifo_Init) refers to uart.o(.data) for RxGetI
    uart.o(i.RxFifo_Put) refers to uart.o(.data) for RxPutI
    uart.o(i.RxFifo_Put) refers to uart.o(.bss) for RxFifo
    uart.o(i.RxFifo_Size) refers to uart.o(.data) for RxPutI
    uart.o(i.TxFifo_Get) refers to uart.o(.data) for TxPutI
    uart.o(i.TxFifo_Get) refers to uart.o(.bss) for TxFifo
    uart.o(i.TxFifo_Init) refers to startup.o(.text) for StartCritical
    uart.o(i.TxFifo_Init) refers to uart.o(.data) for TxGetI
    uart.o(i.TxFifo_Put) refers to uart.o(.data) for TxPutI
    uart.o(i.TxFifo_Put) refers to uart.o(.bss) for TxFifo
    uart.o(i.TxFifo_Size) refers to uart.o(.data) for TxPutI
    uart.o(i.UART0_Handler) refers to uart.o(i.copySoftwareToHardware) for copySoftwareToHardware
    uart.o(i.UART0_Handler) refers to uart.o(i.TxFifo_Size) for TxFifo_Size
    uart.o(i.UART0_Handler) refers to uart.o(i.copyHardwareToSoftware) for copyHardwareToSoftware
    uart.o(i.UART_InChar) refers to uart.o(i.RxFifo_Get) for RxFifo_Get
    uart.o(i.UART_InString) refers to uart.o(i.UART_InChar) for UART_InChar
    uart.o(i.UART_InString) refers to uart.o(i.UART_OutChar) for UART_OutChar
    uart.o(i.UART_InUDec) refers to uart.o(i.UART_InChar) for UART_InChar
    uart.o(i.UART_InUDec) refers to uart.o(i.UART_OutChar) for UART_OutChar
    uart.o(i.UART_InUHex) refers to uart.o(i.UART_InChar) for UART_InChar
    uart.o(i.UART_InUHex) refers to uart.o(i.UART_OutChar) for UART_OutChar
    uart.o(i.UART_Init) refers to uart.o(i.RxFifo_Init) for RxFifo_Init
    uart.o(i.UART_Init) refers to uart.o(i.TxFifo_Init) for TxFifo_Init
    uart.o(i.UART_Init) refers to os.o(i.OS_InitSemaphore) for OS_InitSemaphore
    uart.o(i.UART_Init) refers to uart.o(.data) for semaUART
    uart.o(i.UART_OutChar) refers to os.o(i.OS_Wait) for OS_Wait
    uart.o(i.UART_OutChar) refers to uart.o(i.TxFifo_Put) for TxFifo_Put
    uart.o(i.UART_OutChar) refers to uart.o(i.copySoftwareToHardware) for copySoftwareToHardware
    uart.o(i.UART_OutChar) refers to os.o(i.OS_Signal) for OS_Signal
    uart.o(i.UART_OutChar) refers to uart.o(.data) for semaUART
    uart.o(i.UART_OutString) refers to uart.o(i.UART_OutChar) for UART_OutChar
    uart.o(i.UART_OutUDec) refers to uart.o(i.UART_OutChar) for UART_OutChar
    uart.o(i.UART_OutUHex) refers to uart.o(i.UART_OutChar) for UART_OutChar
    uart.o(i.copyHardwareToSoftware) refers to uart.o(i.RxFifo_Put) for RxFifo_Put
    uart.o(i.copyHardwareToSoftware) refers to uart.o(i.RxFifo_Size) for RxFifo_Size
    uart.o(i.copySoftwareToHardware) refers to uart.o(i.TxFifo_Get) for TxFifo_Get
    uart.o(i.copySoftwareToHardware) refers to uart.o(i.TxFifo_Size) for TxFifo_Size
    osasm.o(.text) refers to os.o(.data) for RunPt
    ping.o(i.FilterUSonicSensor) refers to ping.o(.data) for xUSonicSensor
    ping.o(i.Ping_GetData) refers to os.o(i.OS_Wait) for OS_Wait
    ping.o(i.Ping_GetData) refers to ping.o(i.Cycles2millimeter) for Cycles2millimeter
    ping.o(i.Ping_GetData) refers to ping.o(i.FilterUSonicSensor) for FilterUSonicSensor
    ping.o(i.Ping_GetData) refers to ping.o(.data) for USonicDataRdy
    ping.o(i.Ping_GetData) refers to ping.o(.bss) for Values
    ping.o(i.Ping_Init) refers to os.o(i.OS_InitSemaphore) for OS_InitSemaphore
    ping.o(i.Ping_Init) refers to ping.o(i.Timer0_Init) for Timer0_Init
    ping.o(i.Ping_Init) refers to ping.o(i.Timer1_Init) for Timer1_Init
    ping.o(i.Ping_Init) refers to ping.o(i.Timer3_Init) for Timer3_Init
    ping.o(i.Ping_Init) refers to ping.o(.data) for USonicDataRdy
    ping.o(i.Ping_StartHCSR04) refers to ping.o(i.Timer0_StartHCSR04) for Timer0_StartHCSR04
    ping.o(i.Ping_StartHCSR04) refers to ping.o(i.Timer1_StartHCSR04) for Timer1_StartHCSR04
    ping.o(i.Ping_StartHCSR04) refers to ping.o(i.Timer3_StartHCSR04) for Timer3_StartHCSR04
    ping.o(i.Ping_StartPing) refers to ping.o(i.Timer0_StartPing) for Timer0_StartPing
    ping.o(i.Ping_StartPing) refers to ping.o(i.Timer1_StartPing) for Timer1_StartPing
    ping.o(i.Ping_StartPing) refers to ping.o(i.Timer3_StartPing) for Timer3_StartPing
    ping.o(i.Timer0A_Handler) refers to os.o(i.OS_bSignal) for OS_bSignal
    ping.o(i.Timer0A_Handler) refers to ping.o(.data) for Timer0First
    ping.o(i.Timer0A_Handler) refers to ping.o(.bss) for Values
    ping.o(i.Timer0_Init) refers to ping.o(.data) for Timer0Pulse
    ping.o(i.Timer0_Read) refers to ping.o(.data) for Timer0Done
    ping.o(i.Timer0_StartHCSR04) refers to ping.o(i.DelayWait10us) for DelayWait10us
    ping.o(i.Timer0_StartHCSR04) refers to ping.o(.data) for Timer0Done
    ping.o(i.Timer0_StartPing) refers to ping.o(i.DelayWait5us) for DelayWait5us
    ping.o(i.Timer0_StartPing) refers to ping.o(.data) for Timer0Done
    ping.o(i.Timer1A_Handler) refers to os.o(i.OS_bSignal) for OS_bSignal
    ping.o(i.Timer1A_Handler) refers to ping.o(.data) for Timer1First
    ping.o(i.Timer1A_Handler) refers to ping.o(.bss) for Values
    ping.o(i.Timer1_Init) refers to ping.o(.data) for Timer1Pulse
    ping.o(i.Timer1_Read) refers to ping.o(.data) for Timer1Done
    ping.o(i.Timer1_StartHCSR04) refers to ping.o(i.DelayWait10us) for DelayWait10us
    ping.o(i.Timer1_StartHCSR04) refers to ping.o(.data) for Timer1Done
    ping.o(i.Timer1_StartPing) refers to ping.o(i.DelayWait5us) for DelayWait5us
    ping.o(i.Timer1_StartPing) refers to ping.o(.data) for Timer1Done
    ping.o(i.Timer3A_Handler) refers to os.o(i.OS_bSignal) for OS_bSignal
    ping.o(i.Timer3A_Handler) refers to ping.o(.data) for Timer3First
    ping.o(i.Timer3A_Handler) refers to ping.o(.bss) for Values
    ping.o(i.Timer3_Init) refers to ping.o(.data) for Timer3Pulse
    ping.o(i.Timer3_Read) refers to ping.o(.data) for Timer3Done
    ping.o(i.Timer3_StartHCSR04) refers to ping.o(i.DelayWait10us) for DelayWait10us
    ping.o(i.Timer3_StartHCSR04) refers to ping.o(.data) for Timer3Done
    ping.o(i.Timer3_StartPing) refers to ping.o(i.DelayWait5us) for DelayWait5us
    ping.o(i.Timer3_StartPing) refers to ping.o(.data) for Timer3Done
    startup.o(RESET) refers to startup.o(STACK) for StackMem
    startup.o(RESET) refers to osasm.o(.text) for PendSV_Handler
    startup.o(RESET) refers to os.o(i.SysTick_Handler) for SysTick_Handler
    startup.o(RESET) refers to uart.o(i.UART0_Handler) for UART0_Handler
    startup.o(RESET) refers to ping.o(i.Timer0A_Handler) for Timer0A_Handler
    startup.o(RESET) refers to ping.o(i.Timer1A_Handler) for Timer1A_Handler
    startup.o(RESET) refers to os.o(i.GPIOPortF_Handler) for GPIOPortF_Handler
    startup.o(RESET) refers to ping.o(i.Timer3A_Handler) for Timer3A_Handler
    startup.o(RESET) refers to os.o(i.Timer4A_Handler) for Timer4A_Handler
    startup.o(RESET) refers to entry.o(.ARM.Collect$$$$00000000) for __main
    entry.o(.ARM.Collect$$$$00000000) refers (Special) to entry10a.o(.ARM.Collect$$$$0000000D) for __rt_final_cpp
    entry.o(.ARM.Collect$$$$00000000) refers (Special) to entry11a.o(.ARM.Collect$$$$0000000F) for __rt_final_exit
    entry.o(.ARM.Collect$$$$00000000) refers (Special) to entry7b.o(.ARM.Collect$$$$00000008) for _main_clock
    entry.o(.ARM.Collect$$$$00000000) refers (Special) to entry8b.o(.ARM.Collect$$$$0000000A) for _main_cpp_init
    entry.o(.ARM.Collect$$$$00000000) refers (Special) to entry9a.o(.ARM.Collect$$$$0000000B) for _main_init
    entry.o(.ARM.Collect$$$$00000000) refers (Special) to entry5.o(.ARM.Collect$$$$00000004) for _main_scatterload
    entry.o(.ARM.Collect$$$$00000000) refers (Special) to entry2.o(.ARM.Collect$$$$00000001) for _main_stk
    entry2.o(.ARM.Collect$$$$00000001) refers to entry2.o(.ARM.Collect$$$$00002712) for __lit__00000000
    entry2.o(.ARM.Collect$$$$00002712) refers to startup.o(STACK) for __initial_sp
    entry2.o(__vectab_stack_and_reset_area) refers to startup.o(STACK) for __initial_sp
    entry2.o(__vectab_stack_and_reset_area) refers to entry.o(.ARM.Collect$$$$00000000) for __main
    entry5.o(.ARM.Collect$$$$00000004) refers to init.o(.text) for __scatterload
    entry9a.o(.ARM.Collect$$$$0000000B) refers to main.o(i.main) for main
    entry9b.o(.ARM.Collect$$$$0000000C) refers to main.o(i.main) for main
    init.o(.text) refers to entry5.o(.ARM.Collect$$$$00000004) for __main_after_scatterload


==============================================================================

Removing Unused input sections from the image.

    Removing main.o(i.PortE_Init), (104 bytes).
    Removing main.o(i.USONICSend), (100 bytes).
    Removing main.o(.bss), (12 bytes).
    Removing os.o(i.Jitter), (104 bytes).
    Removing os.o(i.OS_AddPeriodicThread), (96 bytes).
    Removing os.o(i.OS_AddSW1Task), (36 bytes).
    Removing os.o(i.OS_AddSW2Task), (32 bytes).
    Removing os.o(i.OS_AddThreads), (116 bytes).
    Removing os.o(i.OS_ClearMsTime), (12 bytes).
    Removing os.o(i.OS_Fifo_Get), (76 bytes).
    Removing os.o(i.OS_Fifo_Put), (72 bytes).
    Removing os.o(i.OS_Fifo_Size), (12 bytes).
    Removing os.o(i.OS_Id), (12 bytes).
    Removing os.o(i.OS_MailBox_Recv), (28 bytes).
    Removing os.o(i.OS_MailBox_Send), (28 bytes).
    Removing os.o(i.OS_MsTime), (12 bytes).
    Removing os.o(i.OS_bWait), (32 bytes).
    Removing os.o(i.PeriodicThread1_Init), (120 bytes).
    Removing os.o(i.PeriodicThread2_Init), (116 bytes).
    Removing os.o(i.SW1_Init), (236 bytes).
    Removing os.o(i.SW2_Init), (248 bytes).
    Removing st7735.o(i.Output_Clear), (10 bytes).
    Removing st7735.o(i.Output_Color), (12 bytes).
    Removing st7735.o(i.Output_Init), (16 bytes).
    Removing st7735.o(i.Output_Off), (8 bytes).
    Removing st7735.o(i.Output_On), (8 bytes).
    Removing st7735.o(i.ST7735_Color565), (24 bytes).
    Removing st7735.o(i.ST7735_DivideScreen), (18 bytes).
    Removing st7735.o(i.ST7735_DrawBitmap), (288 bytes).
    Removing st7735.o(i.ST7735_DrawChar), (272 bytes).
    Removing st7735.o(i.ST7735_DrawFastVLine), (124 bytes).
    Removing st7735.o(i.ST7735_InitB), (52 bytes).
    Removing st7735.o(i.ST7735_InvertDisplay), (22 bytes).
    Removing st7735.o(i.ST7735_Message), (192 bytes).
    Removing st7735.o(i.ST7735_OutUDec), (140 bytes).
    Removing st7735.o(i.ST7735_PlotBar), (88 bytes).
    Removing st7735.o(i.ST7735_PlotClear), (92 bytes).
    Removing st7735.o(i.ST7735_PlotLine), (264 bytes).
    Removing st7735.o(i.ST7735_PlotNext), (32 bytes).
    Removing st7735.o(i.ST7735_PlotNextErase), (64 bytes).
    Removing st7735.o(i.ST7735_PlotPoint), (152 bytes).
    Removing st7735.o(i.ST7735_PlotPoints), (172 bytes).
    Removing st7735.o(i.ST7735_PlotdBfs), (60 bytes).
    Removing st7735.o(i.ST7735_SetRotation), (212 bytes).
    Removing st7735.o(i.ST7735_SetTextColor), (12 bytes).
    Removing st7735.o(i.ST7735_SwapColor), (18 bytes).
    Removing st7735.o(i.fillmessage), (72 bytes).
    Removing st7735.o(.bss), (12 bytes).
    Removing uart.o(i.UART_InString), (70 bytes).
    Removing uart.o(i.UART_InUDec), (76 bytes).
    Removing uart.o(i.UART_InUHex), (108 bytes).
    Removing uart.o(i.UART_OutUDec), (42 bytes).
    Removing uart.o(i.UART_OutUHex), (52 bytes).
    Removing ping.o(i.Cycles2milliInch), (20 bytes).
    Removing ping.o(i.Cycles2millimeter), (20 bytes).
    Removing ping.o(i.DelayWait10us), (22 bytes).
    Removing ping.o(i.DelayWait5us), (22 bytes).
    Removing ping.o(i.FilterUSonicSensor), (100 bytes).
    Removing ping.o(i.Ping_GetData), (36 bytes).
    Removing ping.o(i.Ping_Init), (28 bytes).
    Removing ping.o(i.Ping_StartHCSR04), (16 bytes).
    Removing ping.o(i.Ping_StartPing), (16 bytes).
    Removing ping.o(i.Timer0_Init), (276 bytes).
    Removing ping.o(i.Timer0_Read), (24 bytes).
    Removing ping.o(i.Timer0_StartHCSR04), (56 bytes).
    Removing ping.o(i.Timer0_StartPing), (144 bytes).
    Removing ping.o(i.Timer1_Init), (276 bytes).
    Removing ping.o(i.Timer1_Read), (24 bytes).
    Removing ping.o(i.Timer1_StartHCSR04), (52 bytes).
    Removing ping.o(i.Timer1_StartPing), (136 bytes).
    Removing ping.o(i.Timer3_Init), (272 bytes).
    Removing ping.o(i.Timer3_Read), (24 bytes).
    Removing ping.o(i.Timer3_StartHCSR04), (48 bytes).
    Removing ping.o(i.Timer3_StartPing), (136 bytes).
    Removing startup.o(HEAP), (0 bytes).

75 unused section(s) (total 6136 bytes) removed from the image.

==============================================================================

Image Symbol Table

    Local Symbols

    Symbol Name                              Value     Ov Type        Size  Object(Section)

    RESET                                    0x00000000   Section      644  startup.o(RESET)
    ../clib/microlib/init/entry.s            0x00000000   Number         0  entry7a.o ABSOLUTE
    ../clib/microlib/init/entry.s            0x00000000   Number         0  entry5.o ABSOLUTE
    ../clib/microlib/init/entry.s            0x00000000   Number         0  entry9a.o ABSOLUTE
    ../clib/microlib/init/entry.s            0x00000000   Number         0  entry8a.o ABSOLUTE
    ../clib/microlib/init/entry.s            0x00000000   Number         0  entry2.o ABSOLUTE
    ../clib/microlib/init/entry.s            0x00000000   Number         0  entry8b.o ABSOLUTE
    ../clib/microlib/init/entry.s            0x00000000   Number         0  entry9b.o ABSOLUTE
    ../clib/microlib/init/entry.s            0x00000000   Number         0  entry.o ABSOLUTE
    ../clib/microlib/init/entry.s            0x00000000   Number         0  entry10a.o ABSOLUTE
    ../clib/microlib/init/entry.s            0x00000000   Number         0  entry10b.o ABSOLUTE
    ../clib/microlib/init/entry.s            0x00000000   Number         0  entry11a.o ABSOLUTE
    ../clib/microlib/init/entry.s            0x00000000   Number         0  entry11b.o ABSOLUTE
    ../clib/microlib/init/entry.s            0x00000000   Number         0  entry7b.o ABSOLUTE
    CMSIS\startup.s                          0x00000000   Number         0  startup.o ABSOLUTE
    Src\Interpreter.c                        0x00000000   Number         0  interpreter.o ABSOLUTE
    Src\OS.c                                 0x00000000   Number         0  os.o ABSOLUTE
    Src\OSasm.s                              0x00000000   Number         0  osasm.o ABSOLUTE
    Src\PLL.c                                0x00000000   Number         0  pll.o ABSOLUTE
    Src\Ping.c                               0x00000000   Number         0  ping.o ABSOLUTE
    Src\ST7735.c                             0x00000000   Number         0  st7735.o ABSOLUTE
    Src\UART.c                               0x00000000   Number         0  uart.o ABSOLUTE
    Src\main.c                               0x00000000   Number         0  main.o ABSOLUTE
    dc.s                                     0x00000000   Number         0  dc.o ABSOLUTE
    handlers.s                               0x00000000   Number         0  handlers.o ABSOLUTE
    init.s                                   0x00000000   Number         0  init.o ABSOLUTE
    .ARM.Collect$$$$00000000                 0x00000284   Section        0  entry.o(.ARM.Collect$$$$00000000)
    .ARM.Collect$$$$00000001                 0x00000284   Section        4  entry2.o(.ARM.Collect$$$$00000001)
    .ARM.Collect$$$$00000004                 0x00000288   Section        4  entry5.o(.ARM.Collect$$$$00000004)
    .ARM.Collect$$$$00000008                 0x0000028c   Section        0  entry7b.o(.ARM.Collect$$$$00000008)
    .ARM.Collect$$$$0000000A                 0x0000028c   Section        0  entry8b.o(.ARM.Collect$$$$0000000A)
    .ARM.Collect$$$$0000000B                 0x0000028c   Section        8  entry9a.o(.ARM.Collect$$$$0000000B)
    .ARM.Collect$$$$0000000D                 0x00000294   Section        0  entry10a.o(.ARM.Collect$$$$0000000D)
    .ARM.Collect$$$$0000000F                 0x00000294   Section        0  entry11a.o(.ARM.Collect$$$$0000000F)
    .ARM.Collect$$$$00002712                 0x00000294   Section        4  entry2.o(.ARM.Collect$$$$00002712)
    __lit__00000000                          0x00000294   Data           4  entry2.o(.ARM.Collect$$$$00002712)
    .text                                    0x00000298   Section       80  osasm.o(.text)
    .text                                    0x000002e8   Section       28  startup.o(.text)
    .text                                    0x00000304   Section       36  init.o(.text)
    i.AddBlockedToSemaphore                  0x00000328   Section        0  os.o(i.AddBlockedToSemaphore)
    i.BlockTCB                               0x0000035c   Section        0  os.o(i.BlockTCB)
    i.Delay1ms                               0x00000398   Section        0  st7735.o(i.Delay1ms)
    i.GPIOPortF_Handler                      0x000003b8   Section        0  os.o(i.GPIOPortF_Handler)
    i.GPIO_PortF_Init                        0x00000480   Section        0  main.o(i.GPIO_PortF_Init)
    i.IO_Init                                0x000004f4   Section        0  os.o(i.IO_Init)
    i.Interpreter                            0x00000560   Section        0  interpreter.o(i.Interpreter)
    i.LinkTCB                                0x0000063c   Section        0  os.o(i.LinkTCB)
    i.OS_AddPriorityThread                   0x00000680   Section        0  os.o(i.OS_AddPriorityThread)
    i.OS_AddThread                           0x000006e4   Section        0  os.o(i.OS_AddThread)
    i.OS_Fifo_Init                           0x00000818   Section        0  os.o(i.OS_Fifo_Init)
    i.OS_Init                                0x00000848   Section        0  os.o(i.OS_Init)
    i.OS_InitSemaphore                       0x00000884   Section        0  os.o(i.OS_InitSemaphore)
    i.OS_Kill                                0x000008a0   Section        0  os.o(i.OS_Kill)
    i.OS_Launch                              0x00000a08   Section        0  os.o(i.OS_Launch)
    i.OS_MailBox_Init                        0x00000a50   Section        0  os.o(i.OS_MailBox_Init)
    i.OS_Scheduler                           0x00000a6c   Section        0  os.o(i.OS_Scheduler)
    i.OS_Signal                              0x00000b08   Section        0  os.o(i.OS_Signal)
    i.OS_Sleep                               0x00000b2c   Section        0  os.o(i.OS_Sleep)
    i.OS_Suspend                             0x00000b68   Section        0  os.o(i.OS_Suspend)
    i.OS_Time                                0x00000b80   Section        0  os.o(i.OS_Time)
    i.OS_TimeDifference                      0x00000b8c   Section        0  os.o(i.OS_TimeDifference)
    i.OS_Wait                                0x00000b9e   Section        0  os.o(i.OS_Wait)
    i.OS_bSignal                             0x00000bc2   Section        0  os.o(i.OS_bSignal)
    i.OutCRLF                                0x00000be6   Section        0  uart.o(i.OutCRLF)
    i.PLL_Init                               0x00000bf8   Section        0  pll.o(i.PLL_Init)
    i.RemoveBlockedFromSemaphore             0x00000c74   Section        0  os.o(i.RemoveBlockedFromSemaphore)
    i.RxFifo_Get                             0x00000c80   Section        0  uart.o(i.RxFifo_Get)
    i.RxFifo_Init                            0x00000cbc   Section        0  uart.o(i.RxFifo_Init)
    i.RxFifo_Put                             0x00000ce0   Section        0  uart.o(i.RxFifo_Put)
    i.RxFifo_Size                            0x00000d1c   Section        0  uart.o(i.RxFifo_Size)
    i.ST7735_DrawCharS                       0x00000d34   Section        0  st7735.o(i.ST7735_DrawCharS)
    i.ST7735_DrawFastHLine                   0x00000e2c   Section        0  st7735.o(i.ST7735_DrawFastHLine)
    i.ST7735_DrawPixel                       0x00000ea8   Section        0  st7735.o(i.ST7735_DrawPixel)
    i.ST7735_DrawString                      0x00000ef0   Section        0  st7735.o(i.ST7735_DrawString)
    i.ST7735_FillRect                        0x00000f48   Section        0  st7735.o(i.ST7735_FillRect)
    i.ST7735_FillScreen                      0x00000ff4   Section        0  st7735.o(i.ST7735_FillScreen)
    i.ST7735_InitR                           0x00001018   Section        0  st7735.o(i.ST7735_InitR)
    i.ST7735_OutChar                         0x000010a0   Section        0  st7735.o(i.ST7735_OutChar)
    i.ST7735_OutString                       0x00001174   Section        0  st7735.o(i.ST7735_OutString)
    i.ST7735_SetCursor                       0x0000118c   Section        0  st7735.o(i.ST7735_SetCursor)
    i.SW1_Debounce                           0x000011ac   Section        0  os.o(i.SW1_Debounce)
    i.SW2_Debounce                           0x000011d8   Section        0  os.o(i.SW2_Debounce)
    i.SetInitialStack                        0x00001204   Section        0  os.o(i.SetInitialStack)
    i.SetThreads                             0x000012f0   Section        0  os.o(i.SetThreads)
    i.SysTick_Handler                        0x0000133c   Section        0  os.o(i.SysTick_Handler)
    i.SysTick_Init                           0x00001350   Section        0  os.o(i.SysTick_Init)
    i.Timer0A_Handler                        0x00001380   Section        0  ping.o(i.Timer0A_Handler)
    i.Timer0A_Init                           0x000013e8   Section        0  os.o(i.Timer0A_Init)
    i.Timer1A_Handler                        0x00001448   Section        0  ping.o(i.Timer1A_Handler)
    i.Timer3A_Handler                        0x000014b0   Section        0  ping.o(i.Timer3A_Handler)
    i.Timer3A_Init                           0x00001518   Section        0  os.o(i.Timer3A_Init)
    i.Timer4A_Handler                        0x0000157c   Section        0  os.o(i.Timer4A_Handler)
    i.TxFifo_Get                             0x00001610   Section        0  uart.o(i.TxFifo_Get)
    i.TxFifo_Init                            0x0000164c   Section        0  uart.o(i.TxFifo_Init)
    i.TxFifo_Put                             0x00001670   Section        0  uart.o(i.TxFifo_Put)
    i.TxFifo_Size                            0x000016ac   Section        0  uart.o(i.TxFifo_Size)
    i.UART0_Handler                          0x000016c4   Section        0  uart.o(i.UART0_Handler)
    i.UART_InChar                            0x0000171c   Section        0  uart.o(i.UART_InChar)
    i.UART_Init                              0x00001730   Section        0  uart.o(i.UART_Init)
    i.UART_OutChar                           0x00001804   Section        0  uart.o(i.UART_OutChar)
    i.UART_OutString                         0x00001848   Section        0  uart.o(i.UART_OutString)
    i.UnBlockTCB                             0x00001860   Section        0  os.o(i.UnBlockTCB)
    i.UnLinkTCB                              0x00001878   Section        0  os.o(i.UnLinkTCB)
    i.WrapInterpreter                        0x000018a8   Section        0  main.o(i.WrapInterpreter)
    i.__scatterload_copy                     0x000018b0   Section       14  handlers.o(i.__scatterload_copy)
    i.__scatterload_null                     0x000018be   Section        2  handlers.o(i.__scatterload_null)
    i.__scatterload_zeroinit                 0x000018c0   Section       14  handlers.o(i.__scatterload_zeroinit)
    i.commandList                            0x000018ce   Section        0  st7735.o(i.commandList)
    commandList                              0x000018cf   Thumb Code    86  st7735.o(i.commandList)
    i.commonInit                             0x00001924   Section        0  st7735.o(i.commonInit)
    commonInit                               0x00001925   Thumb Code   342  st7735.o(i.commonInit)
    i.copyHardwareToSoftware                 0x00001aac   Section        0  uart.o(i.copyHardwareToSoftware)
    copyHardwareToSoftware                   0x00001aad   Thumb Code    36  uart.o(i.copyHardwareToSoftware)
    i.copySoftwareToHardware                 0x00001ad4   Section        0  uart.o(i.copySoftwareToHardware)
    copySoftwareToHardware                   0x00001ad5   Thumb Code    38  uart.o(i.copySoftwareToHardware)
    i.main                                   0x00001b00   Section        0  main.o(i.main)
    i.newLine                                0x00001b44   Section        0  interpreter.o(i.newLine)
    i.pushColor                              0x00001b4c   Section        0  st7735.o(i.pushColor)
    pushColor                                0x00001b4d   Thumb Code    18  st7735.o(i.pushColor)
    i.setAddrWindow                          0x00001b60   Section        0  st7735.o(i.setAddrWindow)
    setAddrWindow                            0x00001b61   Thumb Code   106  st7735.o(i.setAddrWindow)
    i.writecommand                           0x00001bd4   Section        0  st7735.o(i.writecommand)
    writecommand                             0x00001bd5   Thumb Code    40  st7735.o(i.writecommand)
    i.writedata                              0x00001c04   Section        0  st7735.o(i.writedata)
    writedata                                0x00001c05   Thumb Code    26  st7735.o(i.writedata)
    .constdata                               0x00001c28   Section     2018  st7735.o(.constdata)
    Font                                     0x00001c28   Data        1275  st7735.o(.constdata)
    Bcmd                                     0x00002123   Data         103  st7735.o(.constdata)
    Rcmd1                                    0x0000218a   Data          59  st7735.o(.constdata)
    Rcmd2green                               0x000021c5   Data          13  st7735.o(.constdata)
    Rcmd2red                                 0x000021d2   Data          13  st7735.o(.constdata)
    Rcmd3                                    0x000021df   Data          43  st7735.o(.constdata)
    .conststring                             0x0000240c   Section       22  main.o(.conststring)
    .data                                    0x20000000   Section       32  main.o(.data)
    .data                                    0x20000020   Section      117  os.o(.data)
    NumOfThreads                             0x20000020   Data           1  os.o(.data)
    endTime                                  0x20000090   Data           4  os.o(.data)
    NumberOfPeriodicTasks                    0x20000094   Data           1  os.o(.data)
    .data                                    0x20000098   Section       52  st7735.o(.data)
    ColStart                                 0x200000ac   Data           1  st7735.o(.data)
    RowStart                                 0x200000ad   Data           1  st7735.o(.data)
    Rotation                                 0x200000ae   Data           1  st7735.o(.data)
    TabColor                                 0x200000af   Data           1  st7735.o(.data)
    _width                                   0x200000b0   Data           2  st7735.o(.data)
    _height                                  0x200000b2   Data           2  st7735.o(.data)
    .data                                    0x200000cc   Section       24  uart.o(.data)
    .data                                    0x200000e4   Section       52  ping.o(.data)
    xUSonicSensor                            0x20000110   Data           8  ping.o(.data)
    .bss                                     0x20000118   Section    23652  os.o(.bss)
    tcbs                                     0x20001518   Data         400  os.o(.bss)
    .bss                                     0x20005d7c   Section       32  uart.o(.bss)
    RxFifo                                   0x20005d7c   Data          16  uart.o(.bss)
    TxFifo                                   0x20005d8c   Data          16  uart.o(.bss)
    .bss                                     0x20005d9c   Section       12  ping.o(.bss)
    Values                                   0x20005d9c   Data          12  ping.o(.bss)
    STACK                                    0x20005da8   Section     1024  startup.o(STACK)
    StackMem                                 0x20005da8   Data           0  startup.o(STACK)

    Global Symbols

    Symbol Name                              Value     Ov Type        Size  Object(Section)

    BuildAttributes$$THM_ISAv4$E$P$D$K$B$S$7EM$PE$A:L22UL41UL21$X:L11$S22US41US21$IEEE1$IW$USESV6$~STKCKD$USESV7$~SHL$OSPACE$EBA8$MICROLIB$REQ8$PRES8$EABIv2 0x00000000   Number         0  anon$$obj.o ABSOLUTE
    __ARM_use_no_argv                        0x00000000   Number         0  main.o ABSOLUTE
    __Vectors                                0x00000000   Data           0  startup.o(RESET)
    __cpp_initialize__aeabi_                  - Undefined Weak Reference
    __cxa_finalize                            - Undefined Weak Reference
    __decompress                              - Undefined Weak Reference
    _clock_init                               - Undefined Weak Reference
    _microlib_exit                            - Undefined Weak Reference
    Reset_Handler                            0x0000026d   Thumb Code     0  startup.o(RESET)
    NMI_Handler                              0x00000271   Thumb Code     2  startup.o(RESET)
    HardFault_Handler                        0x00000273   Thumb Code     2  startup.o(RESET)
    MemManage_Handler                        0x00000275   Thumb Code     2  startup.o(RESET)
    BusFault_Handler                         0x00000277   Thumb Code     2  startup.o(RESET)
    UsageFault_Handler                       0x00000279   Thumb Code     2  startup.o(RESET)
    SVC_Handler                              0x0000027b   Thumb Code     2  startup.o(RESET)
    DebugMon_Handler                         0x0000027d   Thumb Code     2  startup.o(RESET)
    ADC0Seq0_Handler                         0x00000283   Thumb Code     0  startup.o(RESET)
    ADC0Seq1_Handler                         0x00000283   Thumb Code     0  startup.o(RESET)
    ADC0Seq2_Handler                         0x00000283   Thumb Code     0  startup.o(RESET)
    ADC0Seq3_Handler                         0x00000283   Thumb Code     0  startup.o(RESET)
    ADC1Seq0_Handler                         0x00000283   Thumb Code     0  startup.o(RESET)
    ADC1Seq1_Handler                         0x00000283   Thumb Code     0  startup.o(RESET)
    ADC1Seq2_Handler                         0x00000283   Thumb Code     0  startup.o(RESET)
    ADC1Seq3_Handler                         0x00000283   Thumb Code     0  startup.o(RESET)
    CAN0_Handler                             0x00000283   Thumb Code     0  startup.o(RESET)
    CAN1_Handler                             0x00000283   Thumb Code     0  startup.o(RESET)
    CAN2_Handler                             0x00000283   Thumb Code     0  startup.o(RESET)
    Comp0_Handler                            0x00000283   Thumb Code     0  startup.o(RESET)
    Comp1_Handler                            0x00000283   Thumb Code     0  startup.o(RESET)
    Comp2_Handler                            0x00000283   Thumb Code     0  startup.o(RESET)
    Ethernet_Handler                         0x00000283   Thumb Code     0  startup.o(RESET)
    ExtBus_Handler                           0x00000283   Thumb Code     0  startup.o(RESET)
    FPU_Handler                              0x00000283   Thumb Code     0  startup.o(RESET)
    Fan0_Handler                             0x00000283   Thumb Code     0  startup.o(RESET)
    FlashCtl_Handler                         0x00000283   Thumb Code     0  startup.o(RESET)
    GPIOPortA_Handler                        0x00000283   Thumb Code     0  startup.o(RESET)
    GPIOPortB_Handler                        0x00000283   Thumb Code     0  startup.o(RESET)
    GPIOPortC_Handler                        0x00000283   Thumb Code     0  startup.o(RESET)
    GPIOPortD_Handler                        0x00000283   Thumb Code     0  startup.o(RESET)
    GPIOPortE_Handler                        0x00000283   Thumb Code     0  startup.o(RESET)
    GPIOPortG_Handler                        0x00000283   Thumb Code     0  startup.o(RESET)
    GPIOPortH_Handler                        0x00000283   Thumb Code     0  startup.o(RESET)
    GPIOPortJ_Handler                        0x00000283   Thumb Code     0  startup.o(RESET)
    GPIOPortK_Handler                        0x00000283   Thumb Code     0  startup.o(RESET)
    GPIOPortL_Handler                        0x00000283   Thumb Code     0  startup.o(RESET)
    GPIOPortM_Handler                        0x00000283   Thumb Code     0  startup.o(RESET)
    GPIOPortN_Handler                        0x00000283   Thumb Code     0  startup.o(RESET)
    GPIOPortP1_Handler                       0x00000283   Thumb Code     0  startup.o(RESET)
    GPIOPortP2_Handler                       0x00000283   Thumb Code     0  startup.o(RESET)
    GPIOPortP3_Handler                       0x00000283   Thumb Code     0  startup.o(RESET)
    GPIOPortP4_Handler                       0x00000283   Thumb Code     0  startup.o(RESET)
    GPIOPortP5_Handler                       0x00000283   Thumb Code     0  startup.o(RESET)
    GPIOPortP6_Handler                       0x00000283   Thumb Code     0  startup.o(RESET)
    GPIOPortP7_Handler                       0x00000283   Thumb Code     0  startup.o(RESET)
    GPIOPortP_Handler                        0x00000283   Thumb Code     0  startup.o(RESET)
    GPIOPortQ1_Handler                       0x00000283   Thumb Code     0  startup.o(RESET)
    GPIOPortQ2_Handler                       0x00000283   Thumb Code     0  startup.o(RESET)
    GPIOPortQ3_Handler                       0x00000283   Thumb Code     0  startup.o(RESET)
    GPIOPortQ4_Handler                       0x00000283   Thumb Code     0  startup.o(RESET)
    GPIOPortQ5_Handler                       0x00000283   Thumb Code     0  startup.o(RESET)
    GPIOPortQ6_Handler                       0x00000283   Thumb Code     0  startup.o(RESET)
    GPIOPortQ7_Handler                       0x00000283   Thumb Code     0  startup.o(RESET)
    GPIOPortQ_Handler                        0x00000283   Thumb Code     0  startup.o(RESET)
    GPIOPortR_Handler                        0x00000283   Thumb Code     0  startup.o(RESET)
    GPIOPortS_Handler                        0x00000283   Thumb Code     0  startup.o(RESET)
    Hibernate_Handler                        0x00000283   Thumb Code     0  startup.o(RESET)
    I2C0_Handler                             0x00000283   Thumb Code     0  startup.o(RESET)
    I2C1_Handler                             0x00000283   Thumb Code     0  startup.o(RESET)
    I2C2_Handler                             0x00000283   Thumb Code     0  startup.o(RESET)
    I2C3_Handler                             0x00000283   Thumb Code     0  startup.o(RESET)
    I2C4_Handler                             0x00000283   Thumb Code     0  startup.o(RESET)
    I2C5_Handler                             0x00000283   Thumb Code     0  startup.o(RESET)
    I2S0_Handler                             0x00000283   Thumb Code     0  startup.o(RESET)
    LPC0_Handler                             0x00000283   Thumb Code     0  startup.o(RESET)
    PECI0_Handler                            0x00000283   Thumb Code     0  startup.o(RESET)
    PWM0Fault_Handler                        0x00000283   Thumb Code     0  startup.o(RESET)
    PWM0Generator0_Handler                   0x00000283   Thumb Code     0  startup.o(RESET)
    PWM0Generator1_Handler                   0x00000283   Thumb Code     0  startup.o(RESET)
    PWM0Generator2_Handler                   0x00000283   Thumb Code     0  startup.o(RESET)
    PWM0Generator3_Handler                   0x00000283   Thumb Code     0  startup.o(RESET)
    PWM1Fault_Handler                        0x00000283   Thumb Code     0  startup.o(RESET)
    PWM1Generator0_Handler                   0x00000283   Thumb Code     0  startup.o(RESET)
    PWM1Generator1_Handler                   0x00000283   Thumb Code     0  startup.o(RESET)
    PWM1Generator2_Handler                   0x00000283   Thumb Code     0  startup.o(RESET)
    PWM1Generator3_Handler                   0x00000283   Thumb Code     0  startup.o(RESET)
    Quadrature0_Handler                      0x00000283   Thumb Code     0  startup.o(RESET)
    Quadrature1_Handler                      0x00000283   Thumb Code     0  startup.o(RESET)
    Quadrature2_Handler                      0x00000283   Thumb Code     0  startup.o(RESET)
    SSI0_Handler                             0x00000283   Thumb Code     0  startup.o(RESET)
    SSI1_Handler                             0x00000283   Thumb Code     0  startup.o(RESET)
    SSI2_Handler                             0x00000283   Thumb Code     0  startup.o(RESET)
    SSI3_Handler                             0x00000283   Thumb Code     0  startup.o(RESET)
    SysCtl_Handler                           0x00000283   Thumb Code     0  startup.o(RESET)
    Timer0B_Handler                          0x00000283   Thumb Code     0  startup.o(RESET)
    Timer1B_Handler                          0x00000283   Thumb Code     0  startup.o(RESET)
    Timer2A_Handler                          0x00000283   Thumb Code     0  startup.o(RESET)
    Timer2B_Handler                          0x00000283   Thumb Code     0  startup.o(RESET)
    Timer3B_Handler                          0x00000283   Thumb Code     0  startup.o(RESET)
    Timer4B_Handler                          0x00000283   Thumb Code     0  startup.o(RESET)
    Timer5A_Handler                          0x00000283   Thumb Code     0  startup.o(RESET)
    Timer5B_Handler                          0x00000283   Thumb Code     0  startup.o(RESET)
    UART1_Handler                            0x00000283   Thumb Code     0  startup.o(RESET)
    UART2_Handler                            0x00000283   Thumb Code     0  startup.o(RESET)
    UART3_Handler                            0x00000283   Thumb Code     0  startup.o(RESET)
    UART4_Handler                            0x00000283   Thumb Code     0  startup.o(RESET)
    UART5_Handler                            0x00000283   Thumb Code     0  startup.o(RESET)
    UART6_Handler                            0x00000283   Thumb Code     0  startup.o(RESET)
    UART7_Handler                            0x00000283   Thumb Code     0  startup.o(RESET)
    USB0_Handler                             0x00000283   Thumb Code     0  startup.o(RESET)
    WDT_Handler                              0x00000283   Thumb Code     0  startup.o(RESET)
    WideTimer0A_Handler                      0x00000283   Thumb Code     0  startup.o(RESET)
    WideTimer0B_Handler                      0x00000283   Thumb Code     0  startup.o(RESET)
    WideTimer1A_Handler                      0x00000283   Thumb Code     0  startup.o(RESET)
    WideTimer1B_Handler                      0x00000283   Thumb Code     0  startup.o(RESET)
    WideTimer2A_Handler                      0x00000283   Thumb Code     0  startup.o(RESET)
    WideTimer2B_Handler                      0x00000283   Thumb Code     0  startup.o(RESET)
    WideTimer3A_Handler                      0x00000283   Thumb Code     0  startup.o(RESET)
    WideTimer3B_Handler                      0x00000283   Thumb Code     0  startup.o(RESET)
    WideTimer4A_Handler                      0x00000283   Thumb Code     0  startup.o(RESET)
    WideTimer4B_Handler                      0x00000283   Thumb Code     0  startup.o(RESET)
    WideTimer5A_Handler                      0x00000283   Thumb Code     0  startup.o(RESET)
    WideTimer5B_Handler                      0x00000283   Thumb Code     0  startup.o(RESET)
    uDMA_Error                               0x00000283   Thumb Code     0  startup.o(RESET)
    uDMA_Handler                             0x00000283   Thumb Code     0  startup.o(RESET)
    __main                                   0x00000285   Thumb Code     0  entry.o(.ARM.Collect$$$$00000000)
    _main_stk                                0x00000285   Thumb Code     0  entry2.o(.ARM.Collect$$$$00000001)
    _main_scatterload                        0x00000289   Thumb Code     0  entry5.o(.ARM.Collect$$$$00000004)
    __main_after_scatterload                 0x0000028d   Thumb Code     0  entry5.o(.ARM.Collect$$$$00000004)
    _main_clock                              0x0000028d   Thumb Code     0  entry7b.o(.ARM.Collect$$$$00000008)
    _main_cpp_init                           0x0000028d   Thumb Code     0  entry8b.o(.ARM.Collect$$$$0000000A)
    _main_init                               0x0000028d   Thumb Code     0  entry9a.o(.ARM.Collect$$$$0000000B)
    __rt_final_cpp                           0x00000295   Thumb Code     0  entry10a.o(.ARM.Collect$$$$0000000D)
    __rt_final_exit                          0x00000295   Thumb Code     0  entry11a.o(.ARM.Collect$$$$0000000F)
    OS_DisableInterrupts                     0x00000299   Thumb Code     0  osasm.o(.text)
    OS_EnableInterrupts                      0x0000029d   Thumb Code     0  osasm.o(.text)
    PendSV_Handler                           0x000002a1   Thumb Code     0  osasm.o(.text)
    StartOS                                  0x000002c1   Thumb Code     0  osasm.o(.text)
    DisableInterrupts                        0x000002e9   Thumb Code     0  startup.o(.text)
    EnableInterrupts                         0x000002ed   Thumb Code     0  startup.o(.text)
    StartCritical                            0x000002f1   Thumb Code     0  startup.o(.text)
    EndCritical                              0x000002f9   Thumb Code     0  startup.o(.text)
    WaitForInterrupt                         0x000002ff   Thumb Code     0  startup.o(.text)
    __scatterload                            0x00000305   Thumb Code    28  init.o(.text)
    __scatterload_rt2                        0x00000305   Thumb Code     0  init.o(.text)
    AddBlockedToSemaphore                    0x00000329   Thumb Code    46  os.o(i.AddBlockedToSemaphore)
    BlockTCB                                 0x0000035d   Thumb Code    52  os.o(i.BlockTCB)
    Delay1ms                                 0x00000399   Thumb Code    32  st7735.o(i.Delay1ms)
    GPIOPortF_Handler                        0x000003b9   Thumb Code   164  os.o(i.GPIOPortF_Handler)
    GPIO_PortF_Init                          0x00000481   Thumb Code    94  main.o(i.GPIO_PortF_Init)
    IO_Init                                  0x000004f5   Thumb Code    78  os.o(i.IO_Init)
    Interpreter                              0x00000561   Thumb Code   138  interpreter.o(i.Interpreter)
    LinkTCB                                  0x0000063d   Thumb Code    54  os.o(i.LinkTCB)
    OS_AddPriorityThread                     0x00000681   Thumb Code    82  os.o(i.OS_AddPriorityThread)
    OS_AddThread                             0x000006e5   Thumb Code   290  os.o(i.OS_AddThread)
    OS_Fifo_Init                             0x00000819   Thumb Code    36  os.o(i.OS_Fifo_Init)
    OS_Init                                  0x00000849   Thumb Code    42  os.o(i.OS_Init)
    OS_InitSemaphore                         0x00000885   Thumb Code    26  os.o(i.OS_InitSemaphore)
    OS_Kill                                  0x000008a1   Thumb Code   330  os.o(i.OS_Kill)
    OS_Launch                                0x00000a09   Thumb Code    58  os.o(i.OS_Launch)
    OS_MailBox_Init                          0x00000a51   Thumb Code    22  os.o(i.OS_MailBox_Init)
    OS_Scheduler                             0x00000a6d   Thumb Code   138  os.o(i.OS_Scheduler)
    OS_Signal                                0x00000b09   Thumb Code    36  os.o(i.OS_Signal)
    OS_Sleep                                 0x00000b2d   Thumb Code    50  os.o(i.OS_Sleep)
    OS_Suspend                               0x00000b69   Thumb Code    18  os.o(i.OS_Suspend)
    OS_Time                                  0x00000b81   Thumb Code     6  os.o(i.OS_Time)
    OS_TimeDifference                        0x00000b8d   Thumb Code    18  os.o(i.OS_TimeDifference)
    OS_Wait                                  0x00000b9f   Thumb Code    36  os.o(i.OS_Wait)
    OS_bSignal                               0x00000bc3   Thumb Code    36  os.o(i.OS_bSignal)
    OutCRLF                                  0x00000be7   Thumb Code    16  uart.o(i.OutCRLF)
    PLL_Init                                 0x00000bf9   Thumb Code   120  pll.o(i.PLL_Init)
    RemoveBlockedFromSemaphore               0x00000c75   Thumb Code    10  os.o(i.RemoveBlockedFromSemaphore)
    RxFifo_Get                               0x00000c81   Thumb Code    46  uart.o(i.RxFifo_Get)
    RxFifo_Init                              0x00000cbd   Thumb Code    26  uart.o(i.RxFifo_Init)
    RxFifo_Put                               0x00000ce1   Thumb Code    48  uart.o(i.RxFifo_Put)
    RxFifo_Size                              0x00000d1d   Thumb Code    14  uart.o(i.RxFifo_Size)
    ST7735_DrawCharS                         0x00000d35   Thumb Code   236  st7735.o(i.ST7735_DrawCharS)
    ST7735_DrawFastHLine                     0x00000e2d   Thumb Code   116  st7735.o(i.ST7735_DrawFastHLine)
    ST7735_DrawPixel                         0x00000ea9   Thumb Code    64  st7735.o(i.ST7735_DrawPixel)
    ST7735_DrawString                        0x00000ef1   Thumb Code    86  st7735.o(i.ST7735_DrawString)
    ST7735_FillRect                          0x00000f49   Thumb Code   164  st7735.o(i.ST7735_FillRect)
    ST7735_FillScreen                        0x00000ff5   Thumb Code    28  st7735.o(i.ST7735_FillScreen)
    ST7735_InitR                             0x00001019   Thumb Code    98  st7735.o(i.ST7735_InitR)
    ST7735_OutChar                           0x000010a1   Thumb Code   176  st7735.o(i.ST7735_OutChar)
    ST7735_OutString                         0x00001175   Thumb Code    24  st7735.o(i.ST7735_OutString)
    ST7735_SetCursor                         0x0000118d   Thumb Code    22  st7735.o(i.ST7735_SetCursor)
    SW1_Debounce                             0x000011ad   Thumb Code    36  os.o(i.SW1_Debounce)
    SW2_Debounce                             0x000011d9   Thumb Code    36  os.o(i.SW2_Debounce)
    SetInitialStack                          0x00001205   Thumb Code   228  os.o(i.SetInitialStack)
    SetThreads                               0x000012f1   Thumb Code    68  os.o(i.SetThreads)
    SysTick_Handler                          0x0000133d   Thumb Code    16  os.o(i.SysTick_Handler)
    SysTick_Init                             0x00001351   Thumb Code    42  os.o(i.SysTick_Init)
    Timer0A_Handler                          0x00001381   Thumb Code    70  ping.o(i.Timer0A_Handler)
    Timer0A_Init                             0x000013e9   Thumb Code    80  os.o(i.Timer0A_Init)
    Timer1A_Handler                          0x00001449   Thumb Code    70  ping.o(i.Timer1A_Handler)
    Timer3A_Handler                          0x000014b1   Thumb Code    70  ping.o(i.Timer3A_Handler)
    Timer3A_Init                             0x00001519   Thumb Code    84  os.o(i.Timer3A_Init)
    Timer4A_Handler                          0x0000157d   Thumb Code   120  os.o(i.Timer4A_Handler)
    TxFifo_Get                               0x00001611   Thumb Code    46  uart.o(i.TxFifo_Get)
    TxFifo_Init                              0x0000164d   Thumb Code    26  uart.o(i.TxFifo_Init)
    TxFifo_Put                               0x00001671   Thumb Code    48  uart.o(i.TxFifo_Put)
    TxFifo_Size                              0x000016ad   Thumb Code    14  uart.o(i.TxFifo_Size)
    UART0_Handler                            0x000016c5   Thumb Code    82  uart.o(i.UART0_Handler)
    UART_InChar                              0x0000171d   Thumb Code    20  uart.o(i.UART_InChar)
    UART_Init                                0x00001731   Thumb Code   182  uart.o(i.UART_Init)
    UART_OutChar                             0x00001805   Thumb Code    58  uart.o(i.UART_OutChar)
    UART_OutString                           0x00001849   Thumb Code    24  uart.o(i.UART_OutString)
    UnBlockTCB                               0x00001861   Thumb Code    24  os.o(i.UnBlockTCB)
    UnLinkTCB                                0x00001879   Thumb Code    40  os.o(i.UnLinkTCB)
    WrapInterpreter                          0x000018a9   Thumb Code     8  main.o(i.WrapInterpreter)
    __scatterload_copy                       0x000018b1   Thumb Code    14  handlers.o(i.__scatterload_copy)
    __scatterload_null                       0x000018bf   Thumb Code     2  handlers.o(i.__scatterload_null)
    __scatterload_zeroinit                   0x000018c1   Thumb Code    14  handlers.o(i.__scatterload_zeroinit)
    main                                     0x00001b01   Thumb Code    56  main.o(i.main)
    newLine                                  0x00001b45   Thumb Code     8  interpreter.o(i.newLine)
    dBfs                                     0x0000220a   Data         512  st7735.o(.constdata)
    Region$$Table$$Base                      0x00002424   Number         0  anon$$obj.o(Region$$Table)
    Region$$Table$$Limit                     0x00002444   Number         0  anon$$obj.o(Region$$Table)
    XmtData                                  0x20000000   Data           4  main.o(.data)
    RcvData                                  0x20000004   Data           4  main.o(.data)
    RcvCount                                 0x20000008   Data           4  main.o(.data)
    sequenceNum                              0x2000000c   Data           1  main.o(.data)
    NumCreated                               0x20000010   Data           4  main.o(.data)
    USONICStrings                            0x20000014   Data          12  main.o(.data)
    OS_SystemTime                            0x20000024   Data           4  os.o(.data)
    OS_SystemTimeMS                          0x20000028   Data           4  os.o(.data)
    RunPt                                    0x2000002c   Data           4  os.o(.data)
    NextRunPt                                0x20000030   Data           4  os.o(.data)
    MaxJitter1                               0x20000034   Data           4  os.o(.data)
    MaxJitter2                               0x20000038   Data           4  os.o(.data)
    JitterMax_Periodic1                      0x2000003c   Data           4  os.o(.data)
    JitterMax_Periodic2                      0x20000040   Data           4  os.o(.data)
    DataDump1                                0x20000044   Data           4  os.o(.data)
    DataDump2                                0x20000048   Data           4  os.o(.data)
    Periodic_Thread1                         0x2000004c   Data           4  os.o(.data)
    Period1                                  0x20000050   Data           4  os.o(.data)
    Period1Counter                           0x20000054   Data           4  os.o(.data)
    Periodic_Thread2                         0x20000058   Data           4  os.o(.data)
    Period2                                  0x2000005c   Data           4  os.o(.data)
    Period2Counter                           0x20000060   Data           4  os.o(.data)
    Sw1Pri                                   0x20000064   Data           4  os.o(.data)
    SW1_Task                                 0x20000068   Data           4  os.o(.data)
    SW1_Priority                             0x2000006c   Data           4  os.o(.data)
    LastSW1                                  0x20000070   Data           4  os.o(.data)
    SW2_Task                                 0x20000074   Data           4  os.o(.data)
    SW2_Priority                             0x20000078   Data           4  os.o(.data)
    LastSW2                                  0x2000007c   Data           4  os.o(.data)
    FiFo_Size_Unused                         0x20000080   Data           4  os.o(.data)
    Get_Idx                                  0x20000084   Data           2  os.o(.data)
    Put_Idx                                  0x20000086   Data           2  os.o(.data)
    SemaFIFO                                 0x20000088   Data           8  os.o(.data)
    StX                                      0x20000098   Data           4  st7735.o(.data)
    StY                                      0x2000009c   Data           4  st7735.o(.data)
    StTextColor                              0x200000a0   Data           2  st7735.o(.data)
    SemaDisplay                              0x200000a4   Data           8  st7735.o(.data)
    Messageindex                             0x200000b4   Data           4  st7735.o(.data)
    Ymax                                     0x200000b8   Data           4  st7735.o(.data)
    Ymin                                     0x200000bc   Data           4  st7735.o(.data)
    X                                        0x200000c0   Data           4  st7735.o(.data)
    Yrange                                   0x200000c4   Data           4  st7735.o(.data)
    lastj                                    0x200000c8   Data           4  st7735.o(.data)
    RxPutI                                   0x200000cc   Data           4  uart.o(.data)
    RxGetI                                   0x200000d0   Data           4  uart.o(.data)
    TxPutI                                   0x200000d4   Data           4  uart.o(.data)
    TxGetI                                   0x200000d8   Data           4  uart.o(.data)
    semaUART                                 0x200000dc   Data           8  uart.o(.data)
    Timer3First                              0x200000e4   Data           4  ping.o(.data)
    Timer3Done                               0x200000e8   Data           4  ping.o(.data)
    Timer3Pulse                              0x200000ec   Data           4  ping.o(.data)
    Timer1First                              0x200000f0   Data           4  ping.o(.data)
    Timer1Done                               0x200000f4   Data           4  ping.o(.data)
    Timer1Pulse                              0x200000f8   Data           4  ping.o(.data)
    Timer0First                              0x200000fc   Data           4  ping.o(.data)
    Timer0Done                               0x20000100   Data           4  ping.o(.data)
    Timer0Pulse                              0x20000104   Data           4  ping.o(.data)
    USonicDataRdy                            0x20000108   Data           8  ping.o(.data)
    Stacks                                   0x20000118   Data        5120  os.o(.bss)
    JitterHistogram1                         0x200016a8   Data         400  os.o(.bss)
    JitterHistogram2                         0x20001838   Data         400  os.o(.bss)
    Dump1                                    0x200019c8   Data         400  os.o(.bss)
    Dump2                                    0x20001b58   Data         400  os.o(.bss)
    PriorityTotal                            0x20001ce8   Data          32  os.o(.bss)
    PriorityAvailable                        0x20001d08   Data          32  os.o(.bss)
    PriorityPtr                              0x20001d28   Data          32  os.o(.bss)
    PriorityLastPtr                          0x20001d48   Data          32  os.o(.bss)
    OS_FiFo                                  0x20001d68   Data       16384  os.o(.bss)
    MailBox                                  0x20005d68   Data          20  os.o(.bss)
    __initial_sp                             0x200061a8   Data           0  startup.o(STACK)



==============================================================================

Memory Map of the image

  Image Entry point : 0x0000026d

  Load Region LR_1 (Base: 0x00000000, Size: 0x0000255c, Max: 0xffffffff, ABSOLUTE)

    Execution Region ER_RO (Exec base: 0x00000000, Load base: 0x00000000, Size: 0x00002444, Max: 0xffffffff, ABSOLUTE)

    Exec Addr    Load Addr    Size         Type   Attr      Idx    E Section Name        Object

    0x00000000   0x00000000   0x00000284   Code   RO          996  * RESET               startup.o
    0x00000284   0x00000284   0x00000000   Code   RO         1003  * .ARM.Collect$$$$00000000  mc_w.l(entry.o)
    0x00000284   0x00000284   0x00000004   Code   RO         1006    .ARM.Collect$$$$00000001  mc_w.l(entry2.o)
    0x00000288   0x00000288   0x00000004   Code   RO         1009    .ARM.Collect$$$$00000004  mc_w.l(entry5.o)
    0x0000028c   0x0000028c   0x00000000   Code   RO         1011    .ARM.Collect$$$$00000008  mc_w.l(entry7b.o)
    0x0000028c   0x0000028c   0x00000000   Code   RO         1013    .ARM.Collect$$$$0000000A  mc_w.l(entry8b.o)
    0x0000028c   0x0000028c   0x00000008   Code   RO         1014    .ARM.Collect$$$$0000000B  mc_w.l(entry9a.o)
    0x00000294   0x00000294   0x00000000   Code   RO         1016    .ARM.Collect$$$$0000000D  mc_w.l(entry10a.o)
    0x00000294   0x00000294   0x00000000   Code   RO         1018    .ARM.Collect$$$$0000000F  mc_w.l(entry11a.o)
    0x00000294   0x00000294   0x00000004   Code   RO         1007    .ARM.Collect$$$$00002712  mc_w.l(entry2.o)
    0x00000298   0x00000298   0x00000050   Code   RO          833    .text               osasm.o
    0x000002e8   0x000002e8   0x0000001c   Code   RO          997    .text               startup.o
    0x00000304   0x00000304   0x00000024   Code   RO         1020    .text               mc_w.l(init.o)
    0x00000328   0x00000328   0x00000034   Code   RO           96    i.AddBlockedToSemaphore  os.o
    0x0000035c   0x0000035c   0x0000003c   Code   RO           97    i.BlockTCB          os.o
    0x00000398   0x00000398   0x00000020   Code   RO          433    i.Delay1ms          st7735.o
    0x000003b8   0x000003b8   0x000000c8   Code   RO           98    i.GPIOPortF_Handler  os.o
    0x00000480   0x00000480   0x00000074   Code   RO            1    i.GPIO_PortF_Init   main.o
    0x000004f4   0x000004f4   0x0000006c   Code   RO           99    i.IO_Init           os.o
    0x00000560   0x00000560   0x000000dc   Code   RO           75    i.Interpreter       interpreter.o
    0x0000063c   0x0000063c   0x00000044   Code   RO          101    i.LinkTCB           os.o
    0x00000680   0x00000680   0x00000064   Code   RO          103    i.OS_AddPriorityThread  os.o
    0x000006e4   0x000006e4   0x00000134   Code   RO          106    i.OS_AddThread      os.o
    0x00000818   0x00000818   0x00000030   Code   RO          110    i.OS_Fifo_Init      os.o
    0x00000848   0x00000848   0x0000003c   Code   RO          114    i.OS_Init           os.o
    0x00000884   0x00000884   0x0000001a   Code   RO          115    i.OS_InitSemaphore  os.o
    0x0000089e   0x0000089e   0x00000002   PAD
    0x000008a0   0x000008a0   0x00000168   Code   RO          116    i.OS_Kill           os.o
    0x00000a08   0x00000a08   0x00000048   Code   RO          117    i.OS_Launch         os.o
    0x00000a50   0x00000a50   0x0000001c   Code   RO          118    i.OS_MailBox_Init   os.o
    0x00000a6c   0x00000a6c   0x0000009c   Code   RO          122    i.OS_Scheduler      os.o
    0x00000b08   0x00000b08   0x00000024   Code   RO          123    i.OS_Signal         os.o
    0x00000b2c   0x00000b2c   0x0000003c   Code   RO          124    i.OS_Sleep          os.o
    0x00000b68   0x00000b68   0x00000018   Code   RO          125    i.OS_Suspend        os.o
    0x00000b80   0x00000b80   0x0000000c   Code   RO          126    i.OS_Time           os.o
    0x00000b8c   0x00000b8c   0x00000012   Code   RO          127    i.OS_TimeDifference  os.o
    0x00000b9e   0x00000b9e   0x00000024   Code   RO          128    i.OS_Wait           os.o
    0x00000bc2   0x00000bc2   0x00000024   Code   RO          129    i.OS_bSignal        os.o
    0x00000be6   0x00000be6   0x00000010   Code   RO          696    i.OutCRLF           uart.o
    0x00000bf6   0x00000bf6   0x00000002   PAD
    0x00000bf8   0x00000bf8   0x0000007c   Code   RO          418    i.PLL_Init          pll.o
    0x00000c74   0x00000c74   0x0000000a   Code   RO          133    i.RemoveBlockedFromSemaphore  os.o
    0x00000c7e   0x00000c7e   0x00000002   PAD
    0x00000c80   0x00000c80   0x0000003c   Code   RO          697    i.RxFifo_Get        uart.o
    0x00000cbc   0x00000cbc   0x00000024   Code   RO          698    i.RxFifo_Init       uart.o
    0x00000ce0   0x00000ce0   0x0000003c   Code   RO          699    i.RxFifo_Put        uart.o
    0x00000d1c   0x00000d1c   0x00000018   Code   RO          700    i.RxFifo_Size       uart.o
    0x00000d34   0x00000d34   0x000000f8   Code   RO          443    i.ST7735_DrawCharS  st7735.o
    0x00000e2c   0x00000e2c   0x0000007c   Code   RO          444    i.ST7735_DrawFastHLine  st7735.o
    0x00000ea8   0x00000ea8   0x00000048   Code   RO          446    i.ST7735_DrawPixel  st7735.o
    0x00000ef0   0x00000ef0   0x00000056   Code   RO          447    i.ST7735_DrawString  st7735.o
    0x00000f46   0x00000f46   0x00000002   PAD
    0x00000f48   0x00000f48   0x000000ac   Code   RO          448    i.ST7735_FillRect   st7735.o
    0x00000ff4   0x00000ff4   0x00000024   Code   RO          449    i.ST7735_FillScreen  st7735.o
    0x00001018   0x00001018   0x00000088   Code   RO          451    i.ST7735_InitR      st7735.o
    0x000010a0   0x000010a0   0x000000d4   Code   RO          454    i.ST7735_OutChar    st7735.o
    0x00001174   0x00001174   0x00000018   Code   RO          455    i.ST7735_OutString  st7735.o
    0x0000118c   0x0000118c   0x00000020   Code   RO          465    i.ST7735_SetCursor  st7735.o
    0x000011ac   0x000011ac   0x0000002c   Code   RO          134    i.SW1_Debounce      os.o
    0x000011d8   0x000011d8   0x0000002c   Code   RO          136    i.SW2_Debounce      os.o
    0x00001204   0x00001204   0x000000ec   Code   RO          138    i.SetInitialStack   os.o
    0x000012f0   0x000012f0   0x0000004c   Code   RO          139    i.SetThreads        os.o
    0x0000133c   0x0000133c   0x00000014   Code   RO          140    i.SysTick_Handler   os.o
    0x00001350   0x00001350   0x00000030   Code   RO          141    i.SysTick_Init      os.o
    0x00001380   0x00001380   0x00000068   Code   RO          846    i.Timer0A_Handler   ping.o
    0x000013e8   0x000013e8   0x00000060   Code   RO          142    i.Timer0A_Init      os.o
    0x00001448   0x00001448   0x00000068   Code   RO          851    i.Timer1A_Handler   ping.o
    0x000014b0   0x000014b0   0x00000068   Code   RO          856    i.Timer3A_Handler   ping.o
    0x00001518   0x00001518   0x00000064   Code   RO          143    i.Timer3A_Init      os.o
    0x0000157c   0x0000157c   0x00000094   Code   RO          144    i.Timer4A_Handler   os.o
    0x00001610   0x00001610   0x0000003c   Code   RO          701    i.TxFifo_Get        uart.o
    0x0000164c   0x0000164c   0x00000024   Code   RO          702    i.TxFifo_Init       uart.o
    0x00001670   0x00001670   0x0000003c   Code   RO          703    i.TxFifo_Put        uart.o
    0x000016ac   0x000016ac   0x00000018   Code   RO          704    i.TxFifo_Size       uart.o
    0x000016c4   0x000016c4   0x00000058   Code   RO          705    i.UART0_Handler     uart.o
    0x0000171c   0x0000171c   0x00000014   Code   RO          706    i.UART_InChar       uart.o
    0x00001730   0x00001730   0x000000d4   Code   RO          710    i.UART_Init         uart.o
    0x00001804   0x00001804   0x00000044   Code   RO          711    i.UART_OutChar      uart.o
    0x00001848   0x00001848   0x00000018   Code   RO          712    i.UART_OutString    uart.o
    0x00001860   0x00001860   0x00000018   Code   RO          145    i.UnBlockTCB        os.o
    0x00001878   0x00001878   0x00000030   Code   RO          146    i.UnLinkTCB         os.o
    0x000018a8   0x000018a8   0x00000008   Code   RO            4    i.WrapInterpreter   main.o
    0x000018b0   0x000018b0   0x0000000e   Code   RO         1024    i.__scatterload_copy  mc_w.l(handlers.o)
    0x000018be   0x000018be   0x00000002   Code   RO         1025    i.__scatterload_null  mc_w.l(handlers.o)
    0x000018c0   0x000018c0   0x0000000e   Code   RO         1026    i.__scatterload_zeroinit  mc_w.l(handlers.o)
    0x000018ce   0x000018ce   0x00000056   Code   RO          469    i.commandList       st7735.o
    0x00001924   0x00001924   0x00000188   Code   RO          470    i.commonInit        st7735.o
    0x00001aac   0x00001aac   0x00000028   Code   RO          715    i.copyHardwareToSoftware  uart.o
    0x00001ad4   0x00001ad4   0x0000002c   Code   RO          716    i.copySoftwareToHardware  uart.o
    0x00001b00   0x00001b00   0x00000044   Code   RO            5    i.main              main.o
    0x00001b44   0x00001b44   0x00000008   Code   RO           76    i.newLine           interpreter.o
    0x00001b4c   0x00001b4c   0x00000012   Code   RO          472    i.pushColor         st7735.o
    0x00001b5e   0x00001b5e   0x00000002   PAD
    0x00001b60   0x00001b60   0x00000074   Code   RO          473    i.setAddrWindow     st7735.o
    0x00001bd4   0x00001bd4   0x00000030   Code   RO          474    i.writecommand      st7735.o
    0x00001c04   0x00001c04   0x00000024   Code   RO          475    i.writedata         st7735.o
    0x00001c28   0x00001c28   0x000007e2   Data   RO          477    .constdata          st7735.o
    0x0000240a   0x0000240a   0x00000002   PAD
    0x0000240c   0x0000240c   0x00000016   Data   RO            7    .conststring        main.o
    0x00002422   0x00002422   0x00000002   PAD
    0x00002424   0x00002424   0x00000020   Data   RO         1022    Region$$Table       anon$$obj.o


    Execution Region ER_RW (Exec base: 0x20000000, Load base: 0x00002444, Size: 0x00000118, Max: 0xffffffff, ABSOLUTE)

    Exec Addr    Load Addr    Size         Type   Attr      Idx    E Section Name        Object

    0x20000000   0x00002444   0x00000020   Data   RW            8    .data               main.o
    0x20000020   0x00002464   0x00000075   Data   RW          148    .data               os.o
    0x20000095   0x000024d9   0x00000003   PAD
    0x20000098   0x000024dc   0x00000034   Data   RW          478    .data               st7735.o
    0x200000cc   0x00002510   0x00000018   Data   RW          718    .data               uart.o
    0x200000e4   0x00002528   0x00000034   Data   RW          862    .data               ping.o


    Execution Region ER_ZI (Exec base: 0x20000118, Load base: 0x0000255c, Size: 0x00006090, Max: 0xffffffff, ABSOLUTE)

    Exec Addr    Load Addr    Size         Type   Attr      Idx    E Section Name        Object

    0x20000118        -       0x00005c64   Zero   RW          147    .bss                os.o
    0x20005d7c        -       0x00000020   Zero   RW          717    .bss                uart.o
    0x20005d9c        -       0x0000000c   Zero   RW          861    .bss                ping.o
    0x20005da8        -       0x00000400   Zero   RW          994    STACK               startup.o


==============================================================================

Image component sizes


      Code (inc. data)   RO Data    RW Data    ZI Data      Debug   Object Name

       228         82          0          0          0       1104   interpreter.o
       192         34         22         32          0       9036   main.o
      2762        360          0        117      23652      22824   os.o
        80         10          0          0          0        344   osasm.o
       312        102          0         52         12       3544   ping.o
       124          4          0          0          0        515   pll.o
      1870        206       2018         52          0      14677   st7735.o
       672        622          0          0       1024       1080   startup.o
       872        148          0         24         32       9759   uart.o

    ----------------------------------------------------------------------
      7122       1568       2076        280      24720      62883   Object Totals
         0          0         32          0          0          0   (incl. Generated)
        10          0          4          3          0          0   (incl. Padding)

    ----------------------------------------------------------------------

      Code (inc. data)   RO Data    RW Data    ZI Data      Debug   Library Member Name

         0          0          0          0          0          0   entry.o
         0          0          0          0          0          0   entry10a.o
         0          0          0          0          0          0   entry11a.o
         8          4          0          0          0          0   entry2.o
         4          0          0          0          0          0   entry5.o
         0          0          0          0          0          0   entry7b.o
         0          0          0          0          0          0   entry8b.o
         8          4          0          0          0          0   entry9a.o
        30          0          0          0          0          0   handlers.o
        36          8          0          0          0         68   init.o

    ----------------------------------------------------------------------
        86         16          0          0          0         68   Library Totals
         0          0          0          0          0          0   (incl. Padding)

    ----------------------------------------------------------------------

      Code (inc. data)   RO Data    RW Data    ZI Data      Debug   Library Name

        86         16          0          0          0         68   mc_w.l

    ----------------------------------------------------------------------
        86         16          0          0          0         68   Library Totals

    ----------------------------------------------------------------------

==============================================================================


      Code (inc. data)   RO Data    RW Data    ZI Data      Debug   

      7208       1584       2076        280      24720      59463   Grand Totals
      7208       1584       2076        280      24720      59463   ELF Image Totals
      7208       1584       2076        280          0          0   ROM Totals

==============================================================================

    Total RO  Size (Code + RO Data)                 9284 (   9.07kB)
    Total RW  Size (RW Data + ZI Data)             25000 (  24.41kB)
    Total ROM Size (Code + RO Data + RW Data)       9564 (   9.34kB)

==============================================================================

