<html>
<body>
<pre>
<h1>µVision Build Log</h1>
<h2>Tool Versions:</h2>
IDE-Version: µVision V5.25.2.0
Copyright (C) 2018 ARM Ltd and ARM Germany GmbH. All rights reserved.
License Information: Sikender Ashraf, UT Austin, LIC=Q7GII-C4BMQ-FWHZM-FLPQ1-UGX93-RT7MU
 
Tool Versions:
Toolchain:       MDK-ARM Professional  Version: 5.25.2.0
Toolchain Path:  C:\Keil_v5\ARM\ARMCC\Bin
C Compiler:      Armcc.exe V5.06 update 6 (build 750)
Assembler:       Armasm.exe V5.06 update 6 (build 750)
Linker/Locator:  ArmLink.exe V5.06 update 6 (build 750)
Library Manager: ArmAr.exe V5.06 update 6 (build 750)
Hex Converter:   FromElf.exe V5.06 update 6 (build 750)
CPU DLL:         SARMCM3.DLL V5.25.2.0
Dialog DLL:      DCM.DLL V1.17.1.0
Target DLL:      lmidk-agdi.dll V???
Dialog DLL:      TCM.DLL V1.35.1.0
 
<h2>Project:</h2>
C:\Users\Sikenderali Ashraf\Desktop\EE 445M\lab-6-sma3534_nt6427_rgl568_sw34773\Lab 7A\Motor Board\RTOS-MotorBoard.uvproj
Project File Date:  04/16/2019

<h2>Output:</h2>
*** Using Compiler 'V5.06 update 6 (build 750)', folder: 'C:\Keil_v5\ARM\ARMCC\Bin'
Rebuild target 'RTOS_MotorBoard'
assembling OSasm.s...
compiling can.c...
compiling MotorControl.c...
compiling interrupt.c...
compiling PLL.c...
compiling ToF.c...
compiling main.c...
compiling Interpreter.c...
compiling UART.c...
compiling can0.c...
compiling VL53L0X.c...
compiling OS.c...
compiling vl53l0x_platform.c...
compiling vl53l0x_api_ranging.c...
compiling vl53l0x_api_strings.c...
assembling startup.s...
compiling vl53l0x_api_calibration.c...
compiling vl53l0x_api_core.c...
compiling vl53l0x_api.c...
compiling VL53L0X_I2C.c...
compiling PWM.c...
linking...
Program Size: Code=27356 RO-data=52 RW-data=908 ZI-data=25004  
".\Objects\RTOS-MotorBoard.axf" - 0 Error(s), 0 Warning(s).
Build Time Elapsed:  00:00:01
</pre>
</body>
</html>
