Component: ARM Compiler 5.06 update 6 (build 750) Tool: armlink [4d35ed]

==============================================================================

Section Cross References

    main.o(i.Algorithm) refers to motorcontrol.o(i.Motor_Speed) for Motor_Speed
    main.o(i.Algorithm) refers to motorcontrol.o(i.Motor_DirectionLeft) for Motor_DirectionLeft
    main.o(i.Algorithm) refers to motorcontrol.o(i.Motor_DirectionRight) for Motor_DirectionRight
    main.o(i.Algorithm) refers to motorcontrol.o(i.Motor_SpeedLeft) for Motor_SpeedLeft
    main.o(i.Algorithm) refers to motorcontrol.o(i.Motor_SpeedRight) for Motor_SpeedRight
    main.o(i.Algorithm) refers to motorcontrol.o(i.Motor_Steer) for Motor_Steer
    main.o(i.GetLaser1) refers to tof.o(i.ToF_Measure) for ToF_Measure
    main.o(i.GetLaser1) refers to os.o(i.OS_Signal) for OS_Signal
    main.o(i.GetLaser1) refers to main.o(.data) for LaserDistance1
    main.o(i.GetLaser2) refers to tof.o(i.ToF_Measure) for ToF_Measure
    main.o(i.GetLaser2) refers to os.o(i.OS_Signal) for OS_Signal
    main.o(i.GetLaser2) refers to main.o(.data) for LaserDistance2
    main.o(i.IOInit) refers to main.o(i.GPIO_PortF_Init) for GPIO_PortF_Init
    main.o(i.IOInit) refers to main.o(i.GPIO_PortE_Init) for GPIO_PortE_Init
    main.o(i.IOInit) refers to motorcontrol.o(i.Motor_Initialization) for Motor_Initialization
    main.o(i.IOInit) refers to can0.o(i.CAN0_Open) for CAN0_Open
    main.o(i.IOInit) refers to tof.o(i.ToF_Init) for ToF_Init
    main.o(i.ProcessCAN) refers to can0.o(i.CAN0_GetMail) for CAN0_GetMail
    main.o(i.ProcessCAN) refers to main.o(i.arrayToDistance) for arrayToDistance
    main.o(i.ProcessCAN) refers to uart.o(i.UART_OutUHex) for UART_OutUHex
    main.o(i.ProcessCAN) refers to main.o(.data) for LaserDistance1
    main.o(i.WrapInterpreter) refers to interpreter.o(i.Interpreter) for Interpreter
    main.o(i.main) refers to os.o(i.OS_Init) for OS_Init
    main.o(i.main) refers to os.o(i.OS_MailBox_Init) for OS_MailBox_Init
    main.o(i.main) refers to os.o(i.OS_Fifo_Init) for OS_Fifo_Init
    main.o(i.main) refers to main.o(i.IOInit) for IOInit
    main.o(i.main) refers to os.o(i.OS_AddThread) for OS_AddThread
    main.o(i.main) refers to os.o(i.OS_InitSemaphore) for OS_InitSemaphore
    main.o(i.main) refers to os.o(i.OS_Launch) for OS_Launch
    main.o(i.main) refers to main.o(.data) for NumCreated
    main.o(i.main) refers to main.o(i.GetLaser1) for GetLaser1
    main.o(i.main) refers to main.o(i.GetLaser2) for GetLaser2
    main.o(i.main) refers to main.o(i.Algorithm) for Algorithm
    main.o(i.main) refers to main.o(i.ProcessCAN) for ProcessCAN
    interpreter.o(i.Interpreter) refers to uart.o(i.UART_OutString) for UART_OutString
    interpreter.o(i.Interpreter) refers to interpreter.o(i.newLine) for newLine
    interpreter.o(i.Interpreter) refers to uart.o(i.UART_InChar) for UART_InChar
    interpreter.o(i.Interpreter) refers to tof.o(i.ToF_Measure) for ToF_Measure
    interpreter.o(i.Interpreter) refers to uart.o(i.UART_OutUDec) for UART_OutUDec
    interpreter.o(i.Interpreter) refers to uart.o(i.UART_InString) for UART_InString
    interpreter.o(i.Interpreter) refers to interpreter.o(.data) for UserInput
    interpreter.o(i.newLine) refers to uart.o(i.OutCRLF) for OutCRLF
    os.o(i.AddBlockedToSemaphore) refers to os.o(.data) for RunPt
    os.o(i.BlockTCB) refers to os.o(i.UnLinkTCB) for UnLinkTCB
    os.o(i.BlockTCB) refers to os.o(i.AddBlockedToSemaphore) for AddBlockedToSemaphore
    os.o(i.BlockTCB) refers to os.o(i.OS_Suspend) for OS_Suspend
    os.o(i.BlockTCB) refers to os.o(.data) for RunPt
    os.o(i.BlockTCB) refers to os.o(.bss) for PriorityAvailable
    os.o(i.GPIOPortF_Handler) refers to os.o(i.OS_AddThread) for OS_AddThread
    os.o(i.GPIOPortF_Handler) refers to os.o(.data) for LastSW1
    os.o(i.GPIOPortF_Handler) refers to os.o(i.SW1_Debounce) for SW1_Debounce
    os.o(i.GPIOPortF_Handler) refers to os.o(i.SW2_Debounce) for SW2_Debounce
    os.o(i.IO_Init) refers to uart.o(i.UART_Init) for UART_Init
    os.o(i.IO_Init) refers to os.o(i.Timer3A_Init) for Timer3A_Init
    os.o(i.IO_Init) refers to os.o(i.Timer0A_Init) for Timer0A_Init
    os.o(i.LinkTCB) refers to os.o(.data) for RunPt
    os.o(i.LinkTCB) refers to os.o(.bss) for PriorityAvailable
    os.o(i.OS_AddPeriodicThread) refers to os.o(i.PeriodicThread1_Init) for PeriodicThread1_Init
    os.o(i.OS_AddPeriodicThread) refers to os.o(i.PeriodicThread2_Init) for PeriodicThread2_Init
    os.o(i.OS_AddPeriodicThread) refers to os.o(.data) for NumberOfPeriodicTasks
    os.o(i.OS_AddPriorityThread) refers to os.o(.bss) for PriorityTotal
    os.o(i.OS_AddSW1Task) refers to os.o(i.SW1_Init) for SW1_Init
    os.o(i.OS_AddSW1Task) refers to os.o(.data) for SW1_Task
    os.o(i.OS_AddSW2Task) refers to os.o(i.SW2_Init) for SW2_Init
    os.o(i.OS_AddSW2Task) refers to os.o(.data) for SW2_Task
[...]
    i.IOInit                                 0x0000111c   Section        0  main.o(i.IOInit)
    i.IO_Init                                0x0000113c   Section        0  os.o(i.IO_Init)
    i.IntDisable                             0x00001154   Section        0  interrupt.o(i.IntDisable)
    i.IntEnable                              0x000011d4   Section        0  interrupt.o(i.IntEnable)
    i.Left_Init                              0x00001254   Section        0  pwm.o(i.Left_Init)
    i.Left_InitB                             0x0000135c   Section        0  pwm.o(i.Left_InitB)
    i.LinkTCB                                0x00001464   Section        0  os.o(i.LinkTCB)
    i.Motor_DirectionLeft                    0x000014a8   Section        0  motorcontrol.o(i.Motor_DirectionLeft)
    i.Motor_DirectionRight                   0x00001500   Section        0  motorcontrol.o(i.Motor_DirectionRight)
    i.Motor_Initialization                   0x00001558   Section        0  motorcontrol.o(i.Motor_Initialization)
    i.Motor_Speed                            0x000015d8   Section        0  motorcontrol.o(i.Motor_Speed)
    i.Motor_SpeedLeft                        0x00001648   Section        0  motorcontrol.o(i.Motor_SpeedLeft)
    i.Motor_SpeedRight                       0x00001698   Section        0  motorcontrol.o(i.Motor_SpeedRight)
    i.Motor_Steer                            0x000016e8   Section        0  motorcontrol.o(i.Motor_Steer)
    i.OS_AddPriorityThread                   0x00001760   Section        0  os.o(i.OS_AddPriorityThread)
    i.OS_AddThread                           0x000017c4   Section        0  os.o(i.OS_AddThread)
    i.OS_Fifo_Init                           0x000018f8   Section        0  os.o(i.OS_Fifo_Init)
    i.OS_Init                                0x00001928   Section        0  os.o(i.OS_Init)
    i.OS_InitSemaphore                       0x00001964   Section        0  os.o(i.OS_InitSemaphore)
    i.OS_Kill                                0x00001980   Section        0  os.o(i.OS_Kill)
    i.OS_Launch                              0x00001ae8   Section        0  os.o(i.OS_Launch)
    i.OS_MailBox_Init                        0x00001b30   Section        0  os.o(i.OS_MailBox_Init)
    i.OS_Scheduler                           0x00001b4c   Section        0  os.o(i.OS_Scheduler)
    i.OS_Signal                              0x00001be8   Section        0  os.o(i.OS_Signal)
    i.OS_Sleep                               0x00001c0c   Section        0  os.o(i.OS_Sleep)
    i.OS_Suspend                             0x00001c48   Section        0  os.o(i.OS_Suspend)
    i.OS_Wait                                0x00001c60   Section        0  os.o(i.OS_Wait)
    i.PLL_Init                               0x00001c84   Section        0  pll.o(i.PLL_Init)
    i.ProcessCAN                             0x00001d00   Section        0  main.o(i.ProcessCAN)
    i.RCVFifo_Get                            0x00001d68   Section        0  can0.o(i.RCVFifo_Get)
    i.RCVFifo_Init                           0x00001dac   Section        0  can0.o(i.RCVFifo_Init)
    i.RCVFifo_Put                            0x00001dd0   Section        0  can0.o(i.RCVFifo_Put)
    i.RemoveBlockedFromSemaphore             0x00001e1c   Section        0  os.o(i.RemoveBlockedFromSemaphore)
    i.Right_Init                             0x00001e28   Section        0  pwm.o(i.Right_Init)
    i.Right_InitB                            0x00001f1c   Section        0  pwm.o(i.Right_InitB)
    i.RxFifo_Init                            0x00002010   Section        0  uart.o(i.RxFifo_Init)
    i.RxFifo_Put                             0x00002034   Section        0  uart.o(i.RxFifo_Put)
    i.RxFifo_Size                            0x00002070   Section        0  uart.o(i.RxFifo_Size)
    i.SW1_Debounce                           0x00002088   Section        0  os.o(i.SW1_Debounce)
    i.SW2_Debounce                           0x000020b4   Section        0  os.o(i.SW2_Debounce)
    i.Servo_Duty                             0x000020e0   Section        0  pwm.o(i.Servo_Duty)
    i.Servo_Init                             0x000020ec   Section        0  pwm.o(i.Servo_Init)
    i.SetInitialStack                        0x000021b8   Section        0  os.o(i.SetInitialStack)
    i.SetThreads                             0x000022a4   Section        0  os.o(i.SetThreads)
    i.SysTick_Handler                        0x000022f0   Section        0  os.o(i.SysTick_Handler)
    i.SysTick_Init                           0x00002304   Section        0  os.o(i.SysTick_Init)
    i.Timer0A_Handler                        0x00002334   Section        0  os.o(i.Timer0A_Handler)
    i.Timer0A_Init                           0x00002350   Section        0  os.o(i.Timer0A_Init)
    i.Timer1A_Handler                        0x000023b0   Section        0  os.o(i.Timer1A_Handler)
    i.Timer3A_Handler                        0x000023c8   Section        0  os.o(i.Timer3A_Handler)
    i.Timer3A_Init                           0x00002458   Section        0  os.o(i.Timer3A_Init)
    i.Timer4A_Handler                        0x000024bc   Section        0  os.o(i.Timer4A_Handler)
    i.ToF_Init                               0x000024d4   Section        0  tof.o(i.ToF_Init)
    i.ToF_Measure                            0x000024e8   Section        0  tof.o(i.ToF_Measure)
    i.TxFifo_Get                             0x0000250c   Section        0  uart.o(i.TxFifo_Get)
    i.TxFifo_Init                            0x00002548   Section        0  uart.o(i.TxFifo_Init)
    i.TxFifo_Put                             0x0000256c   Section        0  uart.o(i.TxFifo_Put)
    i.TxFifo_Size                            0x000025a8   Section        0  uart.o(i.TxFifo_Size)
    i.UART0_Handler                          0x000025c0   Section        0  uart.o(i.UART0_Handler)
    i.UART_Init                              0x00002618   Section        0  uart.o(i.UART_Init)
    i.UART_OutChar                           0x000026ec   Section        0  uart.o(i.UART_OutChar)
    i.UART_OutUHex                           0x00002730   Section        0  uart.o(i.UART_OutUHex)
    i.UnBlockTCB                             0x00002764   Section        0  os.o(i.UnBlockTCB)
    i.UnLinkTCB                              0x0000277c   Section        0  os.o(i.UnLinkTCB)
    i.VL53L0X_CheckAndLoadInterruptSettings  0x000027ac   Section        0  vl53l0x_api.o(i.VL53L0X_CheckAndLoadInterruptSettings)
    i.VL53L0X_ClearInterruptMask             0x00002830   Section        0  vl53l0x_api.o(i.VL53L0X_ClearInterruptMask)
    i.VL53L0X_DataInit                       0x00002884   Section        0  vl53l0x_api.o(i.VL53L0X_DataInit)
    i.VL53L0X_GetDeviceInfo                  0x00002a3c   Section        0  vl53l0x_api.o(i.VL53L0X_GetDeviceInfo)
    i.VL53L0X_GetDeviceMode                  0x00002a52   Section        0  vl53l0x_api.o(i.VL53L0X_GetDeviceMode)
    i.VL53L0X_GetDeviceParameters            0x00002a5c   Section        0  vl53l0x_api.o(i.VL53L0X_GetDeviceParameters)
    i.VL53L0X_GetFractionEnable              0x00002afc   Section        0  vl53l0x_api.o(i.VL53L0X_GetFractionEnable)
    i.VL53L0X_GetInterMeasurementPeriodMilliSeconds 0x00002b1e   Section        0  vl53l0x_api.o(i.VL53L0X_GetInterMeasurementPeriodMilliSeconds)
    i.VL53L0X_GetInterruptMaskStatus         0x00002b5c   Section        0  vl53l0x_api.o(i.VL53L0X_GetInterruptMaskStatus)
    i.VL53L0X_GetInterruptThresholds         0x00002b8c   Section        0  vl53l0x_api.o(i.VL53L0X_GetInterruptThresholds)
    i.VL53L0X_GetLimitCheckEnable            0x00002bce   Section        0  vl53l0x_api.o(i.VL53L0X_GetLimitCheckEnable)
    i.VL53L0X_GetLimitCheckValue             0x00002bea   Section        0  vl53l0x_api.o(i.VL53L0X_GetLimitCheckValue)
    i.VL53L0X_GetMeasurementDataReady        0x00002ca0   Section        0  vl53l0x_api.o(i.VL53L0X_GetMeasurementDataReady)
    i.VL53L0X_GetMeasurementTimingBudgetMicroSeconds 0x00002cf6   Section        0  vl53l0x_api.o(i.VL53L0X_GetMeasurementTimingBudgetMicroSeconds)
    i.VL53L0X_GetOffsetCalibrationDataMicroMeter 0x00002d0c   Section        0  vl53l0x_api.o(i.VL53L0X_GetOffsetCalibrationDataMicroMeter)
    i.VL53L0X_GetRangingMeasurementData      0x00002d22   Section        0  vl53l0x_api.o(i.VL53L0X_GetRangingMeasurementData)
    i.VL53L0X_GetSequenceStepEnables         0x00002e90   Section        0  vl53l0x_api.o(i.VL53L0X_GetSequenceStepEnables)
    i.VL53L0X_GetSequenceStepTimeout         0x00002f06   Section        0  vl53l0x_api.o(i.VL53L0X_GetSequenceStepTimeout)
    i.VL53L0X_GetVcselPulsePeriod            0x00002f58   Section        0  vl53l0x_api.o(i.VL53L0X_GetVcselPulsePeriod)
    i.VL53L0X_GetWrapAroundCheckEnable       0x00002f76   Section        0  vl53l0x_api.o(i.VL53L0X_GetWrapAroundCheckEnable)
    i.VL53L0X_GetXTalkCompensationEnable     0x00002fb4   Section        0  vl53l0x_api.o(i.VL53L0X_GetXTalkCompensationEnable)
    i.VL53L0X_GetXTalkCompensationRateMegaCps 0x00002fc0   Section        0  vl53l0x_api.o(i.VL53L0X_GetXTalkCompensationRateMegaCps)
    i.VL53L0X_I2C_Init                       0x00002ff8   Section        0  vl53l0x_i2c.o(i.VL53L0X_I2C_Init)
    i.VL53L0X_Init                           0x00003258   Section        0  vl53l0x.o(i.VL53L0X_Init)
    i.VL53L0X_PerformRefCalibration          0x00003678   Section        0  vl53l0x_api.o(i.VL53L0X_PerformRefCalibration)
    i.VL53L0X_PerformRefSpadManagement       0x00003698   Section        0  vl53l0x_api.o(i.VL53L0X_PerformRefSpadManagement)
    i.VL53L0X_PerformSingleMeasurement       0x000036b6   Section        0  vl53l0x_api.o(i.VL53L0X_PerformSingleMeasurement)
    i.VL53L0X_PerformSingleRangingMeasurement 0x000036f2   Section        0  vl53l0x_api.o(i.VL53L0X_PerformSingleRangingMeasurement)
    i.VL53L0X_PollingDelay                   0x0000372a   Section        0  vl53l0x_platform.o(i.VL53L0X_PollingDelay)
    i.VL53L0X_RdByte                         0x00003746   Section        0  vl53l0x_platform.o(i.VL53L0X_RdByte)
    i.VL53L0X_RdDWord                        0x00003776   Section        0  vl53l0x_platform.o(i.VL53L0X_RdDWord)
    i.VL53L0X_RdWord                         0x000037a6   Section        0  vl53l0x_platform.o(i.VL53L0X_RdWord)
    i.VL53L0X_ReadMulti                      0x000037d6   Section        0  vl53l0x_platform.o(i.VL53L0X_ReadMulti)
    i.VL53L0X_SetDeviceAddress               0x00003810   Section        0  vl53l0x_api.o(i.VL53L0X_SetDeviceAddress)
    i.VL53L0X_SetDeviceMode                  0x00003834   Section        0  vl53l0x_api.o(i.VL53L0X_SetDeviceMode)
    i.VL53L0X_SetGpioConfig                  0x00003866   Section        0  vl53l0x_api.o(i.VL53L0X_SetGpioConfig)
    i.VL53L0X_SetLimitCheckEnable            0x000039cc   Section        0  vl53l0x_api.o(i.VL53L0X_SetLimitCheckEnable)
    i.VL53L0X_SetLimitCheckValue             0x00003a8e   Section        0  vl53l0x_api.o(i.VL53L0X_SetLimitCheckValue)
    i.VL53L0X_SetMeasurementTimingBudgetMicroSeconds 0x00003b04   Section        0  vl53l0x_api.o(i.VL53L0X_SetMeasurementTimingBudgetMicroSeconds)
    i.VL53L0X_SetSequenceStepEnable          0x00003b1a   Section        0  vl53l0x_api.o(i.VL53L0X_SetSequenceStepEnable)
    i.VL53L0X_StartMeasurement               0x00003bde   Section        0  vl53l0x_api.o(i.VL53L0X_StartMeasurement)
    i.VL53L0X_StaticInit                     0x00003ce8   Section        0  vl53l0x_api.o(i.VL53L0X_StaticInit)
    i.VL53L0X_UpdateByte                     0x00003e88   Section        0  vl53l0x_platform.o(i.VL53L0X_UpdateByte)
    i.VL53L0X_WrByte                         0x00003ee8   Section        0  vl53l0x_platform.o(i.VL53L0X_WrByte)
    i.VL53L0X_WrWord                         0x00003f18   Section        0  vl53l0x_platform.o(i.VL53L0X_WrWord)
    i.VL53L0X_WriteMulti                     0x00003f48   Section        0  vl53l0x_platform.o(i.VL53L0X_WriteMulti)
    i.VL53L0X_calc_dmax                      0x00003f88   Section        0  vl53l0x_api_core.o(i.VL53L0X_calc_dmax)
    i.VL53L0X_calc_macro_period_ps           0x00004114   Section        0  vl53l0x_api_core.o(i.VL53L0X_calc_macro_period_ps)
    i.VL53L0X_calc_sigma_estimate            0x0000412c   Section        0  vl53l0x_api_core.o(i.VL53L0X_calc_sigma_estimate)
    i.VL53L0X_calc_timeout_mclks             0x000043dc   Section        0  vl53l0x_api_core.o(i.VL53L0X_calc_timeout_mclks)
    i.VL53L0X_calc_timeout_us                0x00004410   Section        0  vl53l0x_api_core.o(i.VL53L0X_calc_timeout_us)
    i.VL53L0X_check_part_used                0x00004448   Section        0  vl53l0x_api_strings.o(i.VL53L0X_check_part_used)
    i.VL53L0X_decode_timeout                 0x00004498   Section        0  vl53l0x_api_core.o(i.VL53L0X_decode_timeout)
    i.VL53L0X_decode_vcsel_period            0x000044a6   Section        0  vl53l0x_api_core.o(i.VL53L0X_decode_vcsel_period)
    i.VL53L0X_device_read_strobe             0x000044b2   Section        0  vl53l0x_api_core.o(i.VL53L0X_device_read_strobe)
    i.VL53L0X_encode_timeout                 0x00004500   Section        0  vl53l0x_api_core.o(i.VL53L0X_encode_timeout)
    i.VL53L0X_getSingleRangingMeasurement    0x00004528   Section        0  vl53l0x.o(i.VL53L0X_getSingleRangingMeasurement)
    i.VL53L0X_get_device_info                0x00004580   Section        0  vl53l0x_api_strings.o(i.VL53L0X_get_device_info)
    i.VL53L0X_get_info_from_device           0x0000465c   Section        0  vl53l0x_api_core.o(i.VL53L0X_get_info_from_device)
    i.VL53L0X_get_measurement_timing_budget_micro_seconds 0x00004ba6   Section        0  vl53l0x_api_core.o(i.VL53L0X_get_measurement_timing_budget_micro_seconds)
    i.VL53L0X_get_offset_calibration_data_micro_meter 0x00004c94   Section        0  vl53l0x_api_calibration.o(i.VL53L0X_get_offset_calibration_data_micro_meter)
    i.VL53L0X_get_pal_range_status           0x00004cea   Section        0  vl53l0x_api_core.o(i.VL53L0X_get_pal_range_status)
    i.VL53L0X_get_total_signal_rate          0x00004f1e   Section        0  vl53l0x_api_core.o(i.VL53L0X_get_total_signal_rate)
    i.VL53L0X_get_total_xtalk_rate           0x00004f46   Section        0  vl53l0x_api_core.o(i.VL53L0X_get_total_xtalk_rate)
    i.VL53L0X_get_vcsel_pulse_period         0x00004f80   Section        0  vl53l0x_api_core.o(i.VL53L0X_get_vcsel_pulse_period)
    i.VL53L0X_isqrt                          0x00004fc6   Section        0  vl53l0x_api_core.o(i.VL53L0X_isqrt)
    i.VL53L0X_load_tuning_settings           0x00004ff2   Section        0  vl53l0x_api_core.o(i.VL53L0X_load_tuning_settings)
    i.VL53L0X_measurement_poll_for_completion 0x000050dc   Section        0  vl53l0x_api_core.o(i.VL53L0X_measurement_poll_for_completion)
    i.VL53L0X_perform_phase_calibration      0x0000511c   Section        0  vl53l0x_api_calibration.o(i.VL53L0X_perform_phase_calibration)
    i.VL53L0X_perform_ref_calibration        0x00005198   Section        0  vl53l0x_api_calibration.o(i.VL53L0X_perform_ref_calibration)
    i.VL53L0X_perform_ref_spad_management    0x000051e4   Section        0  vl53l0x_api_calibration.o(i.VL53L0X_perform_ref_spad_management)
    i.VL53L0X_perform_single_ref_calibration 0x00005476   Section        0  vl53l0x_api_calibration.o(i.VL53L0X_perform_single_ref_calibration)
    i.VL53L0X_perform_vhv_calibration        0x000054b6   Section        0  vl53l0x_api_calibration.o(i.VL53L0X_perform_vhv_calibration)
    i.VL53L0X_read_byte                      0x00005534   Section        0  vl53l0x_i2c.o(i.VL53L0X_read_byte)
    i.VL53L0X_read_dword                     0x00005550   Section        0  vl53l0x_i2c.o(i.VL53L0X_read_dword)
    i.VL53L0X_read_multi                     0x00005594   Section        0  vl53l0x_i2c.o(i.VL53L0X_read_multi)
    i.VL53L0X_read_word                      0x00005d84   Section        0  vl53l0x_i2c.o(i.VL53L0X_read_word)
    i.VL53L0X_ref_calibration_io             0x00005db6   Section        0  vl53l0x_api_calibration.o(i.VL53L0X_ref_calibration_io)
    i.VL53L0X_setAddress                     0x00005e68   Section        0  vl53l0x.o(i.VL53L0X_setAddress)
    i.VL53L0X_set_measurement_timing_budget_micro_seconds 0x00005f30   Section        0  vl53l0x_api_core.o(i.VL53L0X_set_measurement_timing_budget_micro_seconds)
    i.VL53L0X_set_reference_spads            0x00006058   Section        0  vl53l0x_api_calibration.o(i.VL53L0X_set_reference_spads)
    i.VL53L0X_write_byte                     0x0000611a   Section        0  vl53l0x_i2c.o(i.VL53L0X_write_byte)
    i.VL53L0X_write_multi                    0x00006138   Section        0  vl53l0x_i2c.o(i.VL53L0X_write_multi)
    i.VL53L0X_write_word                     0x000064c8   Section        0  vl53l0x_i2c.o(i.VL53L0X_write_word)
    i.__scatterload_copy                     0x000064f0   Section       14  handlers.o(i.__scatterload_copy)
    i.__scatterload_null                     0x000064fe   Section        2  handlers.o(i.__scatterload_null)
    i.__scatterload_zeroinit                 0x00006500   Section       14  handlers.o(i.__scatterload_zeroinit)
    i.arrayToDistance                        0x0000650e   Section        0  main.o(i.arrayToDistance)
    i.copyHardwareToSoftware                 0x0000652c   Section        0  uart.o(i.copyHardwareToSoftware)
    copyHardwareToSoftware                   0x0000652d   Thumb Code    36  uart.o(i.copyHardwareToSoftware)
    i.copySoftwareToHardware                 0x00006554   Section        0  uart.o(i.copySoftwareToHardware)
    copySoftwareToHardware                   0x00006555   Thumb Code    38  uart.o(i.copySoftwareToHardware)
    i.delay                                  0x00006580   Section        0  vl53l0x.o(i.delay)
    delay                                    0x00006581   Thumb Code    24  vl53l0x.o(i.delay)
    i.enable_ref_spads                       0x00006598   Section        0  vl53l0x_api_calibration.o(i.enable_ref_spads)
    i.enable_spad_bit                        0x00006644   Section        0  vl53l0x_api_calibration.o(i.enable_spad_bit)
    i.get_next_good_spad                     0x00006676   Section        0  vl53l0x_api_calibration.o(i.get_next_good_spad)
    i.get_ref_spad_map                       0x000066de   Section        0  vl53l0x_api_calibration.o(i.get_ref_spad_map)
    i.get_sequence_step_timeout              0x000066f6   Section        0  vl53l0x_api_core.o(i.get_sequence_step_timeout)
    i.is_aperture                            0x00006818   Section        0  vl53l0x_api_calibration.o(i.is_aperture)
    i.main                                   0x00006830   Section        0  main.o(i.main)
    i.perform_ref_signal_measurement         0x000068d4   Section        0  vl53l0x_api_calibration.o(i.perform_ref_signal_measurement)
    i.sequence_step_enabled                  0x00006942   Section        0  vl53l0x_api.o(i.sequence_step_enabled)
    i.set_ref_spad_map                       0x0000698a   Section        0  vl53l0x_api_calibration.o(i.set_ref_spad_map)
    i.set_sequence_step_timeout              0x000069a2   Section        0  vl53l0x_api_core.o(i.set_sequence_step_timeout)
    .constdata                               0x00006adc   Section       18  can.o(.constdata)
    g_usCANBitValues                         0x00006adc   Data          18  can.o(.constdata)
    .data                                    0x20000000   Section       36  main.o(.data)
    .data                                    0x20000024   Section       89  os.o(.data)
    NumOfThreads                             0x20000024   Data           1  os.o(.data)
    NumberOfPeriodicTasks                    0x2000007c   Data           1  os.o(.data)
    .data                                    0x20000080   Section       24  uart.o(.data)
    .data                                    0x20000098   Section       16  can0.o(.data)
    .data                                    0x200000a8   Section       32  motorcontrol.o(.data)
    SteeringAngle                            0x200000a8   Data           4  motorcontrol.o(.data)
    PowerLeft                                0x200000ac   Data           4  motorcontrol.o(.data)
    PowerRight                               0x200000b0   Data           4  motorcontrol.o(.data)
    .data                                    0x200000c8   Section        1  vl53l0x.o(.data)
    .data                                    0x200000c9   Section      681  vl53l0x_api.o(.data)
    .data                                    0x20000374   Section       16  vl53l0x_api_calibration.o(.data)
    .data                                    0x20000384   Section        6  pwm.o(.data)
    .bss                                     0x2000038c   Section    21852  os.o(.bss)
    tcbs                                     0x2000178c   Data         200  os.o(.bss)
    .bss                                     0x200058e8   Section      128  uart.o(.bss)
    RxFifo                                   0x200058e8   Data          64  uart.o(.bss)
    TxFifo                                   0x20005928   Data          64  uart.o(.bss)
    .bss                                     0x20005968   Section      160  can0.o(.bss)
    RCVFifo                                  0x20005968   Data         160  can0.o(.bss)
    .bss                                     0x20005a08   Section     1836  vl53l0x.o(.bss)
    STACK                                    0x20006138   Section     1024  startup.o(STACK)
    StackMem                                 0x20006138   Data           0  startup.o(STACK)

    Global Symbols

    Symbol Name                              Value     Ov Type        Size  Object(Section)

    BuildAttributes$$THM_ISAv4$E$P$D$K$B$S$7EM$PE$A:L22UL41UL21$X:L11$S22US41US21$IEEE1$IW$USESV6$~STKCKD$USESV7$~SHL$OSPACE$EBA8$MICROLIB$REQ8$PRES8$EABIv2 0x00000000   Number         0  anon$$obj.o ABSOLUTE
    __ARM_use_no_argv                        0x00000000   Number         0  main.o ABSOLUTE
    __Vectors                                0x00000000   Data           0  startup.o(RESET)
    __cpp_initialize__aeabi_                  - Undefined Weak Reference
    __cxa_finalize                            - Undefined Weak Reference
    _clock_init                               - Undefined Weak Reference
    _microlib_exit                            - Undefined Weak Reference
    Reset_Handler                            0x0000026d   Thumb Code     0  startup.o(RESET)
    NMI_Handler                              0x00000271   Thumb Code     2  startup.o(RESET)
    MemManage_Handler                        0x00000275   Thumb Code     2  startup.o(RESET)
    BusFault_Handler                         0x00000277   Thumb Code     2  startup.o(RESET)
    UsageFault_Handler                       0x00000279   Thumb Code     2  startup.o(RESET)
    SVC_Handler                              0x0000027b   Thumb Code     2  startup.o(RESET)
    DebugMon_Handler                         0x0000027d   Thumb Code     2  startup.o(RESET)
    ADC0Seq0_Handler                         0x00000283   Thumb Code     0  startup.o(RESET)
    ADC0Seq1_Handler                         0x00000283   Thumb Code     0  startup.o(RESET)
    ADC0Seq2_Handler                         0x00000283   Thumb Code     0  startup.o(RESET)
    ADC0Seq3_Handler                         0x00000283   Thumb Code     0  startup.o(RESET)
    ADC1Seq0_Handler                         0x00000283   Thumb Code     0  startup.o(RESET)
    ADC1Seq1_Handler                         0x00000283   Thumb Code     0  startup.o(RESET)
    ADC1Seq2_Handler                         0x00000283   Thumb Code     0  startup.o(RESET)
    ADC1Seq3_Handler                         0x00000283   Thumb Code     0  startup.o(RESET)
    CAN1_Handler                             0x00000283   Thumb Code     0  startup.o(RESET)
    CAN2_Handler                             0x00000283   Thumb Code     0  startup.o(RESET)
    Comp0_Handler                            0x00000283   Thumb Code     0  startup.o(RESET)
    Comp1_Handler                            0x00000283   Thumb Code     0  startup.o(RESET)
    Comp2_Handler                            0x00000283   Thumb Code     0  startup.o(RESET)
    Ethernet_Handler                         0x00000283   Thumb Code     0  startup.o(RESET)
    ExtBus_Handler                           0x00000283   Thumb Code     0  startup.o(RESET)
    FPU_Handler                              0x00000283   Thumb Code     0  startup.o(RESET)
    Fan0_Handler                             0x00000283   Thumb Code     0  startup.o(RESET)
    FlashCtl_Handler                         0x00000283   Thumb Code     0  startup.o(RESET)
    GPIOPortA_Handler                        0x00000283   Thumb Code     0  startup.o(RESET)
    GPIOPortB_Handler                        0x00000283   Thumb Code     0  startup.o(RESET)
    GPIOPortC_Handler                        0x00000283   Thumb Code     0  startup.o(RESET)
    GPIOPortD_Handler                        0x00000283   Thumb Code     0  startup.o(RESET)
    GPIOPortE_Handler                        0x00000283   Thumb Code     0  startup.o(RESET)
    GPIOPortG_Handler                        0x00000283   Thumb Code     0  startup.o(RESET)
    GPIOPortH_Handler                        0x00000283   Thumb Code     0  startup.o(RESET)
    GPIOPortJ_Handler                        0x00000283   Thumb Code     0  startup.o(RESET)
    GPIOPortK_Handler                        0x00000283   Thumb Code     0  startup.o(RESET)
    GPIOPortL_Handler                        0x00000283   Thumb Code     0  startup.o(RESET)
    GPIOPortM_Handler                        0x00000283   Thumb Code     0  startup.o(RESET)
    GPIOPortN_Handler                        0x00000283   Thumb Code     0  startup.o(RESET)
    GPIOPortP1_Handler                       0x00000283   Thumb Code     0  startup.o(RESET)
    GPIOPortP2_Handler                       0x00000283   Thumb Code     0  startup.o(RESET)
    GPIOPortP3_Handler                       0x00000283   Thumb Code     0  startup.o(RESET)
    GPIOPortP4_Handler                       0x00000283   Thumb Code     0  startup.o(RESET)
    GPIOPortP5_Handler                       0x00000283   Thumb Code     0  startup.o(RESET)
    GPIOPortP6_Handler                       0x00000283   Thumb Code     0  startup.o(RESET)
    GPIOPortP7_Handler                       0x00000283   Thumb Code     0  startup.o(RESET)
    GPIOPortP_Handler                        0x00000283   Thumb Code     0  startup.o(RESET)
    GPIOPortQ1_Handler                       0x00000283   Thumb Code     0  startup.o(RESET)
    GPIOPortQ2_Handler                       0x00000283   Thumb Code     0  startup.o(RESET)
    GPIOPortQ3_Handler                       0x00000283   Thumb Code     0  startup.o(RESET)
    GPIOPortQ4_Handler                       0x00000283   Thumb Code     0  startup.o(RESET)
    GPIOPortQ5_Handler                       0x00000283   Thumb Code     0  startup.o(RESET)
    GPIOPortQ6_Handler                       0x00000283   Thumb Code     0  startup.o(RESET)
    GPIOPortQ7_Handler                       0x00000283   Thumb Code     0  startup.o(RESET)
    GPIOPortQ_Handler                        0x00000283   Thumb Code     0  startup.o(RESET)
    GPIOPortR_Handler                        0x00000283   Thumb Code     0  startup.o(RESET)
    GPIOPortS_Handler                        0x00000283   Thumb Code     0  startup.o(RESET)
    Hibernate_Handler                        0x00000283   Thumb Code     0  startup.o(RESET)
    I2C0_Handler                             0x00000283   Thumb Code     0  startup.o(RESET)
    I2C1_Handler                             0x00000283   Thumb Code     0  startup.o(RESET)
    I2C2_Handler                             0x00000283   Thumb Code     0  startup.o(RESET)
    I2C3_Handler                             0x00000283   Thumb Code     0  startup.o(RESET)
    I2C4_Handler                             0x00000283   Thumb Code     0  startup.o(RESET)
    I2C5_Handler                             0x00000283   Thumb Code     0  startup.o(RESET)
    I2S0_Handler                             0x00000283   Thumb Code     0  startup.o(RESET)
    LPC0_Handler                             0x00000283   Thumb Code     0  startup.o(RESET)
    PECI0_Handler                            0x00000283   Thumb Code     0  startup.o(RESET)
    PWM0Fault_Handler                        0x00000283   Thumb Code     0  startup.o(RESET)
    PWM0Generator0_Handler                   0x00000283   Thumb Code     0  startup.o(RESET)
    PWM0Generator1_Handler                   0x00000283   Thumb Code     0  startup.o(RESET)
    PWM0Generator2_Handler                   0x00000283   Thumb Code     0  startup.o(RESET)
    PWM0Generator3_Handler                   0x00000283   Thumb Code     0  startup.o(RESET)
    PWM1Fault_Handler                        0x00000283   Thumb Code     0  startup.o(RESET)
    PWM1Generator0_Handler                   0x00000283   Thumb Code     0  startup.o(RESET)
    PWM1Generator1_Handler                   0x00000283   Thumb Code     0  startup.o(RESET)
    PWM1Generator2_Handler                   0x00000283   Thumb Code     0  startup.o(RESET)
    PWM1Generator3_Handler                   0x00000283   Thumb Code     0  startup.o(RESET)
    Quadrature0_Handler                      0x00000283   Thumb Code     0  startup.o(RESET)
    Quadrature1_Handler                      0x00000283   Thumb Code     0  startup.o(RESET)
    Quadrature2_Handler                      0x00000283   Thumb Code     0  startup.o(RESET)
    SSI0_Handler                             0x00000283   Thumb Code     0  startup.o(RESET)
    SSI1_Handler                             0x00000283   Thumb Code     0  startup.o(RESET)
    SSI2_Handler                             0x00000283   Thumb Code     0  startup.o(RESET)
    SSI3_Handler                             0x00000283   Thumb Code     0  startup.o(RESET)
    SysCtl_Handler                           0x00000283   Thumb Code     0  startup.o(RESET)
    Timer0B_Handler                          0x00000283   Thumb Code     0  startup.o(RESET)
    Timer1B_Handler                          0x00000283   Thumb Code     0  startup.o(RESET)
    Timer2A_Handler                          0x00000283   Thumb Code     0  startup.o(RESET)
    Timer2B_Handler                          0x00000283   Thumb Code     0  startup.o(RESET)
    Timer3B_Handler                          0x00000283   Thumb Code     0  startup.o(RESET)
    Timer4B_Handler                          0x00000283   Thumb Code     0  startup.o(RESET)
    Timer5A_Handler                          0x00000283   Thumb Code     0  startup.o(RESET)
    Timer5B_Handler                          0x00000283   Thumb Code     0  startup.o(RESET)
    UART1_Handler                            0x00000283   Thumb Code     0  startup.o(RESET)
    UART2_Handler                            0x00000283   Thumb Code     0  startup.o(RESET)
    UART3_Handler                            0x00000283   Thumb Code     0  startup.o(RESET)
    UART4_Handler                            0x00000283   Thumb Code     0  startup.o(RESET)
    UART5_Handler                            0x00000283   Thumb Code     0  startup.o(RESET)
    UART6_Handler                            0x00000283   Thumb Code     0  startup.o(RESET)
    UART7_Handler                            0x00000283   Thumb Code     0  startup.o(RESET)
    USB0_Handler                             0x00000283   Thumb Code     0  startup.o(RESET)
    WDT_Handler                              0x00000283   Thumb Code     0  startup.o(RESET)
    WideTimer0A_Handler                      0x00000283   Thumb Code     0  startup.o(RESET)
    WideTimer0B_Handler                      0x00000283   Thumb Code     0  startup.o(RESET)
    WideTimer1A_Handler                      0x00000283   Thumb Code     0  startup.o(RESET)
    WideTimer1B_Handler                      0x00000283   Thumb Code     0  startup.o(RESET)
    WideTimer2A_Handler                      0x00000283   Thumb Code     0  startup.o(RESET)
    WideTimer2B_Handler                      0x00000283   Thumb Code     0  startup.o(RESET)
    WideTimer3A_Handler                      0x00000283   Thumb Code     0  startup.o(RESET)
    WideTimer3B_Handler                      0x00000283   Thumb Code     0  startup.o(RESET)
    WideTimer4A_Handler                      0x00000283   Thumb Code     0  startup.o(RESET)
    WideTimer4B_Handler                      0x00000283   Thumb Code     0  startup.o(RESET)
    WideTimer5A_Handler                      0x00000283   Thumb Code     0  startup.o(RESET)
    WideTimer5B_Handler                      0x00000283   Thumb Code     0  startup.o(RESET)
    uDMA_Error                               0x00000283   Thumb Code     0  startup.o(RESET)
    uDMA_Handler                             0x00000283   Thumb Code     0  startup.o(RESET)
    __main                                   0x00000285   Thumb Code     0  entry.o(.ARM.Collect$$$$00000000)
    _main_stk                                0x00000285   Thumb Code     0  entry2.o(.ARM.Collect$$$$00000001)
    _main_scatterload                        0x00000289   Thumb Code     0  entry5.o(.ARM.Collect$$$$00000004)
    __main_after_scatterload                 0x0000028d   Thumb Code     0  entry5.o(.ARM.Collect$$$$00000004)
    _main_clock                              0x0000028d   Thumb Code     0  entry7b.o(.ARM.Collect$$$$00000008)
    _main_cpp_init                           0x0000028d   Thumb Code     0  entry8b.o(.ARM.Collect$$$$0000000A)
    _main_init                               0x0000028d   Thumb Code     0  entry9a.o(.ARM.Collect$$$$0000000B)
    __rt_final_cpp                           0x00000295   Thumb Code     0  entry10a.o(.ARM.Collect$$$$0000000D)
    __rt_final_exit                          0x00000295   Thumb Code     0  entry11a.o(.ARM.Collect$$$$0000000F)
    OS_DisableInterrupts                     0x00000299   Thumb Code     0  osasm.o(.text)
    OS_EnableInterrupts                      0x0000029d   Thumb Code     0  osasm.o(.text)
    PendSV_Handler                           0x000002a1   Thumb Code     0  osasm.o(.text)
    StartOS                                  0x000002c1   Thumb Code     0  osasm.o(.text)
    DisableInterrupts                        0x000002e9   Thumb Code     0  startup.o(.text)
    EnableInterrupts                         0x000002ed   Thumb Code     0  startup.o(.text)
    StartCritical                            0x000002f1   Thumb Code     0  startup.o(.text)
    EndCritical                              0x000002f9   Thumb Code     0  startup.o(.text)
    WaitForInterrupt                         0x000002ff   Thumb Code     0  startup.o(.text)
    __aeabi_memcpy                           0x00000305   Thumb Code    36  memcpya.o(.text)
    __aeabi_memcpy4                          0x00000305   Thumb Code     0  memcpya.o(.text)
    __aeabi_memcpy8                          0x00000305   Thumb Code     0  memcpya.o(.text)
    __aeabi_memset                           0x00000329   Thumb Code    14  memseta.o(.text)
    __aeabi_memset4                          0x00000329   Thumb Code     0  memseta.o(.text)
    __aeabi_memset8                          0x00000329   Thumb Code     0  memseta.o(.text)
    __aeabi_memclr                           0x00000337   Thumb Code     4  memseta.o(.text)
    __aeabi_memclr4                          0x00000337   Thumb Code     0  memseta.o(.text)
    __aeabi_memclr8                          0x00000337   Thumb Code     0  memseta.o(.text)
    _memset$wrapper                          0x0000033b   Thumb Code    18  memseta.o(.text)
    strcpy                                   0x0000034d   Thumb Code    18  strcpy.o(.text)
    __scatterload                            0x00000361   Thumb Code    28  init.o(.text)
    __scatterload_rt2                        0x00000361   Thumb Code     0  init.o(.text)
    __decompress                             0x00000385   Thumb Code     0  __dclz77c.o(.text)
    __decompress2                            0x00000385   Thumb Code    94  __dclz77c.o(.text)
    AddBlockedToSemaphore                    0x000003e5   Thumb Code    46  os.o(i.AddBlockedToSemaphore)
    Algorithm                                0x00000419   Thumb Code    52  main.o(i.Algorithm)
    BlockTCB                                 0x0000044d   Thumb Code    52  os.o(i.BlockTCB)
    CAN0_GetMail                             0x00000489   Thumb Code    50  can0.o(i.CAN0_GetMail)
    CAN0_Handler                             0x000004c1   Thumb Code   132  can0.o(i.CAN0_Handler)
    CAN0_Open                                0x0000054d   Thumb Code   274  can0.o(i.CAN0_Open)
    CANBitRateSet                            0x000006b1   Thumb Code   142  can.o(i.CANBitRateSet)
    CANEnable                                0x000007b1   Thumb Code    24  can.o(i.CANEnable)
    CANInit                                  0x000007c9   Thumb Code   154  can.o(i.CANInit)
    CANIntClear                              0x00000863   Thumb Code    80  can.o(i.CANIntClear)
    CANIntEnable                             0x000008b3   Thumb Code    26  can.o(i.CANIntEnable)
    CANIntStatus                             0x000008fd   Thumb Code    60  can.o(i.CANIntStatus)
    CANMessageGet                            0x00000939   Thumb Code   438  can.o(i.CANMessageGet)
    CANMessageSet                            0x00000aef   Thumb Code   436  can.o(i.CANMessageSet)
    CANStatusGet                             0x00000d09   Thumb Code   124  can.o(i.CANStatusGet)
    DRV8848_LeftInit                         0x00000d85   Thumb Code    58  pwm.o(i.DRV8848_LeftInit)
    DRV8848_LeftStop                         0x00000dc9   Thumb Code   114  pwm.o(i.DRV8848_LeftStop)
    DRV8848_RightInit                        0x00000e55   Thumb Code    58  pwm.o(i.DRV8848_RightInit)
    DRV8848_RightStop                        0x00000e99   Thumb Code   114  pwm.o(i.DRV8848_RightStop)
    GPIOPortF_Handler                        0x00000f29   Thumb Code   164  os.o(i.GPIOPortF_Handler)
    GPIO_PortE_Init                          0x00000ff1   Thumb Code    88  main.o(i.GPIO_PortE_Init)
    GPIO_PortF_Init                          0x00001059   Thumb Code    94  main.o(i.GPIO_PortF_Init)
    GetLaser1                                0x000010cd   Thumb Code    20  main.o(i.GetLaser1)
    GetLaser2                                0x000010e9   Thumb Code    20  main.o(i.GetLaser2)
    HardFault_Handler                        0x00001105   Thumb Code    18  main.o(i.HardFault_Handler)
    IOInit                                   0x0000111d   Thumb Code    32  main.o(i.IOInit)
    IO_Init                                  0x0000113d   Thumb Code    18  os.o(i.IO_Init)
    IntDisable                               0x00001155   Thumb Code   118  interrupt.o(i.IntDisable)
    IntEnable                                0x000011d5   Thumb Code   118  interrupt.o(i.IntEnable)
    Left_Init                                0x00001255   Thumb Code   234  pwm.o(i.Left_Init)
    Left_InitB                               0x0000135d   Thumb Code   236  pwm.o(i.Left_InitB)
    LinkTCB                                  0x00001465   Thumb Code    54  os.o(i.LinkTCB)
    Motor_DirectionLeft                      0x000014a9   Thumb Code    74  motorcontrol.o(i.Motor_DirectionLeft)
    Motor_DirectionRight                     0x00001501   Thumb Code    74  motorcontrol.o(i.Motor_DirectionRight)
    Motor_Initialization                     0x00001559   Thumb Code    98  motorcontrol.o(i.Motor_Initialization)
    Motor_Speed                              0x000015d9   Thumb Code    92  motorcontrol.o(i.Motor_Speed)
    Motor_SpeedLeft                          0x00001649   Thumb Code    68  motorcontrol.o(i.Motor_SpeedLeft)
    Motor_SpeedRight                         0x00001699   Thumb Code    68  motorcontrol.o(i.Motor_SpeedRight)
    Motor_Steer                              0x000016e9   Thumb Code   110  motorcontrol.o(i.Motor_Steer)
    OS_AddPriorityThread                     0x00001761   Thumb Code    82  os.o(i.OS_AddPriorityThread)
    OS_AddThread                             0x000017c5   Thumb Code   290  os.o(i.OS_AddThread)
    OS_Fifo_Init                             0x000018f9   Thumb Code    36  os.o(i.OS_Fifo_Init)
    OS_Init                                  0x00001929   Thumb Code    42  os.o(i.OS_Init)
    OS_InitSemaphore                         0x00001965   Thumb Code    26  os.o(i.OS_InitSemaphore)
    OS_Kill                                  0x00001981   Thumb Code   330  os.o(i.OS_Kill)
    OS_Launch                                0x00001ae9   Thumb Code    58  os.o(i.OS_Launch)
    OS_MailBox_Init                          0x00001b31   Thumb Code    22  os.o(i.OS_MailBox_Init)
    OS_Scheduler                             0x00001b4d   Thumb Code   138  os.o(i.OS_Scheduler)
    OS_Signal                                0x00001be9   Thumb Code    36  os.o(i.OS_Signal)
    OS_Sleep                                 0x00001c0d   Thumb Code    50  os.o(i.OS_Sleep)
    OS_Suspend                               0x00001c49   Thumb Code    18  os.o(i.OS_Suspend)
    OS_Wait                                  0x00001c61   Thumb Code    36  os.o(i.OS_Wait)
    PLL_Init                                 0x00001c85   Thumb Code   120  pll.o(i.PLL_Init)
    ProcessCAN                               0x00001d01   Thumb Code   100  main.o(i.ProcessCAN)
    RCVFifo_Get                              0x00001d69   Thumb Code    56  can0.o(i.RCVFifo_Get)
    RCVFifo_Init                             0x00001dad   Thumb Code    26  can0.o(i.RCVFifo_Init)
    RCVFifo_Put                              0x00001dd1   Thumb Code    62  can0.o(i.RCVFifo_Put)
    RemoveBlockedFromSemaphore               0x00001e1d   Thumb Code    10  os.o(i.RemoveBlockedFromSemaphore)
    Right_Init                               0x00001e29   Thumb Code   214  pwm.o(i.Right_Init)
    Right_InitB                              0x00001f1d   Thumb Code   216  pwm.o(i.Right_InitB)
    RxFifo_Init                              0x00002011   Thumb Code    26  uart.o(i.RxFifo_Init)
    RxFifo_Put                               0x00002035   Thumb Code    48  uart.o(i.RxFifo_Put)
    RxFifo_Size                              0x00002071   Thumb Code    14  uart.o(i.RxFifo_Size)
    SW1_Debounce                             0x00002089   Thumb Code    36  os.o(i.SW1_Debounce)
    SW2_Debounce                             0x000020b5   Thumb Code    36  os.o(i.SW2_Debounce)
    Servo_Duty                               0x000020e1   Thumb Code     8  pwm.o(i.Servo_Duty)
    Servo_Init                               0x000020ed   Thumb Code   176  pwm.o(i.Servo_Init)
    SetInitialStack                          0x000021b9   Thumb Code   228  os.o(i.SetInitialStack)
    SetThreads                               0x000022a5   Thumb Code    68  os.o(i.SetThreads)
    SysTick_Handler                          0x000022f1   Thumb Code    16  os.o(i.SysTick_Handler)
    SysTick_Init                             0x00002305   Thumb Code    42  os.o(i.SysTick_Init)
    Timer0A_Handler                          0x00002335   Thumb Code    18  os.o(i.Timer0A_Handler)
    Timer0A_Init                             0x00002351   Thumb Code    80  os.o(i.Timer0A_Init)
    Timer1A_Handler                          0x000023b1   Thumb Code    16  os.o(i.Timer1A_Handler)
    Timer3A_Handler                          0x000023c9   Thumb Code   128  os.o(i.Timer3A_Handler)
    Timer3A_Init                             0x00002459   Thumb Code    84  os.o(i.Timer3A_Init)
    Timer4A_Handler                          0x000024bd   Thumb Code    16  os.o(i.Timer4A_Handler)
    ToF_Init                                 0x000024d5   Thumb Code    20  tof.o(i.ToF_Init)
    ToF_Measure                              0x000024e9   Thumb Code    36  tof.o(i.ToF_Measure)
    TxFifo_Get                               0x0000250d   Thumb Code    46  uart.o(i.TxFifo_Get)
    TxFifo_Init                              0x00002549   Thumb Code    26  uart.o(i.TxFifo_Init)
    TxFifo_Put                               0x0000256d   Thumb Code    48  uart.o(i.TxFifo_Put)
    TxFifo_Size                              0x000025a9   Thumb Code    14  uart.o(i.TxFifo_Size)
    UART0_Handler                            0x000025c1   Thumb Code    82  uart.o(i.UART0_Handler)
    UART_Init                                0x00002619   Thumb Code   182  uart.o(i.UART_Init)
    UART_OutChar                             0x000026ed   Thumb Code    58  uart.o(i.UART_OutChar)
    UART_OutUHex                             0x00002731   Thumb Code    52  uart.o(i.UART_OutUHex)
    UnBlockTCB                               0x00002765   Thumb Code    24  os.o(i.UnBlockTCB)
    UnLinkTCB                                0x0000277d   Thumb Code    40  os.o(i.UnLinkTCB)
    VL53L0X_CheckAndLoadInterruptSettings    0x000027ad   Thumb Code   126  vl53l0x_api.o(i.VL53L0X_CheckAndLoadInterruptSettings)
    VL53L0X_ClearInterruptMask               0x00002831   Thumb Code    82  vl53l0x_api.o(i.VL53L0X_ClearInterruptMask)
    VL53L0X_DataInit                         0x00002885   Thumb Code   432  vl53l0x_api.o(i.VL53L0X_DataInit)
    VL53L0X_GetDeviceInfo                    0x00002a3d   Thumb Code    22  vl53l0x_api.o(i.VL53L0X_GetDeviceInfo)
    VL53L0X_GetDeviceMode                    0x00002a53   Thumb Code    10  vl53l0x_api.o(i.VL53L0X_GetDeviceMode)
    VL53L0X_GetDeviceParameters              0x00002a5d   Thumb Code   160  vl53l0x_api.o(i.VL53L0X_GetDeviceParameters)
    VL53L0X_GetFractionEnable                0x00002afd   Thumb Code    34  vl53l0x_api.o(i.VL53L0X_GetFractionEnable)
    VL53L0X_GetInterMeasurementPeriodMilliSeconds 0x00002b1f   Thumb Code    62  vl53l0x_api.o(i.VL53L0X_GetInterMeasurementPeriodMilliSeconds)
    VL53L0X_GetInterruptMaskStatus           0x00002b5d   Thumb Code    48  vl53l0x_api.o(i.VL53L0X_GetInterruptMaskStatus)
    VL53L0X_GetInterruptThresholds           0x00002b8d   Thumb Code    66  vl53l0x_api.o(i.VL53L0X_GetInterruptThresholds)
    VL53L0X_GetLimitCheckEnable              0x00002bcf   Thumb Code    28  vl53l0x_api.o(i.VL53L0X_GetLimitCheckEnable)
    VL53L0X_GetLimitCheckValue               0x00002beb   Thumb Code   182  vl53l0x_api.o(i.VL53L0X_GetLimitCheckValue)
    VL53L0X_GetMeasurementDataReady          0x00002ca1   Thumb Code    86  vl53l0x_api.o(i.VL53L0X_GetMeasurementDataReady)
    VL53L0X_GetMeasurementTimingBudgetMicroSeconds 0x00002cf7   Thumb Code    22  vl53l0x_api.o(i.VL53L0X_GetMeasurementTimingBudgetMicroSeconds)
    VL53L0X_GetOffsetCalibrationDataMicroMeter 0x00002d0d   Thumb Code    22  vl53l0x_api.o(i.VL53L0X_GetOffsetCalibrationDataMicroMeter)
    VL53L0X_GetRangingMeasurementData        0x00002d23   Thumb Code   366  vl53l0x_api.o(i.VL53L0X_GetRangingMeasurementData)
    VL53L0X_GetSequenceStepEnables           0x00002e91   Thumb Code   118  vl53l0x_api.o(i.VL53L0X_GetSequenceStepEnables)
    VL53L0X_GetSequenceStepTimeout           0x00002f07   Thumb Code    82  vl53l0x_api.o(i.VL53L0X_GetSequenceStepTimeout)
    VL53L0X_GetVcselPulsePeriod              0x00002f59   Thumb Code    30  vl53l0x_api.o(i.VL53L0X_GetVcselPulsePeriod)
    VL53L0X_GetWrapAroundCheckEnable         0x00002f77   Thumb Code    62  vl53l0x_api.o(i.VL53L0X_GetWrapAroundCheckEnable)
    VL53L0X_GetXTalkCompensationEnable       0x00002fb5   Thumb Code    12  vl53l0x_api.o(i.VL53L0X_GetXTalkCompensationEnable)
    VL53L0X_GetXTalkCompensationRateMegaCps  0x00002fc1   Thumb Code    56  vl53l0x_api.o(i.VL53L0X_GetXTalkCompensationRateMegaCps)
    VL53L0X_I2C_Init                         0x00002ff9   Thumb Code   552  vl53l0x_i2c.o(i.VL53L0X_I2C_Init)
    VL53L0X_Init                             0x00003259   Thumb Code  1018  vl53l0x.o(i.VL53L0X_Init)
    VL53L0X_PerformRefCalibration            0x00003679   Thumb Code    32  vl53l0x_api.o(i.VL53L0X_PerformRefCalibration)
    VL53L0X_PerformRefSpadManagement         0x00003699   Thumb Code    30  vl53l0x_api.o(i.VL53L0X_PerformRefSpadManagement)
    VL53L0X_PerformSingleMeasurement         0x000036b7   Thumb Code    60  vl53l0x_api.o(i.VL53L0X_PerformSingleMeasurement)
    VL53L0X_PerformSingleRangingMeasurement  0x000036f3   Thumb Code    56  vl53l0x_api.o(i.VL53L0X_PerformSingleRangingMeasurement)
    VL53L0X_PollingDelay                     0x0000372b   Thumb Code    28  vl53l0x_platform.o(i.VL53L0X_PollingDelay)
    VL53L0X_RdByte                           0x00003747   Thumb Code    48  vl53l0x_platform.o(i.VL53L0X_RdByte)
    VL53L0X_RdDWord                          0x00003777   Thumb Code    48  vl53l0x_platform.o(i.VL53L0X_RdDWord)
    VL53L0X_RdWord                           0x000037a7   Thumb Code    48  vl53l0x_platform.o(i.VL53L0X_RdWord)
    VL53L0X_ReadMulti                        0x000037d7   Thumb Code    58  vl53l0x_platform.o(i.VL53L0X_ReadMulti)
    VL53L0X_SetDeviceAddress                 0x00003811   Thumb Code    36  vl53l0x_api.o(i.VL53L0X_SetDeviceAddress)
    VL53L0X_SetDeviceMode                    0x00003835   Thumb Code    50  vl53l0x_api.o(i.VL53L0X_SetDeviceMode)
    VL53L0X_SetGpioConfig                    0x00003867   Thumb Code   358  vl53l0x_api.o(i.VL53L0X_SetGpioConfig)
    VL53L0X_SetLimitCheckEnable              0x000039cd   Thumb Code   194  vl53l0x_api.o(i.VL53L0X_SetLimitCheckEnable)
    VL53L0X_SetLimitCheckValue               0x00003a8f   Thumb Code   118  vl53l0x_api.o(i.VL53L0X_SetLimitCheckValue)
    VL53L0X_SetMeasurementTimingBudgetMicroSeconds 0x00003b05   Thumb Code    22  vl53l0x_api.o(i.VL53L0X_SetMeasurementTimingBudgetMicroSeconds)
    VL53L0X_SetSequenceStepEnable            0x00003b1b   Thumb Code   196  vl53l0x_api.o(i.VL53L0X_SetSequenceStepEnable)
    VL53L0X_StartMeasurement                 0x00003bdf   Thumb Code   264  vl53l0x_api.o(i.VL53L0X_StartMeasurement)
    VL53L0X_StaticInit                       0x00003ce9   Thumb Code   410  vl53l0x_api.o(i.VL53L0X_StaticInit)
    VL53L0X_UpdateByte                       0x00003e89   Thumb Code    96  vl53l0x_platform.o(i.VL53L0X_UpdateByte)
    VL53L0X_WrByte                           0x00003ee9   Thumb Code    48  vl53l0x_platform.o(i.VL53L0X_WrByte)
    VL53L0X_WrWord                           0x00003f19   Thumb Code    48  vl53l0x_platform.o(i.VL53L0X_WrWord)
    VL53L0X_WriteMulti                       0x00003f49   Thumb Code    64  vl53l0x_platform.o(i.VL53L0X_WriteMulti)
    VL53L0X_calc_dmax                        0x00003f89   Thumb Code   392  vl53l0x_api_core.o(i.VL53L0X_calc_dmax)
    VL53L0X_calc_macro_period_ps             0x00004115   Thumb Code    22  vl53l0x_api_core.o(i.VL53L0X_calc_macro_period_ps)
    VL53L0X_calc_sigma_estimate              0x0000412d   Thumb Code   674  vl53l0x_api_core.o(i.VL53L0X_calc_sigma_estimate)
    VL53L0X_calc_timeout_mclks               0x000043dd   Thumb Code    52  vl53l0x_api_core.o(i.VL53L0X_calc_timeout_mclks)
    VL53L0X_calc_timeout_us                  0x00004411   Thumb Code    54  vl53l0x_api_core.o(i.VL53L0X_calc_timeout_us)
    VL53L0X_check_part_used                  0x00004449   Thumb Code    74  vl53l0x_api_strings.o(i.VL53L0X_check_part_used)
    VL53L0X_decode_timeout                   0x00004499   Thumb Code    14  vl53l0x_api_core.o(i.VL53L0X_decode_timeout)
    VL53L0X_decode_vcsel_period              0x000044a7   Thumb Code    12  vl53l0x_api_core.o(i.VL53L0X_decode_vcsel_period)
    VL53L0X_device_read_strobe               0x000044b3   Thumb Code    78  vl53l0x_api_core.o(i.VL53L0X_device_read_strobe)
    VL53L0X_encode_timeout                   0x00004501   Thumb Code    40  vl53l0x_api_core.o(i.VL53L0X_encode_timeout)
    VL53L0X_getSingleRangingMeasurement      0x00004529   Thumb Code    72  vl53l0x.o(i.VL53L0X_getSingleRangingMeasurement)
    VL53L0X_get_device_info                  0x00004581   Thumb Code   152  vl53l0x_api_strings.o(i.VL53L0X_get_device_info)
    VL53L0X_get_info_from_device             0x0000465d   Thumb Code  1354  vl53l0x_api_core.o(i.VL53L0X_get_info_from_device)
    VL53L0X_get_measurement_timing_budget_micro_seconds 0x00004ba7   Thumb Code   238  vl53l0x_api_core.o(i.VL53L0X_get_measurement_timing_budget_micro_seconds)
    VL53L0X_get_offset_calibration_data_micro_meter 0x00004c95   Thumb Code    86  vl53l0x_api_calibration.o(i.VL53L0X_get_offset_calibration_data_micro_meter)
    VL53L0X_get_pal_range_status             0x00004ceb   Thumb Code   564  vl53l0x_api_core.o(i.VL53L0X_get_pal_range_status)
    VL53L0X_get_total_signal_rate            0x00004f1f   Thumb Code    40  vl53l0x_api_core.o(i.VL53L0X_get_total_signal_rate)
    VL53L0X_get_total_xtalk_rate             0x00004f47   Thumb Code    58  vl53l0x_api_core.o(i.VL53L0X_get_total_xtalk_rate)
    VL53L0X_get_vcsel_pulse_period           0x00004f81   Thumb Code    70  vl53l0x_api_core.o(i.VL53L0X_get_vcsel_pulse_period)
    VL53L0X_isqrt                            0x00004fc7   Thumb Code    44  vl53l0x_api_core.o(i.VL53L0X_isqrt)
    VL53L0X_load_tuning_settings             0x00004ff3   Thumb Code   234  vl53l0x_api_core.o(i.VL53L0X_load_tuning_settings)
    VL53L0X_measurement_poll_for_completion  0x000050dd   Thumb Code    64  vl53l0x_api_core.o(i.VL53L0X_measurement_poll_for_completion)
    VL53L0X_perform_phase_calibration        0x0000511d   Thumb Code   124  vl53l0x_api_calibration.o(i.VL53L0X_perform_phase_calibration)
    VL53L0X_perform_ref_calibration          0x00005199   Thumb Code    76  vl53l0x_api_calibration.o(i.VL53L0X_perform_ref_calibration)
    VL53L0X_perform_ref_spad_management      0x000051e5   Thumb Code   658  vl53l0x_api_calibration.o(i.VL53L0X_perform_ref_spad_management)
    VL53L0X_perform_single_ref_calibration   0x00005477   Thumb Code    64  vl53l0x_api_calibration.o(i.VL53L0X_perform_single_ref_calibration)
    VL53L0X_perform_vhv_calibration          0x000054b7   Thumb Code   126  vl53l0x_api_calibration.o(i.VL53L0X_perform_vhv_calibration)
    VL53L0X_read_byte                        0x00005535   Thumb Code    28  vl53l0x_i2c.o(i.VL53L0X_read_byte)
    VL53L0X_read_dword                       0x00005551   Thumb Code    66  vl53l0x_i2c.o(i.VL53L0X_read_dword)
    VL53L0X_read_multi                       0x00005595   Thumb Code  2032  vl53l0x_i2c.o(i.VL53L0X_read_multi)
    VL53L0X_read_word                        0x00005d85   Thumb Code    50  vl53l0x_i2c.o(i.VL53L0X_read_word)
    VL53L0X_ref_calibration_io               0x00005db7   Thumb Code   176  vl53l0x_api_calibration.o(i.VL53L0X_ref_calibration_io)
    VL53L0X_setAddress                       0x00005e69   Thumb Code   178  vl53l0x.o(i.VL53L0X_setAddress)
    VL53L0X_set_measurement_timing_budget_micro_seconds 0x00005f31   Thumb Code   296  vl53l0x_api_core.o(i.VL53L0X_set_measurement_timing_budget_micro_seconds)
    VL53L0X_set_reference_spads              0x00006059   Thumb Code   194  vl53l0x_api_calibration.o(i.VL53L0X_set_reference_spads)
    VL53L0X_write_byte                       0x0000611b   Thumb Code    30  vl53l0x_i2c.o(i.VL53L0X_write_byte)
    VL53L0X_write_multi                      0x00006139   Thumb Code   896  vl53l0x_i2c.o(i.VL53L0X_write_multi)
    VL53L0X_write_word                       0x000064c9   Thumb Code    40  vl53l0x_i2c.o(i.VL53L0X_write_word)
    __scatterload_copy                       0x000064f1   Thumb Code    14  handlers.o(i.__scatterload_copy)
    __scatterload_null                       0x000064ff   Thumb Code     2  handlers.o(i.__scatterload_null)
    __scatterload_zeroinit                   0x00006501   Thumb Code    14  handlers.o(i.__scatterload_zeroinit)
    arrayToDistance                          0x0000650f   Thumb Code    28  main.o(i.arrayToDistance)
    enable_ref_spads                         0x00006599   Thumb Code   172  vl53l0x_api_calibration.o(i.enable_ref_spads)
    enable_spad_bit                          0x00006645   Thumb Code    50  vl53l0x_api_calibration.o(i.enable_spad_bit)
    get_next_good_spad                       0x00006677   Thumb Code   104  vl53l0x_api_calibration.o(i.get_next_good_spad)
    get_ref_spad_map                         0x000066df   Thumb Code    24  vl53l0x_api_calibration.o(i.get_ref_spad_map)
    get_sequence_step_timeout                0x000066f7   Thumb Code   290  vl53l0x_api_core.o(i.get_sequence_step_timeout)
    is_aperture                              0x00006819   Thumb Code    18  vl53l0x_api_calibration.o(i.is_aperture)
    main                                     0x00006831   Thumb Code   132  main.o(i.main)
    perform_ref_signal_measurement           0x000068d5   Thumb Code   110  vl53l0x_api_calibration.o(i.perform_ref_signal_measurement)
    sequence_step_enabled                    0x00006943   Thumb Code    72  vl53l0x_api.o(i.sequence_step_enabled)
    set_ref_spad_map                         0x0000698b   Thumb Code    24  vl53l0x_api_calibration.o(i.set_ref_spad_map)
    set_sequence_step_timeout                0x000069a3   Thumb Code   314  vl53l0x_api_core.o(i.set_sequence_step_timeout)
    Region$$Table$$Base                      0x00006af0   Number         0  anon$$obj.o(Region$$Table)
    Region$$Table$$Limit                     0x00006b10   Number         0  anon$$obj.o(Region$$Table)
    LaserDistance1                           0x20000000   Data           4  main.o(.data)
    LaserDistance2                           0x20000004   Data           4  main.o(.data)
    LaserDistance3                           0x20000008   Data           4  main.o(.data)
    LaserDistance4                           0x2000000c   Data           4  main.o(.data)
    LaserData1Rdy                            0x20000010   Data           8  main.o(.data)
    LaserData2Rdy                            0x20000018   Data           8  main.o(.data)
    NumCreated                               0x20000020   Data           4  main.o(.data)
    OS_SystemTime                            0x20000028   Data           4  os.o(.data)
    OS_SystemTimeMS                          0x2000002c   Data           4  os.o(.data)
    RunPt                                    0x20000030   Data           4  os.o(.data)
    NextRunPt                                0x20000034   Data           4  os.o(.data)
    Periodic_Thread1                         0x20000038   Data           4  os.o(.data)
    Period1                                  0x2000003c   Data           4  os.o(.data)
    Period1Counter                           0x20000040   Data           4  os.o(.data)
    Periodic_Thread2                         0x20000044   Data           4  os.o(.data)
    Period2                                  0x20000048   Data           4  os.o(.data)
    Period2Counter                           0x2000004c   Data           4  os.o(.data)
    Sw1Pri                                   0x20000050   Data           4  os.o(.data)
    SW1_Task                                 0x20000054   Data           4  os.o(.data)
    SW1_Priority                             0x20000058   Data           4  os.o(.data)
    LastSW1                                  0x2000005c   Data           4  os.o(.data)
    SW2_Task                                 0x20000060   Data           4  os.o(.data)
    SW2_Priority                             0x20000064   Data           4  os.o(.data)
    LastSW2                                  0x20000068   Data           4  os.o(.data)
    FiFo_Size_Unused                         0x2000006c   Data           4  os.o(.data)
    Get_Idx                                  0x20000070   Data           2  os.o(.data)
    Put_Idx                                  0x20000072   Data           2  os.o(.data)
    SemaFIFO                                 0x20000074   Data           8  os.o(.data)
    RxPutI                                   0x20000080   Data           4  uart.o(.data)
    RxGetI                                   0x20000084   Data           4  uart.o(.data)
    TxPutI                                   0x20000088   Data           4  uart.o(.data)
    TxGetI                                   0x2000008c   Data           4  uart.o(.data)
    semaUART                                 0x20000090   Data           8  uart.o(.data)
    RCVPutI                                  0x20000098   Data           4  can0.o(.data)
    RCVGetI                                  0x2000009c   Data           4  can0.o(.data)
    CANDataRdy                               0x200000a0   Data           8  can0.o(.data)
    MotorDirectionLeft                       0x200000b4   Data           1  motorcontrol.o(.data)
    MotorDirectionRight                      0x200000b5   Data           1  motorcontrol.o(.data)
    MutexMotors                              0x200000b8   Data           8  motorcontrol.o(.data)
    MutexServo                               0x200000c0   Data           8  motorcontrol.o(.data)
    status                                   0x200000c8   Data           1  vl53l0x.o(.data)
    DefaultTuningSettings                    0x200000c9   Data         243  vl53l0x_api.o(.data)
    InterruptThresholdSettings               0x200001bc   Data         438  vl53l0x_api.o(.data)
    refArrayQuadrants                        0x20000374   Data          16  vl53l0x_api_calibration.o(.data)
    RightPeriod                              0x20000384   Data           2  pwm.o(.data)
    LeftPeriod                               0x20000386   Data           2  pwm.o(.data)
    RightDirection                           0x20000388   Data           1  pwm.o(.data)
    LeftDirection                            0x20000389   Data           1  pwm.o(.data)
    Stacks                                   0x2000038c   Data        5120  os.o(.bss)
    PriorityTotal                            0x20001854   Data          32  os.o(.bss)
    PriorityAvailable                        0x20001874   Data          32  os.o(.bss)
    PriorityPtr                              0x20001894   Data          32  os.o(.bss)
    PriorityLastPtr                          0x200018b4   Data          32  os.o(.bss)
    OS_FiFo                                  0x200018d4   Data       16384  os.o(.bss)
    MailBox                                  0x200058d4   Data          20  os.o(.bss)
    VL53L0X_device0                          0x20005a08   Data         360  vl53l0x.o(.bss)
    VL53L0X_device1                          0x20005b70   Data         360  vl53l0x.o(.bss)
    VL53L0X_device2                          0x20005cd8   Data         360  vl53l0x.o(.bss)
    VL53L0X_device3                          0x20005e40   Data         360  vl53l0x.o(.bss)
    DeviceInfo0                              0x20005fa8   Data          99  vl53l0x.o(.bss)
    DeviceInfo1                              0x2000600b   Data          99  vl53l0x.o(.bss)
    DeviceInfo2                              0x2000606e   Data          99  vl53l0x.o(.bss)
    DeviceInfo3                              0x200060d1   Data          99  vl53l0x.o(.bss)
    __initial_sp                             0x20006538   Data           0  startup.o(STACK)



==============================================================================

Memory Map of the image

  Image Entry point : 0x0000026d

  Load Region LR_1 (Base: 0x00000000, Size: 0x00006e9c, Max: 0xffffffff, ABSOLUTE, COMPRESSED[0x00006d9c])

    Execution Region ER_RO (Exec base: 0x00000000, Load base: 0x00000000, Size: 0x00006b10, Max: 0xffffffff, ABSOLUTE)

    Exec Addr    Load Addr    Size         Type   Attr      Idx    E Section Name        Object

    0x00000000   0x00000000   0x00000284   Code   RO         2320  * RESET               startup.o
    0x00000284   0x00000284   0x00000000   Code   RO         2327  * .ARM.Collect$$$$00000000  mc_w.l(entry.o)
    0x00000284   0x00000284   0x00000004   Code   RO         2338    .ARM.Collect$$$$00000001  mc_w.l(entry2.o)
    0x00000288   0x00000288   0x00000004   Code   RO         2341    .ARM.Collect$$$$00000004  mc_w.l(entry5.o)
    0x0000028c   0x0000028c   0x00000000   Code   RO         2343    .ARM.Collect$$$$00000008  mc_w.l(entry7b.o)
    0x0000028c   0x0000028c   0x00000000   Code   RO         2345    .ARM.Collect$$$$0000000A  mc_w.l(entry8b.o)
    0x0000028c   0x0000028c   0x00000008   Code   RO         2346    .ARM.Collect$$$$0000000B  mc_w.l(entry9a.o)
    0x00000294   0x00000294   0x00000000   Code   RO         2348    .ARM.Collect$$$$0000000D  mc_w.l(entry10a.o)
    0x00000294   0x00000294   0x00000000   Code   RO         2350    .ARM.Collect$$$$0000000F  mc_w.l(entry11a.o)
    0x00000294   0x00000294   0x00000004   Code   RO         2339    .ARM.Collect$$$$00002712  mc_w.l(entry2.o)
    0x00000298   0x00000298   0x00000050   Code   RO          616    .text               osasm.o
    0x000002e8   0x000002e8   0x0000001c   Code   RO         2321    .text               startup.o
    0x00000304   0x00000304   0x00000024   Code   RO         2330    .text               mc_w.l(memcpya.o)
    0x00000328   0x00000328   0x00000024   Code   RO         2332    .text               mc_w.l(memseta.o)
    0x0000034c   0x0000034c   0x00000012   Code   RO         2334    .text               mc_w.l(strcpy.o)
    0x0000035e   0x0000035e   0x00000002   PAD
    0x00000360   0x00000360   0x00000024   Code   RO         2352    .text               mc_w.l(init.o)
    0x00000384   0x00000384   0x0000005e   Code   RO         2362    .text               mc_w.l(__dclz77c.o)
    0x000003e2   0x000003e2   0x00000002   PAD
    0x000003e4   0x000003e4   0x00000034   Code   RO          127    i.AddBlockedToSemaphore  os.o
    0x00000418   0x00000418   0x00000034   Code   RO            1    i.Algorithm         main.o
    0x0000044c   0x0000044c   0x0000003c   Code   RO          128    i.BlockTCB          os.o
    0x00000488   0x00000488   0x00000038   Code   RO          779    i.CAN0_GetMail      can0.o
    0x000004c0   0x000004c0   0x0000008c   Code   RO          780    i.CAN0_Handler      can0.o
    0x0000054c   0x0000054c   0x00000134   Code   RO          781    i.CAN0_Open         can0.o
    0x00000680   0x00000680   0x00000030   Code   RO          782    i.CAN0_Setup_Message_Object  can0.o
    0x000006b0   0x000006b0   0x00000094   Code   RO          620    i.CANBitRateSet     can.o
    0x00000744   0x00000744   0x00000036   Code   RO          621    i.CANDataRegRead    can.o
    0x0000077a   0x0000077a   0x00000036   Code   RO          622    i.CANDataRegWrite   can.o
    0x000007b0   0x000007b0   0x00000018   Code   RO          624    i.CANEnable         can.o
    0x000007c8   0x000007c8   0x0000009a   Code   RO          626    i.CANInit           can.o
    0x00000862   0x00000862   0x00000050   Code   RO          627    i.CANIntClear       can.o
    0x000008b2   0x000008b2   0x0000001a   Code   RO          629    i.CANIntEnable      can.o
    0x000008cc   0x000008cc   0x00000030   Code   RO          630    i.CANIntNumberGet   can.o
    0x000008fc   0x000008fc   0x0000003c   Code   RO          632    i.CANIntStatus      can.o
    0x00000938   0x00000938   0x000001b6   Code   RO          635    i.CANMessageGet     can.o
    0x00000aee   0x00000aee   0x000001b4   Code   RO          636    i.CANMessageSet     can.o
    0x00000ca2   0x00000ca2   0x00000002   PAD
    0x00000ca4   0x00000ca4   0x0000004c   Code   RO          637    i.CANRegRead        can.o
    0x00000cf0   0x00000cf0   0x00000018   Code   RO          638    i.CANRegWrite       can.o
    0x00000d08   0x00000d08   0x0000007c   Code   RO          641    i.CANStatusGet      can.o
    0x00000d84   0x00000d84   0x00000044   Code   RO         2214    i.DRV8848_LeftInit  pwm.o
    0x00000dc8   0x00000dc8   0x0000008c   Code   RO         2215    i.DRV8848_LeftStop  pwm.o
    0x00000e54   0x00000e54   0x00000044   Code   RO         2217    i.DRV8848_RightInit  pwm.o
    0x00000e98   0x00000e98   0x00000090   Code   RO         2218    i.DRV8848_RightStop  pwm.o
    0x00000f28   0x00000f28   0x000000c8   Code   RO          129    i.GPIOPortF_Handler  os.o
    0x00000ff0   0x00000ff0   0x00000068   Code   RO            2    i.GPIO_PortE_Init   main.o
    0x00001058   0x00001058   0x00000074   Code   RO            3    i.GPIO_PortF_Init   main.o
    0x000010cc   0x000010cc   0x0000001c   Code   RO            4    i.GetLaser1         main.o
    0x000010e8   0x000010e8   0x0000001c   Code   RO            5    i.GetLaser2         main.o
    0x00001104   0x00001104   0x00000018   Code   RO            6    i.HardFault_Handler  main.o
    0x0000111c   0x0000111c   0x00000020   Code   RO            7    i.IOInit            main.o
    0x0000113c   0x0000113c   0x00000018   Code   RO          130    i.IO_Init           os.o
    0x00001154   0x00001154   0x00000080   Code   RO          837    i.IntDisable        interrupt.o
    0x000011d4   0x000011d4   0x00000080   Code   RO          838    i.IntEnable         interrupt.o
    0x00001254   0x00001254   0x00000108   Code   RO         2221    i.Left_Init         pwm.o
    0x0000135c   0x0000135c   0x00000108   Code   RO         2222    i.Left_InitB        pwm.o
    0x00001464   0x00001464   0x00000044   Code   RO          131    i.LinkTCB           os.o
    0x000014a8   0x000014a8   0x00000058   Code   RO          926    i.Motor_DirectionLeft  motorcontrol.o
    0x00001500   0x00001500   0x00000058   Code   RO          927    i.Motor_DirectionRight  motorcontrol.o
    0x00001558   0x00001558   0x00000080   Code   RO          928    i.Motor_Initialization  motorcontrol.o
    0x000015d8   0x000015d8   0x00000070   Code   RO          929    i.Motor_Speed       motorcontrol.o
    0x00001648   0x00001648   0x00000050   Code   RO          930    i.Motor_SpeedLeft   motorcontrol.o
    0x00001698   0x00001698   0x00000050   Code   RO          931    i.Motor_SpeedRight  motorcontrol.o
    0x000016e8   0x000016e8   0x00000078   Code   RO          932    i.Motor_Steer       motorcontrol.o
    0x00001760   0x00001760   0x00000064   Code   RO          133    i.OS_AddPriorityThread  os.o
    0x000017c4   0x000017c4   0x00000134   Code   RO          136    i.OS_AddThread      os.o
    0x000018f8   0x000018f8   0x00000030   Code   RO          140    i.OS_Fifo_Init      os.o
    0x00001928   0x00001928   0x0000003c   Code   RO          144    i.OS_Init           os.o
    0x00001964   0x00001964   0x0000001a   Code   RO          145    i.OS_InitSemaphore  os.o
    0x0000197e   0x0000197e   0x00000002   PAD
    0x00001980   0x00001980   0x00000168   Code   RO          146    i.OS_Kill           os.o
    0x00001ae8   0x00001ae8   0x00000048   Code   RO          147    i.OS_Launch         os.o
    0x00001b30   0x00001b30   0x0000001c   Code   RO          148    i.OS_MailBox_Init   os.o
    0x00001b4c   0x00001b4c   0x0000009c   Code   RO          152    i.OS_Scheduler      os.o
    0x00001be8   0x00001be8   0x00000024   Code   RO          153    i.OS_Signal         os.o
    0x00001c0c   0x00001c0c   0x0000003c   Code   RO          154    i.OS_Sleep          os.o
    0x00001c48   0x00001c48   0x00000018   Code   RO          155    i.OS_Suspend        os.o
    0x00001c60   0x00001c60   0x00000024   Code   RO          158    i.OS_Wait           os.o
    0x00001c84   0x00001c84   0x0000007c   Code   RO          464    i.PLL_Init          pll.o
    0x00001d00   0x00001d00   0x00000068   Code   RO            8    i.ProcessCAN        main.o
    0x00001d68   0x00001d68   0x00000044   Code   RO          783    i.RCVFifo_Get       can0.o
    0x00001dac   0x00001dac   0x00000024   Code   RO          784    i.RCVFifo_Init      can0.o
    0x00001dd0   0x00001dd0   0x0000004c   Code   RO          785    i.RCVFifo_Put       can0.o
    0x00001e1c   0x00001e1c   0x0000000a   Code   RO          163    i.RemoveBlockedFromSemaphore  os.o
    0x00001e26   0x00001e26   0x00000002   PAD
    0x00001e28   0x00001e28   0x000000f4   Code   RO         2225    i.Right_Init        pwm.o
    0x00001f1c   0x00001f1c   0x000000f4   Code   RO         2226    i.Right_InitB       pwm.o
    0x00002010   0x00002010   0x00000024   Code   RO          481    i.RxFifo_Init       uart.o
    0x00002034   0x00002034   0x0000003c   Code   RO          482    i.RxFifo_Put        uart.o
    0x00002070   0x00002070   0x00000018   Code   RO          483    i.RxFifo_Size       uart.o
    0x00002088   0x00002088   0x0000002c   Code   RO          164    i.SW1_Debounce      os.o
    0x000020b4   0x000020b4   0x0000002c   Code   RO          166    i.SW2_Debounce      os.o
    0x000020e0   0x000020e0   0x0000000c   Code   RO         2227    i.Servo_Duty        pwm.o
    0x000020ec   0x000020ec   0x000000cc   Code   RO         2228    i.Servo_Init        pwm.o
    0x000021b8   0x000021b8   0x000000ec   Code   RO          168    i.SetInitialStack   os.o
    0x000022a4   0x000022a4   0x0000004c   Code   RO          169    i.SetThreads        os.o
    0x000022f0   0x000022f0   0x00000014   Code   RO          170    i.SysTick_Handler   os.o
    0x00002304   0x00002304   0x00000030   Code   RO          171    i.SysTick_Init      os.o
    0x00002334   0x00002334   0x0000001c   Code   RO          172    i.Timer0A_Handler   os.o
    0x00002350   0x00002350   0x00000060   Code   RO          173    i.Timer0A_Init      os.o
    0x000023b0   0x000023b0   0x00000018   Code   RO          174    i.Timer1A_Handler   os.o
    0x000023c8   0x000023c8   0x00000090   Code   RO          175    i.Timer3A_Handler   os.o
    0x00002458   0x00002458   0x00000064   Code   RO          176    i.Timer3A_Init      os.o
    0x000024bc   0x000024bc   0x00000018   Code   RO          177    i.Timer4A_Handler   os.o
    0x000024d4   0x000024d4   0x00000014   Code   RO          988    i.ToF_Init          tof.o
    0x000024e8   0x000024e8   0x00000024   Code   RO          989    i.ToF_Measure       tof.o
    0x0000250c   0x0000250c   0x0000003c   Code   RO          484    i.TxFifo_Get        uart.o
    0x00002548   0x00002548   0x00000024   Code   RO          485    i.TxFifo_Init       uart.o
    0x0000256c   0x0000256c   0x0000003c   Code   RO          486    i.TxFifo_Put        uart.o
    0x000025a8   0x000025a8   0x00000018   Code   RO          487    i.TxFifo_Size       uart.o
    0x000025c0   0x000025c0   0x00000058   Code   RO          488    i.UART0_Handler     uart.o
    0x00002618   0x00002618   0x000000d4   Code   RO          493    i.UART_Init         uart.o
    0x000026ec   0x000026ec   0x00000044   Code   RO          494    i.UART_OutChar      uart.o
    0x00002730   0x00002730   0x00000034   Code   RO          497    i.UART_OutUHex      uart.o
    0x00002764   0x00002764   0x00000018   Code   RO          178    i.UnBlockTCB        os.o
    0x0000277c   0x0000277c   0x00000030   Code   RO          179    i.UnLinkTCB         os.o
    0x000027ac   0x000027ac   0x00000084   Code   RO         1232    i.VL53L0X_CheckAndLoadInterruptSettings  vl53l0x_api.o
    0x00002830   0x00002830   0x00000052   Code   RO         1233    i.VL53L0X_ClearInterruptMask  vl53l0x_api.o
    0x00002882   0x00002882   0x00000002   PAD
    0x00002884   0x00002884   0x000001b8   Code   RO         1234    i.VL53L0X_DataInit  vl53l0x_api.o
    0x00002a3c   0x00002a3c   0x00000016   Code   RO         1238    i.VL53L0X_GetDeviceInfo  vl53l0x_api.o
    0x00002a52   0x00002a52   0x0000000a   Code   RO         1239    i.VL53L0X_GetDeviceMode  vl53l0x_api.o
    0x00002a5c   0x00002a5c   0x000000a0   Code   RO         1240    i.VL53L0X_GetDeviceParameters  vl53l0x_api.o
    0x00002afc   0x00002afc   0x00000022   Code   RO         1242    i.VL53L0X_GetFractionEnable  vl53l0x_api.o
    0x00002b1e   0x00002b1e   0x0000003e   Code   RO         1246    i.VL53L0X_GetInterMeasurementPeriodMilliSeconds  vl53l0x_api.o
    0x00002b5c   0x00002b5c   0x00000030   Code   RO         1247    i.VL53L0X_GetInterruptMaskStatus  vl53l0x_api.o
    0x00002b8c   0x00002b8c   0x00000042   Code   RO         1248    i.VL53L0X_GetInterruptThresholds  vl53l0x_api.o
    0x00002bce   0x00002bce   0x0000001c   Code   RO         1250    i.VL53L0X_GetLimitCheckEnable  vl53l0x_api.o
    0x00002bea   0x00002bea   0x000000b6   Code   RO         1253    i.VL53L0X_GetLimitCheckValue  vl53l0x_api.o
    0x00002ca0   0x00002ca0   0x00000056   Code   RO         1256    i.VL53L0X_GetMeasurementDataReady  vl53l0x_api.o
    0x00002cf6   0x00002cf6   0x00000016   Code   RO         1258    i.VL53L0X_GetMeasurementTimingBudgetMicroSeconds  vl53l0x_api.o
    0x00002d0c   0x00002d0c   0x00000016   Code   RO         1262    i.VL53L0X_GetOffsetCalibrationDataMicroMeter  vl53l0x_api.o
    0x00002d22   0x00002d22   0x0000016e   Code   RO         1270    i.VL53L0X_GetRangingMeasurementData  vl53l0x_api.o
    0x00002e90   0x00002e90   0x00000076   Code   RO         1274    i.VL53L0X_GetSequenceStepEnables  vl53l0x_api.o
    0x00002f06   0x00002f06   0x00000052   Code   RO         1275    i.VL53L0X_GetSequenceStepTimeout  vl53l0x_api.o
    0x00002f58   0x00002f58   0x0000001e   Code   RO         1283    i.VL53L0X_GetVcselPulsePeriod  vl53l0x_api.o
    0x00002f76   0x00002f76   0x0000003e   Code   RO         1285    i.VL53L0X_GetWrapAroundCheckEnable  vl53l0x_api.o
    0x00002fb4   0x00002fb4   0x0000000c   Code   RO         1286    i.VL53L0X_GetXTalkCompensationEnable  vl53l0x_api.o
    0x00002fc0   0x00002fc0   0x00000038   Code   RO         1287    i.VL53L0X_GetXTalkCompensationRateMegaCps  vl53l0x_api.o
    0x00002ff8   0x00002ff8   0x00000260   Code   RO         1084    i.VL53L0X_I2C_Init  vl53l0x_i2c.o
    0x00003258   0x00003258   0x00000420   Code   RO         1045    i.VL53L0X_Init      vl53l0x.o
    0x00003678   0x00003678   0x00000020   Code   RO         1289    i.VL53L0X_PerformRefCalibration  vl53l0x_api.o
    0x00003698   0x00003698   0x0000001e   Code   RO         1290    i.VL53L0X_PerformRefSpadManagement  vl53l0x_api.o
    0x000036b6   0x000036b6   0x0000003c   Code   RO         1292    i.VL53L0X_PerformSingleMeasurement  vl53l0x_api.o
    0x000036f2   0x000036f2   0x00000038   Code   RO         1293    i.VL53L0X_PerformSingleRangingMeasurement  vl53l0x_api.o
    0x0000372a   0x0000372a   0x0000001c   Code   RO         1148    i.VL53L0X_PollingDelay  vl53l0x_platform.o
    0x00003746   0x00003746   0x00000030   Code   RO         1149    i.VL53L0X_RdByte    vl53l0x_platform.o
    0x00003776   0x00003776   0x00000030   Code   RO         1150    i.VL53L0X_RdDWord   vl53l0x_platform.o
    0x000037a6   0x000037a6   0x00000030   Code   RO         1151    i.VL53L0X_RdWord    vl53l0x_platform.o
    0x000037d6   0x000037d6   0x0000003a   Code   RO         1152    i.VL53L0X_ReadMulti  vl53l0x_platform.o
    0x00003810   0x00003810   0x00000024   Code   RO         1297    i.VL53L0X_SetDeviceAddress  vl53l0x_api.o
    0x00003834   0x00003834   0x00000032   Code   RO         1298    i.VL53L0X_SetDeviceMode  vl53l0x_api.o
    0x00003866   0x00003866   0x00000166   Code   RO         1301    i.VL53L0X_SetGpioConfig  vl53l0x_api.o
    0x000039cc   0x000039cc   0x000000c2   Code   RO         1306    i.VL53L0X_SetLimitCheckEnable  vl53l0x_api.o
    0x00003a8e   0x00003a8e   0x00000076   Code   RO         1307    i.VL53L0X_SetLimitCheckValue  vl53l0x_api.o
    0x00003b04   0x00003b04   0x00000016   Code   RO         1309    i.VL53L0X_SetMeasurementTimingBudgetMicroSeconds  vl53l0x_api.o
    0x00003b1a   0x00003b1a   0x000000c4   Code   RO         1316    i.VL53L0X_SetSequenceStepEnable  vl53l0x_api.o
    0x00003bde   0x00003bde   0x00000108   Code   RO         1325    i.VL53L0X_StartMeasurement  vl53l0x_api.o
    0x00003ce6   0x00003ce6   0x00000002   PAD
    0x00003ce8   0x00003ce8   0x000001a0   Code   RO         1326    i.VL53L0X_StaticInit  vl53l0x_api.o
    0x00003e88   0x00003e88   0x00000060   Code   RO         1154    i.VL53L0X_UpdateByte  vl53l0x_platform.o
    0x00003ee8   0x00003ee8   0x00000030   Code   RO         1155    i.VL53L0X_WrByte    vl53l0x_platform.o
    0x00003f18   0x00003f18   0x00000030   Code   RO         1157    i.VL53L0X_WrWord    vl53l0x_platform.o
    0x00003f48   0x00003f48   0x00000040   Code   RO         1158    i.VL53L0X_WriteMulti  vl53l0x_platform.o
    0x00003f88   0x00003f88   0x0000018c   Code   RO         1850    i.VL53L0X_calc_dmax  vl53l0x_api_core.o
    0x00004114   0x00004114   0x00000016   Code   RO         1851    i.VL53L0X_calc_macro_period_ps  vl53l0x_api_core.o
    0x0000412a   0x0000412a   0x00000002   PAD
    0x0000412c   0x0000412c   0x000002b0   Code   RO         1852    i.VL53L0X_calc_sigma_estimate  vl53l0x_api_core.o
    0x000043dc   0x000043dc   0x00000034   Code   RO         1853    i.VL53L0X_calc_timeout_mclks  vl53l0x_api_core.o
    0x00004410   0x00004410   0x00000036   Code   RO         1854    i.VL53L0X_calc_timeout_us  vl53l0x_api_core.o
    0x00004446   0x00004446   0x00000002   PAD
    0x00004448   0x00004448   0x00000050   Code   RO         2159    i.VL53L0X_check_part_used  vl53l0x_api_strings.o
    0x00004498   0x00004498   0x0000000e   Code   RO         1855    i.VL53L0X_decode_timeout  vl53l0x_api_core.o
    0x000044a6   0x000044a6   0x0000000c   Code   RO         1856    i.VL53L0X_decode_vcsel_period  vl53l0x_api_core.o
    0x000044b2   0x000044b2   0x0000004e   Code   RO         1857    i.VL53L0X_device_read_strobe  vl53l0x_api_core.o
    0x00004500   0x00004500   0x00000028   Code   RO         1858    i.VL53L0X_encode_timeout  vl53l0x_api_core.o
    0x00004528   0x00004528   0x00000058   Code   RO         1046    i.VL53L0X_getSingleRangingMeasurement  vl53l0x.o
    0x00004580   0x00004580   0x000000dc   Code   RO         2161    i.VL53L0X_get_device_info  vl53l0x_api_strings.o
    0x0000465c   0x0000465c   0x0000054a   Code   RO         1860    i.VL53L0X_get_info_from_device  vl53l0x_api_core.o
    0x00004ba6   0x00004ba6   0x000000ee   Code   RO         1861    i.VL53L0X_get_measurement_timing_budget_micro_seconds  vl53l0x_api_core.o
    0x00004c94   0x00004c94   0x00000056   Code   RO         2013    i.VL53L0X_get_offset_calibration_data_micro_meter  vl53l0x_api_calibration.o
    0x00004cea   0x00004cea   0x00000234   Code   RO         1862    i.VL53L0X_get_pal_range_status  vl53l0x_api_core.o
    0x00004f1e   0x00004f1e   0x00000028   Code   RO         1863    i.VL53L0X_get_total_signal_rate  vl53l0x_api_core.o
    0x00004f46   0x00004f46   0x0000003a   Code   RO         1864    i.VL53L0X_get_total_xtalk_rate  vl53l0x_api_core.o
    0x00004f80   0x00004f80   0x00000046   Code   RO         1865    i.VL53L0X_get_vcsel_pulse_period  vl53l0x_api_core.o
    0x00004fc6   0x00004fc6   0x0000002c   Code   RO         1866    i.VL53L0X_isqrt     vl53l0x_api_core.o
    0x00004ff2   0x00004ff2   0x000000ea   Code   RO         1867    i.VL53L0X_load_tuning_settings  vl53l0x_api_core.o
    0x000050dc   0x000050dc   0x00000040   Code   RO         1868    i.VL53L0X_measurement_poll_for_completion  vl53l0x_api_core.o
    0x0000511c   0x0000511c   0x0000007c   Code   RO         2017    i.VL53L0X_perform_phase_calibration  vl53l0x_api_calibration.o
    0x00005198   0x00005198   0x0000004c   Code   RO         2018    i.VL53L0X_perform_ref_calibration  vl53l0x_api_calibration.o
    0x000051e4   0x000051e4   0x00000292   Code   RO         2019    i.VL53L0X_perform_ref_spad_management  vl53l0x_api_calibration.o
    0x00005476   0x00005476   0x00000040   Code   RO         2020    i.VL53L0X_perform_single_ref_calibration  vl53l0x_api_calibration.o
    0x000054b6   0x000054b6   0x0000007e   Code   RO         2021    i.VL53L0X_perform_vhv_calibration  vl53l0x_api_calibration.o
    0x00005534   0x00005534   0x0000001c   Code   RO         1085    i.VL53L0X_read_byte  vl53l0x_i2c.o
    0x00005550   0x00005550   0x00000042   Code   RO         1086    i.VL53L0X_read_dword  vl53l0x_i2c.o
    0x00005592   0x00005592   0x00000002   PAD
    0x00005594   0x00005594   0x000007f0   Code   RO         1087    i.VL53L0X_read_multi  vl53l0x_i2c.o
    0x00005d84   0x00005d84   0x00000032   Code   RO         1088    i.VL53L0X_read_word  vl53l0x_i2c.o
    0x00005db6   0x00005db6   0x000000b0   Code   RO         2023    i.VL53L0X_ref_calibration_io  vl53l0x_api_calibration.o
    0x00005e66   0x00005e66   0x00000002   PAD
    0x00005e68   0x00005e68   0x000000c8   Code   RO         1047    i.VL53L0X_setAddress  vl53l0x.o
    0x00005f30   0x00005f30   0x00000128   Code   RO         1871    i.VL53L0X_set_measurement_timing_budget_micro_seconds  vl53l0x_api_core.o
    0x00006058   0x00006058   0x000000c2   Code   RO         2026    i.VL53L0X_set_reference_spads  vl53l0x_api_calibration.o
    0x0000611a   0x0000611a   0x0000001e   Code   RO         1089    i.VL53L0X_write_byte  vl53l0x_i2c.o
    0x00006138   0x00006138   0x00000390   Code   RO         1091    i.VL53L0X_write_multi  vl53l0x_i2c.o
    0x000064c8   0x000064c8   0x00000028   Code   RO         1092    i.VL53L0X_write_word  vl53l0x_i2c.o
    0x000064f0   0x000064f0   0x0000000e   Code   RO         2356    i.__scatterload_copy  mc_w.l(handlers.o)
    0x000064fe   0x000064fe   0x00000002   Code   RO         2357    i.__scatterload_null  mc_w.l(handlers.o)
    0x00006500   0x00006500   0x0000000e   Code   RO         2358    i.__scatterload_zeroinit  mc_w.l(handlers.o)
    0x0000650e   0x0000650e   0x0000001c   Code   RO           10    i.arrayToDistance   main.o
    0x0000652a   0x0000652a   0x00000002   PAD
    0x0000652c   0x0000652c   0x00000028   Code   RO          498    i.copyHardwareToSoftware  uart.o
    0x00006554   0x00006554   0x0000002c   Code   RO          499    i.copySoftwareToHardware  uart.o
    0x00006580   0x00006580   0x00000018   Code   RO         1048    i.delay             vl53l0x.o
    0x00006598   0x00006598   0x000000ac   Code   RO         2028    i.enable_ref_spads  vl53l0x_api_calibration.o
    0x00006644   0x00006644   0x00000032   Code   RO         2029    i.enable_spad_bit   vl53l0x_api_calibration.o
    0x00006676   0x00006676   0x00000068   Code   RO         2030    i.get_next_good_spad  vl53l0x_api_calibration.o
    0x000066de   0x000066de   0x00000018   Code   RO         2031    i.get_ref_spad_map  vl53l0x_api_calibration.o
    0x000066f6   0x000066f6   0x00000122   Code   RO         1873    i.get_sequence_step_timeout  vl53l0x_api_core.o
    0x00006818   0x00006818   0x00000018   Code   RO         2032    i.is_aperture       vl53l0x_api_calibration.o
    0x00006830   0x00006830   0x000000a4   Code   RO           11    i.main              main.o
    0x000068d4   0x000068d4   0x0000006e   Code   RO         2033    i.perform_ref_signal_measurement  vl53l0x_api_calibration.o
    0x00006942   0x00006942   0x00000048   Code   RO         1330    i.sequence_step_enabled  vl53l0x_api.o
    0x0000698a   0x0000698a   0x00000018   Code   RO         2034    i.set_ref_spad_map  vl53l0x_api_calibration.o
    0x000069a2   0x000069a2   0x0000013a   Code   RO         1874    i.set_sequence_step_timeout  vl53l0x_api_core.o
    0x00006adc   0x00006adc   0x00000012   Data   RO          642    .constdata          can.o
    0x00006aee   0x00006aee   0x00000002   PAD
    0x00006af0   0x00006af0   0x00000020   Data   RO         2354    Region$$Table       anon$$obj.o


    Execution Region ER_RW (Exec base: 0x20000000, Load base: 0x00006b10, Size: 0x0000038c, Max: 0xffffffff, ABSOLUTE, COMPRESSED[0x0000028c])

    Exec Addr    Load Addr    Size         Type   Attr      Idx    E Section Name        Object

    0x20000000   COMPRESSED   0x00000024   Data   RW           12    .data               main.o
    0x20000024   COMPRESSED   0x00000059   Data   RW          181    .data               os.o
    0x2000007d   COMPRESSED   0x00000003   PAD
    0x20000080   COMPRESSED   0x00000018   Data   RW          501    .data               uart.o
    0x20000098   COMPRESSED   0x00000010   Data   RW          788    .data               can0.o
    0x200000a8   COMPRESSED   0x00000020   Data   RW          934    .data               motorcontrol.o
    0x200000c8   COMPRESSED   0x00000001   Data   RW         1050    .data               vl53l0x.o
    0x200000c9   COMPRESSED   0x000002a9   Data   RW         1331    .data               vl53l0x_api.o
    0x20000372   COMPRESSED   0x00000002   PAD
    0x20000374   COMPRESSED   0x00000010   Data   RW         2035    .data               vl53l0x_api_calibration.o
    0x20000384   COMPRESSED   0x00000006   Data   RW         2229    .data               pwm.o


    Execution Region ER_ZI (Exec base: 0x2000038c, Load base: 0x00006d9c, Size: 0x000061ac, Max: 0xffffffff, ABSOLUTE)

    Exec Addr    Load Addr    Size         Type   Attr      Idx    E Section Name        Object

    0x2000038c        -       0x0000555c   Zero   RW          180    .bss                os.o
    0x200058e8        -       0x00000080   Zero   RW          500    .bss                uart.o
    0x20005968        -       0x000000a0   Zero   RW          787    .bss                can0.o
    0x20005a08        -       0x0000072c   Zero   RW         1049    .bss                vl53l0x.o
    0x20006134   0x00006d9c   0x00000004   PAD
    0x20006138        -       0x00000400   Zero   RW         2318    STACK               startup.o


==============================================================================

Image component sizes


      Code (inc. data)   RO Data    RW Data    ZI Data      Debug   Object Name

      1746         20         18          0          0      16037   can.o
       732         88          0         16        160       5366   can0.o
       256         20          0          0          0       1145   interrupt.o
       680        104          0         36          0      11820   main.o
       696        112          0         32          0       4825   motorcontrol.o
      2684        344          0         89      21852      21483   os.o
        80         10          0          0          0        336   osasm.o
       124          4          0          0          0        503   pll.o
      1652        224          0          6          0       6294   pwm.o
       672        622          0          0       1024       1064   startup.o
        56          0          0          0          0      16865   tof.o
       804        134          0         24        128       8044   uart.o
      1368         76          0          1       1836       4551   vl53l0x.o
      4026         62          0        681          0      31907   vl53l0x_api.o
      2012          6          0         16          0      15775   vl53l0x_api_calibration.o
      4922         18          0          0          0      26288   vl53l0x_api_core.o
       300         74          0          0          0       2500   vl53l0x_api_strings.o
      3766         90          0          0          0       8957   vl53l0x_i2c.o
       486          0          0          0          0       8319   vl53l0x_platform.o

    ----------------------------------------------------------------------
     27082       2008         52        908      25004     192079   Object Totals
         0          0         32          0          0          0   (incl. Generated)
        20          0          2          7          4          0   (incl. Padding)

    ----------------------------------------------------------------------

      Code (inc. data)   RO Data    RW Data    ZI Data      Debug   Library Member Name

        94          0          0          0          0          0   __dclz77c.o
         0          0          0          0          0          0   entry.o
         0          0          0          0          0          0   entry10a.o
         0          0          0          0          0          0   entry11a.o
         8          4          0          0          0          0   entry2.o
         4          0          0          0          0          0   entry5.o
         0          0          0          0          0          0   entry7b.o
         0          0          0          0          0          0   entry8b.o
         8          4          0          0          0          0   entry9a.o
        30          0          0          0          0          0   handlers.o
        36          8          0          0          0         68   init.o
        36          0          0          0          0         68   memcpya.o
        36          0          0          0          0        108   memseta.o
        18          0          0          0          0         68   strcpy.o

    ----------------------------------------------------------------------
       274         16          0          0          0        312   Library Totals
         4          0          0          0          0          0   (incl. Padding)

    ----------------------------------------------------------------------

      Code (inc. data)   RO Data    RW Data    ZI Data      Debug   Library Name

       270         16          0          0          0        312   mc_w.l

    ----------------------------------------------------------------------
       274         16          0          0          0        312   Library Totals

    ----------------------------------------------------------------------

==============================================================================


      Code (inc. data)   RO Data    RW Data    ZI Data      Debug   

     27356       2024         52        908      25004     182587   Grand Totals
     27356       2024         52        652      25004     182587   ELF Image Totals (compressed)
     27356       2024         52        652          0          0   ROM Totals

==============================================================================

    Total RO  Size (Code + RO Data)                27408 (  26.77kB)
    Total RW  Size (RW Data + ZI Data)             25912 (  25.30kB)
    Total ROM Size (Code + RO Data + RW Data)      28060 (  27.40kB)

==============================================================================

