Component: ARM Compiler 5.06 update 6 (build 750) Tool: armlink [4d35ed]

==============================================================================

Section Cross References

    main.o(i.GetLaser1) refers to tof.o(i.ToF_Measure) for ToF_Measure
    main.o(i.GetLaser1) refers to main.o(i.laserToArray) for laserToArray
    main.o(i.GetLaser1) refers to os.o(i.OS_Signal) for OS_Signal
    main.o(i.GetLaser1) refers to uart.o(i.UART_OutString) for UART_OutString
    main.o(i.GetLaser1) refers to uart.o(i.UART_OutUDec) for UART_OutUDec
    main.o(i.GetLaser1) refers to main.o(.data) for LaserData1
    main.o(i.GetLaser2) refers to tof.o(i.ToF_Measure) for ToF_Measure
    main.o(i.GetLaser2) refers to main.o(i.laserToArray) for laserToArray
    main.o(i.GetLaser2) refers to uart.o(i.UART_OutString) for UART_OutString
    main.o(i.GetLaser2) refers to uart.o(i.UART_OutUDec) for UART_OutUDec
    main.o(i.GetLaser2) refers to os.o(i.OS_Signal) for OS_Signal
    main.o(i.GetLaser2) refers to main.o(.data) for LaserData1
    main.o(i.IOInit) refers to main.o(i.GPIO_PortF_Init) for GPIO_PortF_Init
    main.o(i.IOInit) refers to main.o(i.GPIO_PortE_Init) for GPIO_PortE_Init
    main.o(i.IOInit) refers to can0.o(i.CAN0_Open) for CAN0_Open
    main.o(i.IOInit) refers to tof.o(i.ToF_Init) for ToF_Init
    main.o(i.SendLaser1) refers to os.o(i.OS_Wait) for OS_Wait
    main.o(i.SendLaser1) refers to can0.o(i.CAN0_SendData) for CAN0_SendData
    main.o(i.SendLaser1) refers to main.o(.data) for LaserData1Rdy
    main.o(i.SendLaser2) refers to os.o(i.OS_Wait) for OS_Wait
    main.o(i.SendLaser2) refers to can0.o(i.CAN0_SendData) for CAN0_SendData
    main.o(i.SendLaser2) refers to main.o(.data) for LaserData2Rdy
    main.o(i.WrapInterpreter) refers to interpreter.o(i.Interpreter) for Interpreter
    main.o(i.main) refers to os.o(i.OS_Init) for OS_Init
    main.o(i.main) refers to os.o(i.OS_MailBox_Init) for OS_MailBox_Init
    main.o(i.main) refers to os.o(i.OS_Fifo_Init) for OS_Fifo_Init
    main.o(i.main) refers to main.o(i.IOInit) for IOInit
    main.o(i.main) refers to os.o(i.OS_AddThread) for OS_AddThread
    main.o(i.main) refers to os.o(i.OS_InitSemaphore) for OS_InitSemaphore
    main.o(i.main) refers to os.o(i.OS_Launch) for OS_Launch
    main.o(i.main) refers to main.o(.data) for NumCreated
    main.o(i.main) refers to main.o(i.GetLaser1) for GetLaser1
    main.o(i.main) refers to main.o(i.GetLaser2) for GetLaser2
    main.o(i.main) refers to main.o(i.SendLaser1) for SendLaser1
    main.o(i.main) refers to main.o(i.SendLaser2) for SendLaser2
    interpreter.o(i.Interpreter) refers to uart.o(i.UART_OutString) for UART_OutString
    interpreter.o(i.Interpreter) refers to interpreter.o(i.newLine) for newLine
    interpreter.o(i.Interpreter) refers to uart.o(i.UART_InChar) for UART_InChar
    interpreter.o(i.Interpreter) refers to tof.o(i.ToF_Measure) for ToF_Measure
    interpreter.o(i.Interpreter) refers to uart.o(i.UART_OutUDec) for UART_OutUDec
    interpreter.o(i.Interpreter) refers to uart.o(i.UART_InString) for UART_InString
    interpreter.o(i.Interpreter) refers to can0.o(i.CAN0_SendData) for CAN0_SendData
    interpreter.o(i.Interpreter) refers to interpreter.o(.data) for UserInput
    interpreter.o(i.newLine) refers to uart.o(i.OutCRLF) for OutCRLF
    os.o(i.AddBlockedToSemaphore) refers to os.o(.data) for RunPt
    os.o(i.BlockTCB) refers to os.o(i.UnLinkTCB) for UnLinkTCB
    os.o(i.BlockTCB) refers to os.o(i.AddBlockedToSemaphore) for AddBlockedToSemaphore
    os.o(i.BlockTCB) refers to os.o(i.OS_Suspend) for OS_Suspend
    os.o(i.BlockTCB) refers to os.o(.data) for RunPt
    os.o(i.BlockTCB) refers to os.o(.bss) for PriorityAvailable
    os.o(i.GPIOPortF_Handler) refers to os.o(i.OS_AddThread) for OS_AddThread
    os.o(i.GPIOPortF_Handler) refers to os.o(.data) for LastSW1
    os.o(i.GPIOPortF_Handler) refers to os.o(i.SW1_Debounce) for SW1_Debounce
    os.o(i.GPIOPortF_Handler) refers to os.o(i.SW2_Debounce) for SW2_Debounce
    os.o(i.IO_Init) refers to st7735.o(i.ST7735_InitR) for ST7735_InitR
    os.o(i.IO_Init) refers to st7735.o(i.ST7735_FillScreen) for ST7735_FillScreen
    os.o(i.IO_Init) refers to st7735.o(i.ST7735_SetCursor) for ST7735_SetCursor
    os.o(i.IO_Init) refers to st7735.o(i.ST7735_OutString) for ST7735_OutString
    os.o(i.IO_Init) refers to st7735.o(i.ST7735_DrawFastHLine) for ST7735_DrawFastHLine
    os.o(i.IO_Init) refers to uart.o(i.UART_Init) for UART_Init
    os.o(i.IO_Init) refers to os.o(i.Timer3A_Init) for Timer3A_Init
    os.o(i.Jitter) refers to st7735.o(i.ST7735_Message) for ST7735_Message
    os.o(i.Jitter) refers to os.o(.data) for JitterMax_Periodic1
    os.o(i.LinkTCB) refers to os.o(.data) for RunPt
    os.o(i.LinkTCB) refers to os.o(.bss) for PriorityAvailable
    os.o(i.OS_AddPeriodicThread) refers to os.o(i.PeriodicThread1_Init) for PeriodicThread1_Init
[...]
    i.OS_Sleep                               0x0000157c   Section        0  os.o(i.OS_Sleep)
    i.OS_Suspend                             0x000015b8   Section        0  os.o(i.OS_Suspend)
    i.OS_Time                                0x000015d0   Section        0  os.o(i.OS_Time)
    i.OS_TimeDifference                      0x000015dc   Section        0  os.o(i.OS_TimeDifference)
    i.OS_Wait                                0x000015ee   Section        0  os.o(i.OS_Wait)
    i.PLL_Init                               0x00001614   Section        0  pll.o(i.PLL_Init)
    i.RemoveBlockedFromSemaphore             0x00001690   Section        0  os.o(i.RemoveBlockedFromSemaphore)
    i.RxFifo_Init                            0x0000169c   Section        0  uart.o(i.RxFifo_Init)
    i.RxFifo_Put                             0x000016c0   Section        0  uart.o(i.RxFifo_Put)
    i.RxFifo_Size                            0x000016fc   Section        0  uart.o(i.RxFifo_Size)
    i.ST7735_DrawCharS                       0x00001714   Section        0  st7735.o(i.ST7735_DrawCharS)
    i.ST7735_DrawFastHLine                   0x0000180c   Section        0  st7735.o(i.ST7735_DrawFastHLine)
    i.ST7735_DrawPixel                       0x00001888   Section        0  st7735.o(i.ST7735_DrawPixel)
    i.ST7735_DrawString                      0x000018d0   Section        0  st7735.o(i.ST7735_DrawString)
    i.ST7735_FillRect                        0x00001928   Section        0  st7735.o(i.ST7735_FillRect)
    i.ST7735_FillScreen                      0x000019d4   Section        0  st7735.o(i.ST7735_FillScreen)
    i.ST7735_InitR                           0x000019f8   Section        0  st7735.o(i.ST7735_InitR)
    i.ST7735_OutChar                         0x00001a80   Section        0  st7735.o(i.ST7735_OutChar)
    i.ST7735_OutString                       0x00001b54   Section        0  st7735.o(i.ST7735_OutString)
    i.ST7735_SetCursor                       0x00001b6c   Section        0  st7735.o(i.ST7735_SetCursor)
    i.SW1_Debounce                           0x00001b8c   Section        0  os.o(i.SW1_Debounce)
    i.SW2_Debounce                           0x00001bb8   Section        0  os.o(i.SW2_Debounce)
    i.SendLaser1                             0x00001be4   Section        0  main.o(i.SendLaser1)
    i.SendLaser2                             0x00001c00   Section        0  main.o(i.SendLaser2)
    i.SetInitialStack                        0x00001c1c   Section        0  os.o(i.SetInitialStack)
    i.SetThreads                             0x00001d08   Section        0  os.o(i.SetThreads)
    i.SysTick_Handler                        0x00001d54   Section        0  os.o(i.SysTick_Handler)
    i.SysTick_Init                           0x00001d68   Section        0  os.o(i.SysTick_Init)
    i.Timer1A_Handler                        0x00001d98   Section        0  os.o(i.Timer1A_Handler)
    i.Timer3A_Handler                        0x00001e30   Section        0  os.o(i.Timer3A_Handler)
    i.Timer3A_Init                           0x00001ec0   Section        0  os.o(i.Timer3A_Init)
    i.Timer4A_Handler                        0x00001f24   Section        0  os.o(i.Timer4A_Handler)
    i.ToF_Init                               0x00001fb8   Section        0  tof.o(i.ToF_Init)
    i.ToF_Measure                            0x00001fcc   Section        0  tof.o(i.ToF_Measure)
    i.TxFifo_Get                             0x00001ff0   Section        0  uart.o(i.TxFifo_Get)
    i.TxFifo_Init                            0x0000202c   Section        0  uart.o(i.TxFifo_Init)
    i.TxFifo_Put                             0x00002050   Section        0  uart.o(i.TxFifo_Put)
    i.TxFifo_Size                            0x0000208c   Section        0  uart.o(i.TxFifo_Size)
    i.UART0_Handler                          0x000020a4   Section        0  uart.o(i.UART0_Handler)
    i.UART_Init                              0x000020fc   Section        0  uart.o(i.UART_Init)
    i.UART_OutChar                           0x000021d0   Section        0  uart.o(i.UART_OutChar)
    i.UART_OutString                         0x00002214   Section        0  uart.o(i.UART_OutString)
    i.UART_OutUDec                           0x0000222c   Section        0  uart.o(i.UART_OutUDec)
    i.UnBlockTCB                             0x00002256   Section        0  os.o(i.UnBlockTCB)
    i.UnLinkTCB                              0x00002270   Section        0  os.o(i.UnLinkTCB)
    i.VL53L0X_CheckAndLoadInterruptSettings  0x000022a0   Section        0  vl53l0x_api.o(i.VL53L0X_CheckAndLoadInterruptSettings)
    i.VL53L0X_ClearInterruptMask             0x00002324   Section        0  vl53l0x_api.o(i.VL53L0X_ClearInterruptMask)
    i.VL53L0X_DataInit                       0x00002378   Section        0  vl53l0x_api.o(i.VL53L0X_DataInit)
    i.VL53L0X_GetDeviceInfo                  0x00002530   Section        0  vl53l0x_api.o(i.VL53L0X_GetDeviceInfo)
    i.VL53L0X_GetDeviceMode                  0x00002546   Section        0  vl53l0x_api.o(i.VL53L0X_GetDeviceMode)
    i.VL53L0X_GetDeviceParameters            0x00002550   Section        0  vl53l0x_api.o(i.VL53L0X_GetDeviceParameters)
    i.VL53L0X_GetFractionEnable              0x000025f0   Section        0  vl53l0x_api.o(i.VL53L0X_GetFractionEnable)
    i.VL53L0X_GetInterMeasurementPeriodMilliSeconds 0x00002612   Section        0  vl53l0x_api.o(i.VL53L0X_GetInterMeasurementPeriodMilliSeconds)
    i.VL53L0X_GetInterruptMaskStatus         0x00002650   Section        0  vl53l0x_api.o(i.VL53L0X_GetInterruptMaskStatus)
    i.VL53L0X_GetInterruptThresholds         0x00002680   Section        0  vl53l0x_api.o(i.VL53L0X_GetInterruptThresholds)
    i.VL53L0X_GetLimitCheckEnable            0x000026c2   Section        0  vl53l0x_api.o(i.VL53L0X_GetLimitCheckEnable)
    i.VL53L0X_GetLimitCheckValue             0x000026de   Section        0  vl53l0x_api.o(i.VL53L0X_GetLimitCheckValue)
    i.VL53L0X_GetMeasurementDataReady        0x00002794   Section        0  vl53l0x_api.o(i.VL53L0X_GetMeasurementDataReady)
    i.VL53L0X_GetMeasurementTimingBudgetMicroSeconds 0x000027ea   Section        0  vl53l0x_api.o(i.VL53L0X_GetMeasurementTimingBudgetMicroSeconds)
    i.VL53L0X_GetOffsetCalibrationDataMicroMeter 0x00002800   Section        0  vl53l0x_api.o(i.VL53L0X_GetOffsetCalibrationDataMicroMeter)
    i.VL53L0X_GetRangingMeasurementData      0x00002816   Section        0  vl53l0x_api.o(i.VL53L0X_GetRangingMeasurementData)
    i.VL53L0X_GetSequenceStepEnables         0x00002984   Section        0  vl53l0x_api.o(i.VL53L0X_GetSequenceStepEnables)
    i.VL53L0X_GetSequenceStepTimeout         0x000029fa   Section        0  vl53l0x_api.o(i.VL53L0X_GetSequenceStepTimeout)
    i.VL53L0X_GetVcselPulsePeriod            0x00002a4c   Section        0  vl53l0x_api.o(i.VL53L0X_GetVcselPulsePeriod)
    i.VL53L0X_GetWrapAroundCheckEnable       0x00002a6a   Section        0  vl53l0x_api.o(i.VL53L0X_GetWrapAroundCheckEnable)
    i.VL53L0X_GetXTalkCompensationEnable     0x00002aa8   Section        0  vl53l0x_api.o(i.VL53L0X_GetXTalkCompensationEnable)
    i.VL53L0X_GetXTalkCompensationRateMegaCps 0x00002ab4   Section        0  vl53l0x_api.o(i.VL53L0X_GetXTalkCompensationRateMegaCps)
    i.VL53L0X_I2C_Init                       0x00002aec   Section        0  vl53l0x_i2c.o(i.VL53L0X_I2C_Init)
    i.VL53L0X_Init                           0x00002d4c   Section        0  vl53l0x.o(i.VL53L0X_Init)
    i.VL53L0X_PerformRefCalibration          0x0000316c   Section        0  vl53l0x_api.o(i.VL53L0X_PerformRefCalibration)
    i.VL53L0X_PerformRefSpadManagement       0x0000318c   Section        0  vl53l0x_api.o(i.VL53L0X_PerformRefSpadManagement)
    i.VL53L0X_PerformSingleMeasurement       0x000031aa   Section        0  vl53l0x_api.o(i.VL53L0X_PerformSingleMeasurement)
    i.VL53L0X_PerformSingleRangingMeasurement 0x000031e6   Section        0  vl53l0x_api.o(i.VL53L0X_PerformSingleRangingMeasurement)
    i.VL53L0X_PollingDelay                   0x0000321e   Section        0  vl53l0x_platform.o(i.VL53L0X_PollingDelay)
    i.VL53L0X_RdByte                         0x0000323a   Section        0  vl53l0x_platform.o(i.VL53L0X_RdByte)
    i.VL53L0X_RdDWord                        0x0000326a   Section        0  vl53l0x_platform.o(i.VL53L0X_RdDWord)
    i.VL53L0X_RdWord                         0x0000329a   Section        0  vl53l0x_platform.o(i.VL53L0X_RdWord)
    i.VL53L0X_ReadMulti                      0x000032ca   Section        0  vl53l0x_platform.o(i.VL53L0X_ReadMulti)
    i.VL53L0X_SetDeviceAddress               0x00003304   Section        0  vl53l0x_api.o(i.VL53L0X_SetDeviceAddress)
    i.VL53L0X_SetDeviceMode                  0x00003328   Section        0  vl53l0x_api.o(i.VL53L0X_SetDeviceMode)
    i.VL53L0X_SetGpioConfig                  0x0000335a   Section        0  vl53l0x_api.o(i.VL53L0X_SetGpioConfig)
    i.VL53L0X_SetLimitCheckEnable            0x000034c0   Section        0  vl53l0x_api.o(i.VL53L0X_SetLimitCheckEnable)
    i.VL53L0X_SetLimitCheckValue             0x00003582   Section        0  vl53l0x_api.o(i.VL53L0X_SetLimitCheckValue)
    i.VL53L0X_SetMeasurementTimingBudgetMicroSeconds 0x000035f8   Section        0  vl53l0x_api.o(i.VL53L0X_SetMeasurementTimingBudgetMicroSeconds)
    i.VL53L0X_SetSequenceStepEnable          0x0000360e   Section        0  vl53l0x_api.o(i.VL53L0X_SetSequenceStepEnable)
    i.VL53L0X_StartMeasurement               0x000036d2   Section        0  vl53l0x_api.o(i.VL53L0X_StartMeasurement)
    i.VL53L0X_StaticInit                     0x000037dc   Section        0  vl53l0x_api.o(i.VL53L0X_StaticInit)
    i.VL53L0X_UpdateByte                     0x0000397c   Section        0  vl53l0x_platform.o(i.VL53L0X_UpdateByte)
    i.VL53L0X_WrByte                         0x000039dc   Section        0  vl53l0x_platform.o(i.VL53L0X_WrByte)
    i.VL53L0X_WrWord                         0x00003a0c   Section        0  vl53l0x_platform.o(i.VL53L0X_WrWord)
    i.VL53L0X_WriteMulti                     0x00003a3c   Section        0  vl53l0x_platform.o(i.VL53L0X_WriteMulti)
    i.VL53L0X_calc_dmax                      0x00003a7c   Section        0  vl53l0x_api_core.o(i.VL53L0X_calc_dmax)
    i.VL53L0X_calc_macro_period_ps           0x00003c08   Section        0  vl53l0x_api_core.o(i.VL53L0X_calc_macro_period_ps)
    i.VL53L0X_calc_sigma_estimate            0x00003c20   Section        0  vl53l0x_api_core.o(i.VL53L0X_calc_sigma_estimate)
    i.VL53L0X_calc_timeout_mclks             0x00003ed0   Section        0  vl53l0x_api_core.o(i.VL53L0X_calc_timeout_mclks)
    i.VL53L0X_calc_timeout_us                0x00003f04   Section        0  vl53l0x_api_core.o(i.VL53L0X_calc_timeout_us)
    i.VL53L0X_check_part_used                0x00003f3c   Section        0  vl53l0x_api_strings.o(i.VL53L0X_check_part_used)
    i.VL53L0X_decode_timeout                 0x00003f8c   Section        0  vl53l0x_api_core.o(i.VL53L0X_decode_timeout)
    i.VL53L0X_decode_vcsel_period            0x00003f9a   Section        0  vl53l0x_api_core.o(i.VL53L0X_decode_vcsel_period)
    i.VL53L0X_device_read_strobe             0x00003fa6   Section        0  vl53l0x_api_core.o(i.VL53L0X_device_read_strobe)
    i.VL53L0X_encode_timeout                 0x00003ff4   Section        0  vl53l0x_api_core.o(i.VL53L0X_encode_timeout)
    i.VL53L0X_getSingleRangingMeasurement    0x0000401c   Section        0  vl53l0x.o(i.VL53L0X_getSingleRangingMeasurement)
    i.VL53L0X_get_device_info                0x00004074   Section        0  vl53l0x_api_strings.o(i.VL53L0X_get_device_info)
    i.VL53L0X_get_info_from_device           0x00004150   Section        0  vl53l0x_api_core.o(i.VL53L0X_get_info_from_device)
    i.VL53L0X_get_measurement_timing_budget_micro_seconds 0x0000469a   Section        0  vl53l0x_api_core.o(i.VL53L0X_get_measurement_timing_budget_micro_seconds)
    i.VL53L0X_get_offset_calibration_data_micro_meter 0x00004788   Section        0  vl53l0x_api_calibration.o(i.VL53L0X_get_offset_calibration_data_micro_meter)
    i.VL53L0X_get_pal_range_status           0x000047de   Section        0  vl53l0x_api_core.o(i.VL53L0X_get_pal_range_status)
    i.VL53L0X_get_total_signal_rate          0x00004a12   Section        0  vl53l0x_api_core.o(i.VL53L0X_get_total_signal_rate)
    i.VL53L0X_get_total_xtalk_rate           0x00004a3a   Section        0  vl53l0x_api_core.o(i.VL53L0X_get_total_xtalk_rate)
    i.VL53L0X_get_vcsel_pulse_period         0x00004a74   Section        0  vl53l0x_api_core.o(i.VL53L0X_get_vcsel_pulse_period)
    i.VL53L0X_isqrt                          0x00004aba   Section        0  vl53l0x_api_core.o(i.VL53L0X_isqrt)
    i.VL53L0X_load_tuning_settings           0x00004ae6   Section        0  vl53l0x_api_core.o(i.VL53L0X_load_tuning_settings)
    i.VL53L0X_measurement_poll_for_completion 0x00004bd0   Section        0  vl53l0x_api_core.o(i.VL53L0X_measurement_poll_for_completion)
    i.VL53L0X_perform_phase_calibration      0x00004c10   Section        0  vl53l0x_api_calibration.o(i.VL53L0X_perform_phase_calibration)
    i.VL53L0X_perform_ref_calibration        0x00004c8c   Section        0  vl53l0x_api_calibration.o(i.VL53L0X_perform_ref_calibration)
    i.VL53L0X_perform_ref_spad_management    0x00004cd8   Section        0  vl53l0x_api_calibration.o(i.VL53L0X_perform_ref_spad_management)
    i.VL53L0X_perform_single_ref_calibration 0x00004f6a   Section        0  vl53l0x_api_calibration.o(i.VL53L0X_perform_single_ref_calibration)
    i.VL53L0X_perform_vhv_calibration        0x00004faa   Section        0  vl53l0x_api_calibration.o(i.VL53L0X_perform_vhv_calibration)
    i.VL53L0X_read_byte                      0x00005028   Section        0  vl53l0x_i2c.o(i.VL53L0X_read_byte)
    i.VL53L0X_read_dword                     0x00005044   Section        0  vl53l0x_i2c.o(i.VL53L0X_read_dword)
    i.VL53L0X_read_multi                     0x00005088   Section        0  vl53l0x_i2c.o(i.VL53L0X_read_multi)
    i.VL53L0X_read_word                      0x00005878   Section        0  vl53l0x_i2c.o(i.VL53L0X_read_word)
    i.VL53L0X_ref_calibration_io             0x000058aa   Section        0  vl53l0x_api_calibration.o(i.VL53L0X_ref_calibration_io)
    i.VL53L0X_setAddress                     0x0000595c   Section        0  vl53l0x.o(i.VL53L0X_setAddress)
    i.VL53L0X_set_measurement_timing_budget_micro_seconds 0x00005a24   Section        0  vl53l0x_api_core.o(i.VL53L0X_set_measurement_timing_budget_micro_seconds)
    i.VL53L0X_set_reference_spads            0x00005b4c   Section        0  vl53l0x_api_calibration.o(i.VL53L0X_set_reference_spads)
    i.VL53L0X_write_byte                     0x00005c0e   Section        0  vl53l0x_i2c.o(i.VL53L0X_write_byte)
    i.VL53L0X_write_multi                    0x00005c2c   Section        0  vl53l0x_i2c.o(i.VL53L0X_write_multi)
    i.VL53L0X_write_word                     0x00005fbc   Section        0  vl53l0x_i2c.o(i.VL53L0X_write_word)
    i.__scatterload_copy                     0x00005fe4   Section       14  handlers.o(i.__scatterload_copy)
    i.__scatterload_null                     0x00005ff2   Section        2  handlers.o(i.__scatterload_null)
    i.__scatterload_zeroinit                 0x00005ff4   Section       14  handlers.o(i.__scatterload_zeroinit)
    i.commandList                            0x00006002   Section        0  st7735.o(i.commandList)
    commandList                              0x00006003   Thumb Code    86  st7735.o(i.commandList)
    i.commonInit                             0x00006058   Section        0  st7735.o(i.commonInit)
    commonInit                               0x00006059   Thumb Code   342  st7735.o(i.commonInit)
    i.copyHardwareToSoftware                 0x000061e0   Section        0  uart.o(i.copyHardwareToSoftware)
    copyHardwareToSoftware                   0x000061e1   Thumb Code    36  uart.o(i.copyHardwareToSoftware)
    i.copySoftwareToHardware                 0x00006208   Section        0  uart.o(i.copySoftwareToHardware)
    copySoftwareToHardware                   0x00006209   Thumb Code    38  uart.o(i.copySoftwareToHardware)
    i.delay                                  0x00006234   Section        0  vl53l0x.o(i.delay)
    delay                                    0x00006235   Thumb Code    24  vl53l0x.o(i.delay)
    i.enable_ref_spads                       0x0000624c   Section        0  vl53l0x_api_calibration.o(i.enable_ref_spads)
    i.enable_spad_bit                        0x000062f8   Section        0  vl53l0x_api_calibration.o(i.enable_spad_bit)
    i.get_next_good_spad                     0x0000632a   Section        0  vl53l0x_api_calibration.o(i.get_next_good_spad)
    i.get_ref_spad_map                       0x00006392   Section        0  vl53l0x_api_calibration.o(i.get_ref_spad_map)
    i.get_sequence_step_timeout              0x000063aa   Section        0  vl53l0x_api_core.o(i.get_sequence_step_timeout)
    i.is_aperture                            0x000064cc   Section        0  vl53l0x_api_calibration.o(i.is_aperture)
    i.laserToArray                           0x000064e4   Section        0  main.o(i.laserToArray)
    i.main                                   0x000064f4   Section        0  main.o(i.main)
    i.perform_ref_signal_measurement         0x00006598   Section        0  vl53l0x_api_calibration.o(i.perform_ref_signal_measurement)
    i.pushColor                              0x00006606   Section        0  st7735.o(i.pushColor)
    pushColor                                0x00006607   Thumb Code    18  st7735.o(i.pushColor)
    i.sequence_step_enabled                  0x00006618   Section        0  vl53l0x_api.o(i.sequence_step_enabled)
    i.setAddrWindow                          0x00006660   Section        0  st7735.o(i.setAddrWindow)
    setAddrWindow                            0x00006661   Thumb Code   106  st7735.o(i.setAddrWindow)
    i.set_ref_spad_map                       0x000066d4   Section        0  vl53l0x_api_calibration.o(i.set_ref_spad_map)
    i.set_sequence_step_timeout              0x000066ec   Section        0  vl53l0x_api_core.o(i.set_sequence_step_timeout)
    i.writecommand                           0x00006828   Section        0  st7735.o(i.writecommand)
    writecommand                             0x00006829   Thumb Code    40  st7735.o(i.writecommand)
    i.writedata                              0x00006858   Section        0  st7735.o(i.writedata)
    writedata                                0x00006859   Thumb Code    26  st7735.o(i.writedata)
    .constdata                               0x0000687c   Section       18  can.o(.constdata)
    g_usCANBitValues                         0x0000687c   Data          18  can.o(.constdata)
    .constdata                               0x0000688e   Section     2018  st7735.o(.constdata)
    Font                                     0x0000688e   Data        1275  st7735.o(.constdata)
    Bcmd                                     0x00006d89   Data         103  st7735.o(.constdata)
    Rcmd1                                    0x00006df0   Data          59  st7735.o(.constdata)
    Rcmd2green                               0x00006e2b   Data          13  st7735.o(.constdata)
    Rcmd2red                                 0x00006e38   Data          13  st7735.o(.constdata)
    Rcmd3                                    0x00006e45   Data          43  st7735.o(.constdata)
    .data                                    0x20000000   Section       28  main.o(.data)
    .data                                    0x2000001c   Section      121  os.o(.data)
    NumOfThreads                             0x2000001c   Data           1  os.o(.data)
    endTime                                  0x2000008c   Data           4  os.o(.data)
    endTime                                  0x20000090   Data           4  os.o(.data)
    NumberOfPeriodicTasks                    0x20000094   Data           1  os.o(.data)
    .data                                    0x20000098   Section       24  uart.o(.data)
    .data                                    0x200000b0   Section       16  can0.o(.data)
    .data                                    0x200000c0   Section        1  vl53l0x.o(.data)
    .data                                    0x200000c1   Section      681  vl53l0x_api.o(.data)
    .data                                    0x2000036c   Section       16  vl53l0x_api_calibration.o(.data)
    .data                                    0x2000037c   Section       52  st7735.o(.data)
    ColStart                                 0x20000390   Data           1  st7735.o(.data)
    RowStart                                 0x20000391   Data           1  st7735.o(.data)
    Rotation                                 0x20000392   Data           1  st7735.o(.data)
    TabColor                                 0x20000393   Data           1  st7735.o(.data)
    _width                                   0x20000394   Data           2  st7735.o(.data)
    _height                                  0x20000396   Data           2  st7735.o(.data)
    .bss                                     0x200003b0   Section    23452  os.o(.bss)
    tcbs                                     0x200017b0   Data         200  os.o(.bss)
    .bss                                     0x20005f4c   Section      128  uart.o(.bss)
    RxFifo                                   0x20005f4c   Data          64  uart.o(.bss)
    TxFifo                                   0x20005f8c   Data          64  uart.o(.bss)
    .bss                                     0x20005fcc   Section     1836  vl53l0x.o(.bss)
    STACK                                    0x200066f8   Section     1024  startup.o(STACK)
    StackMem                                 0x200066f8   Data           0  startup.o(STACK)

    Global Symbols

    Symbol Name                              Value     Ov Type        Size  Object(Section)

    BuildAttributes$$THM_ISAv4$E$P$D$K$B$S$7EM$PE$A:L22UL41UL21$X:L11$S22US41US21$IEEE1$IW$USESV6$~STKCKD$USESV7$~SHL$OSPACE$EBA8$MICROLIB$REQ8$PRES8$EABIv2 0x00000000   Number         0  anon$$obj.o ABSOLUTE
    __ARM_use_no_argv                        0x00000000   Number         0  main.o ABSOLUTE
    __Vectors                                0x00000000   Data           0  startup.o(RESET)
    __cpp_initialize__aeabi_                  - Undefined Weak Reference
    __cxa_finalize                            - Undefined Weak Reference
    _clock_init                               - Undefined Weak Reference
    _microlib_exit                            - Undefined Weak Reference
    Reset_Handler                            0x0000026d   Thumb Code     0  startup.o(RESET)
    NMI_Handler                              0x00000271   Thumb Code     2  startup.o(RESET)
    MemManage_Handler                        0x00000275   Thumb Code     2  startup.o(RESET)
    BusFault_Handler                         0x00000277   Thumb Code     2  startup.o(RESET)
    UsageFault_Handler                       0x00000279   Thumb Code     2  startup.o(RESET)
    SVC_Handler                              0x0000027b   Thumb Code     2  startup.o(RESET)
    DebugMon_Handler                         0x0000027d   Thumb Code     2  startup.o(RESET)
    ADC0Seq0_Handler                         0x00000283   Thumb Code     0  startup.o(RESET)
    ADC0Seq1_Handler                         0x00000283   Thumb Code     0  startup.o(RESET)
    ADC0Seq2_Handler                         0x00000283   Thumb Code     0  startup.o(RESET)
    ADC0Seq3_Handler                         0x00000283   Thumb Code     0  startup.o(RESET)
    ADC1Seq0_Handler                         0x00000283   Thumb Code     0  startup.o(RESET)
    ADC1Seq1_Handler                         0x00000283   Thumb Code     0  startup.o(RESET)
    ADC1Seq2_Handler                         0x00000283   Thumb Code     0  startup.o(RESET)
    ADC1Seq3_Handler                         0x00000283   Thumb Code     0  startup.o(RESET)
    CAN1_Handler                             0x00000283   Thumb Code     0  startup.o(RESET)
    CAN2_Handler                             0x00000283   Thumb Code     0  startup.o(RESET)
    Comp0_Handler                            0x00000283   Thumb Code     0  startup.o(RESET)
    Comp1_Handler                            0x00000283   Thumb Code     0  startup.o(RESET)
    Comp2_Handler                            0x00000283   Thumb Code     0  startup.o(RESET)
    Ethernet_Handler                         0x00000283   Thumb Code     0  startup.o(RESET)
    ExtBus_Handler                           0x00000283   Thumb Code     0  startup.o(RESET)
    FPU_Handler                              0x00000283   Thumb Code     0  startup.o(RESET)
    Fan0_Handler                             0x00000283   Thumb Code     0  startup.o(RESET)
    FlashCtl_Handler                         0x00000283   Thumb Code     0  startup.o(RESET)
    GPIOPortA_Handler                        0x00000283   Thumb Code     0  startup.o(RESET)
    GPIOPortB_Handler                        0x00000283   Thumb Code     0  startup.o(RESET)
    GPIOPortC_Handler                        0x00000283   Thumb Code     0  startup.o(RESET)
    GPIOPortD_Handler                        0x00000283   Thumb Code     0  startup.o(RESET)
    GPIOPortE_Handler                        0x00000283   Thumb Code     0  startup.o(RESET)
    GPIOPortG_Handler                        0x00000283   Thumb Code     0  startup.o(RESET)
    GPIOPortH_Handler                        0x00000283   Thumb Code     0  startup.o(RESET)
    GPIOPortJ_Handler                        0x00000283   Thumb Code     0  startup.o(RESET)
    GPIOPortK_Handler                        0x00000283   Thumb Code     0  startup.o(RESET)
    GPIOPortL_Handler                        0x00000283   Thumb Code     0  startup.o(RESET)
    GPIOPortM_Handler                        0x00000283   Thumb Code     0  startup.o(RESET)
    GPIOPortN_Handler                        0x00000283   Thumb Code     0  startup.o(RESET)
    GPIOPortP1_Handler                       0x00000283   Thumb Code     0  startup.o(RESET)
    GPIOPortP2_Handler                       0x00000283   Thumb Code     0  startup.o(RESET)
    GPIOPortP3_Handler                       0x00000283   Thumb Code     0  startup.o(RESET)
    GPIOPortP4_Handler                       0x00000283   Thumb Code     0  startup.o(RESET)
    GPIOPortP5_Handler                       0x00000283   Thumb Code     0  startup.o(RESET)
    GPIOPortP6_Handler                       0x00000283   Thumb Code     0  startup.o(RESET)
    GPIOPortP7_Handler                       0x00000283   Thumb Code     0  startup.o(RESET)
    GPIOPortP_Handler                        0x00000283   Thumb Code     0  startup.o(RESET)
    GPIOPortQ1_Handler                       0x00000283   Thumb Code     0  startup.o(RESET)
    GPIOPortQ2_Handler                       0x00000283   Thumb Code     0  startup.o(RESET)
    GPIOPortQ3_Handler                       0x00000283   Thumb Code     0  startup.o(RESET)
    GPIOPortQ4_Handler                       0x00000283   Thumb Code     0  startup.o(RESET)
    GPIOPortQ5_Handler                       0x00000283   Thumb Code     0  startup.o(RESET)
    GPIOPortQ6_Handler                       0x00000283   Thumb Code     0  startup.o(RESET)
    GPIOPortQ7_Handler                       0x00000283   Thumb Code     0  startup.o(RESET)
    GPIOPortQ_Handler                        0x00000283   Thumb Code     0  startup.o(RESET)
    GPIOPortR_Handler                        0x00000283   Thumb Code     0  startup.o(RESET)
    GPIOPortS_Handler                        0x00000283   Thumb Code     0  startup.o(RESET)
    Hibernate_Handler                        0x00000283   Thumb Code     0  startup.o(RESET)
    I2C0_Handler                             0x00000283   Thumb Code     0  startup.o(RESET)
    I2C1_Handler                             0x00000283   Thumb Code     0  startup.o(RESET)
    I2C2_Handler                             0x00000283   Thumb Code     0  startup.o(RESET)
    I2C3_Handler                             0x00000283   Thumb Code     0  startup.o(RESET)
    I2C4_Handler                             0x00000283   Thumb Code     0  startup.o(RESET)
    I2C5_Handler                             0x00000283   Thumb Code     0  startup.o(RESET)
    I2S0_Handler                             0x00000283   Thumb Code     0  startup.o(RESET)
    LPC0_Handler                             0x00000283   Thumb Code     0  startup.o(RESET)
    PECI0_Handler                            0x00000283   Thumb Code     0  startup.o(RESET)
    PWM0Fault_Handler                        0x00000283   Thumb Code     0  startup.o(RESET)
    PWM0Generator0_Handler                   0x00000283   Thumb Code     0  startup.o(RESET)
    PWM0Generator1_Handler                   0x00000283   Thumb Code     0  startup.o(RESET)
    PWM0Generator2_Handler                   0x00000283   Thumb Code     0  startup.o(RESET)
    PWM0Generator3_Handler                   0x00000283   Thumb Code     0  startup.o(RESET)
    PWM1Fault_Handler                        0x00000283   Thumb Code     0  startup.o(RESET)
    PWM1Generator0_Handler                   0x00000283   Thumb Code     0  startup.o(RESET)
    PWM1Generator1_Handler                   0x00000283   Thumb Code     0  startup.o(RESET)
    PWM1Generator2_Handler                   0x00000283   Thumb Code     0  startup.o(RESET)
    PWM1Generator3_Handler                   0x00000283   Thumb Code     0  startup.o(RESET)
    Quadrature0_Handler                      0x00000283   Thumb Code     0  startup.o(RESET)
    Quadrature1_Handler                      0x00000283   Thumb Code     0  startup.o(RESET)
    Quadrature2_Handler                      0x00000283   Thumb Code     0  startup.o(RESET)
    SSI0_Handler                             0x00000283   Thumb Code     0  startup.o(RESET)
    SSI1_Handler                             0x00000283   Thumb Code     0  startup.o(RESET)
    SSI2_Handler                             0x00000283   Thumb Code     0  startup.o(RESET)
    SSI3_Handler                             0x00000283   Thumb Code     0  startup.o(RESET)
    SysCtl_Handler                           0x00000283   Thumb Code     0  startup.o(RESET)
    Timer0A_Handler                          0x00000283   Thumb Code     0  startup.o(RESET)
    Timer0B_Handler                          0x00000283   Thumb Code     0  startup.o(RESET)
    Timer1B_Handler                          0x00000283   Thumb Code     0  startup.o(RESET)
    Timer2A_Handler                          0x00000283   Thumb Code     0  startup.o(RESET)
    Timer2B_Handler                          0x00000283   Thumb Code     0  startup.o(RESET)
    Timer3B_Handler                          0x00000283   Thumb Code     0  startup.o(RESET)
    Timer4B_Handler                          0x00000283   Thumb Code     0  startup.o(RESET)
    Timer5A_Handler                          0x00000283   Thumb Code     0  startup.o(RESET)
    Timer5B_Handler                          0x00000283   Thumb Code     0  startup.o(RESET)
    UART1_Handler                            0x00000283   Thumb Code     0  startup.o(RESET)
    UART2_Handler                            0x00000283   Thumb Code     0  startup.o(RESET)
    UART3_Handler                            0x00000283   Thumb Code     0  startup.o(RESET)
    UART4_Handler                            0x00000283   Thumb Code     0  startup.o(RESET)
    UART5_Handler                            0x00000283   Thumb Code     0  startup.o(RESET)
    UART6_Handler                            0x00000283   Thumb Code     0  startup.o(RESET)
    UART7_Handler                            0x00000283   Thumb Code     0  startup.o(RESET)
    USB0_Handler                             0x00000283   Thumb Code     0  startup.o(RESET)
    WDT_Handler                              0x00000283   Thumb Code     0  startup.o(RESET)
    WideTimer0A_Handler                      0x00000283   Thumb Code     0  startup.o(RESET)
    WideTimer0B_Handler                      0x00000283   Thumb Code     0  startup.o(RESET)
    WideTimer1A_Handler                      0x00000283   Thumb Code     0  startup.o(RESET)
    WideTimer1B_Handler                      0x00000283   Thumb Code     0  startup.o(RESET)
    WideTimer2A_Handler                      0x00000283   Thumb Code     0  startup.o(RESET)
    WideTimer2B_Handler                      0x00000283   Thumb Code     0  startup.o(RESET)
    WideTimer3A_Handler                      0x00000283   Thumb Code     0  startup.o(RESET)
    WideTimer3B_Handler                      0x00000283   Thumb Code     0  startup.o(RESET)
    WideTimer4A_Handler                      0x00000283   Thumb Code     0  startup.o(RESET)
    WideTimer4B_Handler                      0x00000283   Thumb Code     0  startup.o(RESET)
    WideTimer5A_Handler                      0x00000283   Thumb Code     0  startup.o(RESET)
    WideTimer5B_Handler                      0x00000283   Thumb Code     0  startup.o(RESET)
    uDMA_Error                               0x00000283   Thumb Code     0  startup.o(RESET)
    uDMA_Handler                             0x00000283   Thumb Code     0  startup.o(RESET)
    __main                                   0x00000285   Thumb Code     0  entry.o(.ARM.Collect$$$$00000000)
    _main_stk                                0x00000285   Thumb Code     0  entry2.o(.ARM.Collect$$$$00000001)
    _main_scatterload                        0x00000289   Thumb Code     0  entry5.o(.ARM.Collect$$$$00000004)
    __main_after_scatterload                 0x0000028d   Thumb Code     0  entry5.o(.ARM.Collect$$$$00000004)
    _main_clock                              0x0000028d   Thumb Code     0  entry7b.o(.ARM.Collect$$$$00000008)
    _main_cpp_init                           0x0000028d   Thumb Code     0  entry8b.o(.ARM.Collect$$$$0000000A)
    _main_init                               0x0000028d   Thumb Code     0  entry9a.o(.ARM.Collect$$$$0000000B)
    __rt_final_cpp                           0x00000295   Thumb Code     0  entry10a.o(.ARM.Collect$$$$0000000D)
    __rt_final_exit                          0x00000295   Thumb Code     0  entry11a.o(.ARM.Collect$$$$0000000F)
    OS_DisableInterrupts                     0x00000299   Thumb Code     0  osasm.o(.text)
    OS_EnableInterrupts                      0x0000029d   Thumb Code     0  osasm.o(.text)
    PendSV_Handler                           0x000002a1   Thumb Code     0  osasm.o(.text)
    StartOS                                  0x000002c1   Thumb Code     0  osasm.o(.text)
    DisableInterrupts                        0x000002e9   Thumb Code     0  startup.o(.text)
    EnableInterrupts                         0x000002ed   Thumb Code     0  startup.o(.text)
    StartCritical                            0x000002f1   Thumb Code     0  startup.o(.text)
    EndCritical                              0x000002f9   Thumb Code     0  startup.o(.text)
    WaitForInterrupt                         0x000002ff   Thumb Code     0  startup.o(.text)
    __aeabi_memcpy                           0x00000305   Thumb Code    36  memcpya.o(.text)
    __aeabi_memcpy4                          0x00000305   Thumb Code     0  memcpya.o(.text)
    __aeabi_memcpy8                          0x00000305   Thumb Code     0  memcpya.o(.text)
    __aeabi_memset                           0x00000329   Thumb Code    14  memseta.o(.text)
    __aeabi_memset4                          0x00000329   Thumb Code     0  memseta.o(.text)
    __aeabi_memset8                          0x00000329   Thumb Code     0  memseta.o(.text)
    __aeabi_memclr                           0x00000337   Thumb Code     4  memseta.o(.text)
    __aeabi_memclr4                          0x00000337   Thumb Code     0  memseta.o(.text)
    __aeabi_memclr8                          0x00000337   Thumb Code     0  memseta.o(.text)
    _memset$wrapper                          0x0000033b   Thumb Code    18  memseta.o(.text)
    strcpy                                   0x0000034d   Thumb Code    18  strcpy.o(.text)
    __scatterload                            0x00000361   Thumb Code    28  init.o(.text)
    __scatterload_rt2                        0x00000361   Thumb Code     0  init.o(.text)
    __decompress                             0x00000385   Thumb Code     0  __dclz77c.o(.text)
    __decompress2                            0x00000385   Thumb Code    94  __dclz77c.o(.text)
    AddBlockedToSemaphore                    0x000003e5   Thumb Code    46  os.o(i.AddBlockedToSemaphore)
    BlockTCB                                 0x00000419   Thumb Code    52  os.o(i.BlockTCB)
    CAN0_Handler                             0x00000455   Thumb Code    76  can0.o(i.CAN0_Handler)
    CAN0_Open                                0x000004a5   Thumb Code   162  can0.o(i.CAN0_Open)
    CAN0_SendData                            0x0000056d   Thumb Code    38  can0.o(i.CAN0_SendData)
    CANBitRateSet                            0x000005c9   Thumb Code   142  can.o(i.CANBitRateSet)
    CANEnable                                0x000006c9   Thumb Code    24  can.o(i.CANEnable)
    CANInit                                  0x000006e1   Thumb Code   154  can.o(i.CANInit)
    CANIntClear                              0x0000077b   Thumb Code    80  can.o(i.CANIntClear)
    CANIntEnable                             0x000007cb   Thumb Code    26  can.o(i.CANIntEnable)
    CANIntStatus                             0x00000815   Thumb Code    60  can.o(i.CANIntStatus)
    CANMessageGet                            0x00000851   Thumb Code   438  can.o(i.CANMessageGet)
    CANMessageSet                            0x00000a07   Thumb Code   436  can.o(i.CANMessageSet)
    CANStatusGet                             0x00000c21   Thumb Code   124  can.o(i.CANStatusGet)
    Delay1ms                                 0x00000c9d   Thumb Code    32  st7735.o(i.Delay1ms)
    GPIOPortF_Handler                        0x00000cbd   Thumb Code   164  os.o(i.GPIOPortF_Handler)
    GPIO_PortE_Init                          0x00000d85   Thumb Code    88  main.o(i.GPIO_PortE_Init)
    GPIO_PortF_Init                          0x00000ded   Thumb Code    94  main.o(i.GPIO_PortF_Init)
    GetLaser1                                0x00000e61   Thumb Code    50  main.o(i.GetLaser1)
    GetLaser2                                0x00000ead   Thumb Code    44  main.o(i.GetLaser2)
    HardFault_Handler                        0x00000ef1   Thumb Code    18  main.o(i.HardFault_Handler)
    IOInit                                   0x00000f09   Thumb Code    28  main.o(i.IOInit)
    IO_Init                                  0x00000f25   Thumb Code    74  os.o(i.IO_Init)
    IntDisable                               0x00000f8d   Thumb Code   118  interrupt.o(i.IntDisable)
    IntEnable                                0x0000100d   Thumb Code   118  interrupt.o(i.IntEnable)
    LinkTCB                                  0x0000108d   Thumb Code    54  os.o(i.LinkTCB)
    OS_AddPriorityThread                     0x000010d1   Thumb Code    82  os.o(i.OS_AddPriorityThread)
    OS_AddThread                             0x00001135   Thumb Code   290  os.o(i.OS_AddThread)
    OS_Fifo_Init                             0x00001269   Thumb Code    36  os.o(i.OS_Fifo_Init)
    OS_Init                                  0x00001299   Thumb Code    42  os.o(i.OS_Init)
    OS_InitSemaphore                         0x000012d5   Thumb Code    26  os.o(i.OS_InitSemaphore)
    OS_Kill                                  0x000012f1   Thumb Code   330  os.o(i.OS_Kill)
    OS_Launch                                0x00001459   Thumb Code    58  os.o(i.OS_Launch)
    OS_MailBox_Init                          0x000014a1   Thumb Code    22  os.o(i.OS_MailBox_Init)
    OS_Scheduler                             0x000014bd   Thumb Code   138  os.o(i.OS_Scheduler)
    OS_Signal                                0x00001559   Thumb Code    36  os.o(i.OS_Signal)
    OS_Sleep                                 0x0000157d   Thumb Code    50  os.o(i.OS_Sleep)
    OS_Suspend                               0x000015b9   Thumb Code    18  os.o(i.OS_Suspend)
    OS_Time                                  0x000015d1   Thumb Code     6  os.o(i.OS_Time)
    OS_TimeDifference                        0x000015dd   Thumb Code    18  os.o(i.OS_TimeDifference)
    OS_Wait                                  0x000015ef   Thumb Code    36  os.o(i.OS_Wait)
    PLL_Init                                 0x00001615   Thumb Code   120  pll.o(i.PLL_Init)
    RemoveBlockedFromSemaphore               0x00001691   Thumb Code    10  os.o(i.RemoveBlockedFromSemaphore)
    RxFifo_Init                              0x0000169d   Thumb Code    26  uart.o(i.RxFifo_Init)
    RxFifo_Put                               0x000016c1   Thumb Code    48  uart.o(i.RxFifo_Put)
    RxFifo_Size                              0x000016fd   Thumb Code    14  uart.o(i.RxFifo_Size)
    ST7735_DrawCharS                         0x00001715   Thumb Code   236  st7735.o(i.ST7735_DrawCharS)
    ST7735_DrawFastHLine                     0x0000180d   Thumb Code   116  st7735.o(i.ST7735_DrawFastHLine)
    ST7735_DrawPixel                         0x00001889   Thumb Code    64  st7735.o(i.ST7735_DrawPixel)
    ST7735_DrawString                        0x000018d1   Thumb Code    86  st7735.o(i.ST7735_DrawString)
    ST7735_FillRect                          0x00001929   Thumb Code   164  st7735.o(i.ST7735_FillRect)
    ST7735_FillScreen                        0x000019d5   Thumb Code    28  st7735.o(i.ST7735_FillScreen)
    ST7735_InitR                             0x000019f9   Thumb Code    98  st7735.o(i.ST7735_InitR)
    ST7735_OutChar                           0x00001a81   Thumb Code   176  st7735.o(i.ST7735_OutChar)
    ST7735_OutString                         0x00001b55   Thumb Code    24  st7735.o(i.ST7735_OutString)
    ST7735_SetCursor                         0x00001b6d   Thumb Code    22  st7735.o(i.ST7735_SetCursor)
    SW1_Debounce                             0x00001b8d   Thumb Code    36  os.o(i.SW1_Debounce)
    SW2_Debounce                             0x00001bb9   Thumb Code    36  os.o(i.SW2_Debounce)
    SendLaser1                               0x00001be5   Thumb Code    18  main.o(i.SendLaser1)
    SendLaser2                               0x00001c01   Thumb Code    18  main.o(i.SendLaser2)
    SetInitialStack                          0x00001c1d   Thumb Code   228  os.o(i.SetInitialStack)
    SetThreads                               0x00001d09   Thumb Code    68  os.o(i.SetThreads)
    SysTick_Handler                          0x00001d55   Thumb Code    16  os.o(i.SysTick_Handler)
    SysTick_Init                             0x00001d69   Thumb Code    42  os.o(i.SysTick_Init)
    Timer1A_Handler                          0x00001d99   Thumb Code   120  os.o(i.Timer1A_Handler)
    Timer3A_Handler                          0x00001e31   Thumb Code   128  os.o(i.Timer3A_Handler)
    Timer3A_Init                             0x00001ec1   Thumb Code    84  os.o(i.Timer3A_Init)
    Timer4A_Handler                          0x00001f25   Thumb Code   120  os.o(i.Timer4A_Handler)
    ToF_Init                                 0x00001fb9   Thumb Code    20  tof.o(i.ToF_Init)
    ToF_Measure                              0x00001fcd   Thumb Code    36  tof.o(i.ToF_Measure)
    TxFifo_Get                               0x00001ff1   Thumb Code    46  uart.o(i.TxFifo_Get)
    TxFifo_Init                              0x0000202d   Thumb Code    26  uart.o(i.TxFifo_Init)
    TxFifo_Put                               0x00002051   Thumb Code    48  uart.o(i.TxFifo_Put)
    TxFifo_Size                              0x0000208d   Thumb Code    14  uart.o(i.TxFifo_Size)
    UART0_Handler                            0x000020a5   Thumb Code    82  uart.o(i.UART0_Handler)
    UART_Init                                0x000020fd   Thumb Code   182  uart.o(i.UART_Init)
    UART_OutChar                             0x000021d1   Thumb Code    58  uart.o(i.UART_OutChar)
    UART_OutString                           0x00002215   Thumb Code    24  uart.o(i.UART_OutString)
    UART_OutUDec                             0x0000222d   Thumb Code    42  uart.o(i.UART_OutUDec)
    UnBlockTCB                               0x00002257   Thumb Code    24  os.o(i.UnBlockTCB)
    UnLinkTCB                                0x00002271   Thumb Code    40  os.o(i.UnLinkTCB)
    VL53L0X_CheckAndLoadInterruptSettings    0x000022a1   Thumb Code   126  vl53l0x_api.o(i.VL53L0X_CheckAndLoadInterruptSettings)
    VL53L0X_ClearInterruptMask               0x00002325   Thumb Code    82  vl53l0x_api.o(i.VL53L0X_ClearInterruptMask)
    VL53L0X_DataInit                         0x00002379   Thumb Code   432  vl53l0x_api.o(i.VL53L0X_DataInit)
    VL53L0X_GetDeviceInfo                    0x00002531   Thumb Code    22  vl53l0x_api.o(i.VL53L0X_GetDeviceInfo)
    VL53L0X_GetDeviceMode                    0x00002547   Thumb Code    10  vl53l0x_api.o(i.VL53L0X_GetDeviceMode)
    VL53L0X_GetDeviceParameters              0x00002551   Thumb Code   160  vl53l0x_api.o(i.VL53L0X_GetDeviceParameters)
    VL53L0X_GetFractionEnable                0x000025f1   Thumb Code    34  vl53l0x_api.o(i.VL53L0X_GetFractionEnable)
    VL53L0X_GetInterMeasurementPeriodMilliSeconds 0x00002613   Thumb Code    62  vl53l0x_api.o(i.VL53L0X_GetInterMeasurementPeriodMilliSeconds)
    VL53L0X_GetInterruptMaskStatus           0x00002651   Thumb Code    48  vl53l0x_api.o(i.VL53L0X_GetInterruptMaskStatus)
    VL53L0X_GetInterruptThresholds           0x00002681   Thumb Code    66  vl53l0x_api.o(i.VL53L0X_GetInterruptThresholds)
    VL53L0X_GetLimitCheckEnable              0x000026c3   Thumb Code    28  vl53l0x_api.o(i.VL53L0X_GetLimitCheckEnable)
    VL53L0X_GetLimitCheckValue               0x000026df   Thumb Code   182  vl53l0x_api.o(i.VL53L0X_GetLimitCheckValue)
    VL53L0X_GetMeasurementDataReady          0x00002795   Thumb Code    86  vl53l0x_api.o(i.VL53L0X_GetMeasurementDataReady)
    VL53L0X_GetMeasurementTimingBudgetMicroSeconds 0x000027eb   Thumb Code    22  vl53l0x_api.o(i.VL53L0X_GetMeasurementTimingBudgetMicroSeconds)
    VL53L0X_GetOffsetCalibrationDataMicroMeter 0x00002801   Thumb Code    22  vl53l0x_api.o(i.VL53L0X_GetOffsetCalibrationDataMicroMeter)
    VL53L0X_GetRangingMeasurementData        0x00002817   Thumb Code   366  vl53l0x_api.o(i.VL53L0X_GetRangingMeasurementData)
    VL53L0X_GetSequenceStepEnables           0x00002985   Thumb Code   118  vl53l0x_api.o(i.VL53L0X_GetSequenceStepEnables)
    VL53L0X_GetSequenceStepTimeout           0x000029fb   Thumb Code    82  vl53l0x_api.o(i.VL53L0X_GetSequenceStepTimeout)
    VL53L0X_GetVcselPulsePeriod              0x00002a4d   Thumb Code    30  vl53l0x_api.o(i.VL53L0X_GetVcselPulsePeriod)
    VL53L0X_GetWrapAroundCheckEnable         0x00002a6b   Thumb Code    62  vl53l0x_api.o(i.VL53L0X_GetWrapAroundCheckEnable)
    VL53L0X_GetXTalkCompensationEnable       0x00002aa9   Thumb Code    12  vl53l0x_api.o(i.VL53L0X_GetXTalkCompensationEnable)
    VL53L0X_GetXTalkCompensationRateMegaCps  0x00002ab5   Thumb Code    56  vl53l0x_api.o(i.VL53L0X_GetXTalkCompensationRateMegaCps)
    VL53L0X_I2C_Init                         0x00002aed   Thumb Code   552  vl53l0x_i2c.o(i.VL53L0X_I2C_Init)
    VL53L0X_Init                             0x00002d4d   Thumb Code  1018  vl53l0x.o(i.VL53L0X_Init)
    VL53L0X_PerformRefCalibration            0x0000316d   Thumb Code    32  vl53l0x_api.o(i.VL53L0X_PerformRefCalibration)
    VL53L0X_PerformRefSpadManagement         0x0000318d   Thumb Code    30  vl53l0x_api.o(i.VL53L0X_PerformRefSpadManagement)
    VL53L0X_PerformSingleMeasurement         0x000031ab   Thumb Code    60  vl53l0x_api.o(i.VL53L0X_PerformSingleMeasurement)
    VL53L0X_PerformSingleRangingMeasurement  0x000031e7   Thumb Code    56  vl53l0x_api.o(i.VL53L0X_PerformSingleRangingMeasurement)
    VL53L0X_PollingDelay                     0x0000321f   Thumb Code    28  vl53l0x_platform.o(i.VL53L0X_PollingDelay)
    VL53L0X_RdByte                           0x0000323b   Thumb Code    48  vl53l0x_platform.o(i.VL53L0X_RdByte)
    VL53L0X_RdDWord                          0x0000326b   Thumb Code    48  vl53l0x_platform.o(i.VL53L0X_RdDWord)
    VL53L0X_RdWord                           0x0000329b   Thumb Code    48  vl53l0x_platform.o(i.VL53L0X_RdWord)
    VL53L0X_ReadMulti                        0x000032cb   Thumb Code    58  vl53l0x_platform.o(i.VL53L0X_ReadMulti)
    VL53L0X_SetDeviceAddress                 0x00003305   Thumb Code    36  vl53l0x_api.o(i.VL53L0X_SetDeviceAddress)
    VL53L0X_SetDeviceMode                    0x00003329   Thumb Code    50  vl53l0x_api.o(i.VL53L0X_SetDeviceMode)
    VL53L0X_SetGpioConfig                    0x0000335b   Thumb Code   358  vl53l0x_api.o(i.VL53L0X_SetGpioConfig)
    VL53L0X_SetLimitCheckEnable              0x000034c1   Thumb Code   194  vl53l0x_api.o(i.VL53L0X_SetLimitCheckEnable)
    VL53L0X_SetLimitCheckValue               0x00003583   Thumb Code   118  vl53l0x_api.o(i.VL53L0X_SetLimitCheckValue)
    VL53L0X_SetMeasurementTimingBudgetMicroSeconds 0x000035f9   Thumb Code    22  vl53l0x_api.o(i.VL53L0X_SetMeasurementTimingBudgetMicroSeconds)
    VL53L0X_SetSequenceStepEnable            0x0000360f   Thumb Code   196  vl53l0x_api.o(i.VL53L0X_SetSequenceStepEnable)
    VL53L0X_StartMeasurement                 0x000036d3   Thumb Code   264  vl53l0x_api.o(i.VL53L0X_StartMeasurement)
    VL53L0X_StaticInit                       0x000037dd   Thumb Code   410  vl53l0x_api.o(i.VL53L0X_StaticInit)
    VL53L0X_UpdateByte                       0x0000397d   Thumb Code    96  vl53l0x_platform.o(i.VL53L0X_UpdateByte)
    VL53L0X_WrByte                           0x000039dd   Thumb Code    48  vl53l0x_platform.o(i.VL53L0X_WrByte)
    VL53L0X_WrWord                           0x00003a0d   Thumb Code    48  vl53l0x_platform.o(i.VL53L0X_WrWord)
    VL53L0X_WriteMulti                       0x00003a3d   Thumb Code    64  vl53l0x_platform.o(i.VL53L0X_WriteMulti)
    VL53L0X_calc_dmax                        0x00003a7d   Thumb Code   392  vl53l0x_api_core.o(i.VL53L0X_calc_dmax)
    VL53L0X_calc_macro_period_ps             0x00003c09   Thumb Code    22  vl53l0x_api_core.o(i.VL53L0X_calc_macro_period_ps)
    VL53L0X_calc_sigma_estimate              0x00003c21   Thumb Code   674  vl53l0x_api_core.o(i.VL53L0X_calc_sigma_estimate)
    VL53L0X_calc_timeout_mclks               0x00003ed1   Thumb Code    52  vl53l0x_api_core.o(i.VL53L0X_calc_timeout_mclks)
    VL53L0X_calc_timeout_us                  0x00003f05   Thumb Code    54  vl53l0x_api_core.o(i.VL53L0X_calc_timeout_us)
    VL53L0X_check_part_used                  0x00003f3d   Thumb Code    74  vl53l0x_api_strings.o(i.VL53L0X_check_part_used)
    VL53L0X_decode_timeout                   0x00003f8d   Thumb Code    14  vl53l0x_api_core.o(i.VL53L0X_decode_timeout)
    VL53L0X_decode_vcsel_period              0x00003f9b   Thumb Code    12  vl53l0x_api_core.o(i.VL53L0X_decode_vcsel_period)
    VL53L0X_device_read_strobe               0x00003fa7   Thumb Code    78  vl53l0x_api_core.o(i.VL53L0X_device_read_strobe)
    VL53L0X_encode_timeout                   0x00003ff5   Thumb Code    40  vl53l0x_api_core.o(i.VL53L0X_encode_timeout)
    VL53L0X_getSingleRangingMeasurement      0x0000401d   Thumb Code    72  vl53l0x.o(i.VL53L0X_getSingleRangingMeasurement)
    VL53L0X_get_device_info                  0x00004075   Thumb Code   152  vl53l0x_api_strings.o(i.VL53L0X_get_device_info)
    VL53L0X_get_info_from_device             0x00004151   Thumb Code  1354  vl53l0x_api_core.o(i.VL53L0X_get_info_from_device)
    VL53L0X_get_measurement_timing_budget_micro_seconds 0x0000469b   Thumb Code   238  vl53l0x_api_core.o(i.VL53L0X_get_measurement_timing_budget_micro_seconds)
    VL53L0X_get_offset_calibration_data_micro_meter 0x00004789   Thumb Code    86  vl53l0x_api_calibration.o(i.VL53L0X_get_offset_calibration_data_micro_meter)
    VL53L0X_get_pal_range_status             0x000047df   Thumb Code   564  vl53l0x_api_core.o(i.VL53L0X_get_pal_range_status)
    VL53L0X_get_total_signal_rate            0x00004a13   Thumb Code    40  vl53l0x_api_core.o(i.VL53L0X_get_total_signal_rate)
    VL53L0X_get_total_xtalk_rate             0x00004a3b   Thumb Code    58  vl53l0x_api_core.o(i.VL53L0X_get_total_xtalk_rate)
    VL53L0X_get_vcsel_pulse_period           0x00004a75   Thumb Code    70  vl53l0x_api_core.o(i.VL53L0X_get_vcsel_pulse_period)
    VL53L0X_isqrt                            0x00004abb   Thumb Code    44  vl53l0x_api_core.o(i.VL53L0X_isqrt)
    VL53L0X_load_tuning_settings             0x00004ae7   Thumb Code   234  vl53l0x_api_core.o(i.VL53L0X_load_tuning_settings)
    VL53L0X_measurement_poll_for_completion  0x00004bd1   Thumb Code    64  vl53l0x_api_core.o(i.VL53L0X_measurement_poll_for_completion)
    VL53L0X_perform_phase_calibration        0x00004c11   Thumb Code   124  vl53l0x_api_calibration.o(i.VL53L0X_perform_phase_calibration)
    VL53L0X_perform_ref_calibration          0x00004c8d   Thumb Code    76  vl53l0x_api_calibration.o(i.VL53L0X_perform_ref_calibration)
    VL53L0X_perform_ref_spad_management      0x00004cd9   Thumb Code   658  vl53l0x_api_calibration.o(i.VL53L0X_perform_ref_spad_management)
    VL53L0X_perform_single_ref_calibration   0x00004f6b   Thumb Code    64  vl53l0x_api_calibration.o(i.VL53L0X_perform_single_ref_calibration)
    VL53L0X_perform_vhv_calibration          0x00004fab   Thumb Code   126  vl53l0x_api_calibration.o(i.VL53L0X_perform_vhv_calibration)
    VL53L0X_read_byte                        0x00005029   Thumb Code    28  vl53l0x_i2c.o(i.VL53L0X_read_byte)
    VL53L0X_read_dword                       0x00005045   Thumb Code    66  vl53l0x_i2c.o(i.VL53L0X_read_dword)
    VL53L0X_read_multi                       0x00005089   Thumb Code  2032  vl53l0x_i2c.o(i.VL53L0X_read_multi)
    VL53L0X_read_word                        0x00005879   Thumb Code    50  vl53l0x_i2c.o(i.VL53L0X_read_word)
    VL53L0X_ref_calibration_io               0x000058ab   Thumb Code   176  vl53l0x_api_calibration.o(i.VL53L0X_ref_calibration_io)
    VL53L0X_setAddress                       0x0000595d   Thumb Code   178  vl53l0x.o(i.VL53L0X_setAddress)
    VL53L0X_set_measurement_timing_budget_micro_seconds 0x00005a25   Thumb Code   296  vl53l0x_api_core.o(i.VL53L0X_set_measurement_timing_budget_micro_seconds)
    VL53L0X_set_reference_spads              0x00005b4d   Thumb Code   194  vl53l0x_api_calibration.o(i.VL53L0X_set_reference_spads)
    VL53L0X_write_byte                       0x00005c0f   Thumb Code    30  vl53l0x_i2c.o(i.VL53L0X_write_byte)
    VL53L0X_write_multi                      0x00005c2d   Thumb Code   896  vl53l0x_i2c.o(i.VL53L0X_write_multi)
    VL53L0X_write_word                       0x00005fbd   Thumb Code    40  vl53l0x_i2c.o(i.VL53L0X_write_word)
    __scatterload_copy                       0x00005fe5   Thumb Code    14  handlers.o(i.__scatterload_copy)
    __scatterload_null                       0x00005ff3   Thumb Code     2  handlers.o(i.__scatterload_null)
    __scatterload_zeroinit                   0x00005ff5   Thumb Code    14  handlers.o(i.__scatterload_zeroinit)
    enable_ref_spads                         0x0000624d   Thumb Code   172  vl53l0x_api_calibration.o(i.enable_ref_spads)
    enable_spad_bit                          0x000062f9   Thumb Code    50  vl53l0x_api_calibration.o(i.enable_spad_bit)
    get_next_good_spad                       0x0000632b   Thumb Code   104  vl53l0x_api_calibration.o(i.get_next_good_spad)
    get_ref_spad_map                         0x00006393   Thumb Code    24  vl53l0x_api_calibration.o(i.get_ref_spad_map)
    get_sequence_step_timeout                0x000063ab   Thumb Code   290  vl53l0x_api_core.o(i.get_sequence_step_timeout)
    is_aperture                              0x000064cd   Thumb Code    18  vl53l0x_api_calibration.o(i.is_aperture)
    laserToArray                             0x000064e5   Thumb Code    16  main.o(i.laserToArray)
    main                                     0x000064f5   Thumb Code   132  main.o(i.main)
    perform_ref_signal_measurement           0x00006599   Thumb Code   110  vl53l0x_api_calibration.o(i.perform_ref_signal_measurement)
    sequence_step_enabled                    0x00006619   Thumb Code    72  vl53l0x_api.o(i.sequence_step_enabled)
    set_ref_spad_map                         0x000066d5   Thumb Code    24  vl53l0x_api_calibration.o(i.set_ref_spad_map)
    set_sequence_step_timeout                0x000066ed   Thumb Code   314  vl53l0x_api_core.o(i.set_sequence_step_timeout)
    dBfs                                     0x00006e70   Data         512  st7735.o(.constdata)
    Region$$Table$$Base                      0x00007070   Number         0  anon$$obj.o(Region$$Table)
    Region$$Table$$Limit                     0x00007090   Number         0  anon$$obj.o(Region$$Table)
    LaserData1                               0x20000000   Data           4  main.o(.data)
    LaserData2                               0x20000004   Data           4  main.o(.data)
    LaserData1Rdy                            0x20000008   Data           8  main.o(.data)
    LaserData2Rdy                            0x20000010   Data           8  main.o(.data)
    NumCreated                               0x20000018   Data           4  main.o(.data)
    OS_SystemTime                            0x20000020   Data           4  os.o(.data)
    OS_SystemTimeMS                          0x20000024   Data           4  os.o(.data)
    RunPt                                    0x20000028   Data           4  os.o(.data)
    NextRunPt                                0x2000002c   Data           4  os.o(.data)
    MaxJitter1                               0x20000030   Data           4  os.o(.data)
    MaxJitter2                               0x20000034   Data           4  os.o(.data)
    JitterMax_Periodic1                      0x20000038   Data           4  os.o(.data)
    JitterMax_Periodic2                      0x2000003c   Data           4  os.o(.data)
    DataDump1                                0x20000040   Data           4  os.o(.data)
    DataDump2                                0x20000044   Data           4  os.o(.data)
    Periodic_Thread1                         0x20000048   Data           4  os.o(.data)
    Period1                                  0x2000004c   Data           4  os.o(.data)
    Period1Counter                           0x20000050   Data           4  os.o(.data)
    Periodic_Thread2                         0x20000054   Data           4  os.o(.data)
    Period2                                  0x20000058   Data           4  os.o(.data)
    Period2Counter                           0x2000005c   Data           4  os.o(.data)
    Sw1Pri                                   0x20000060   Data           4  os.o(.data)
    SW1_Task                                 0x20000064   Data           4  os.o(.data)
    SW1_Priority                             0x20000068   Data           4  os.o(.data)
    LastSW1                                  0x2000006c   Data           4  os.o(.data)
    SW2_Task                                 0x20000070   Data           4  os.o(.data)
    SW2_Priority                             0x20000074   Data           4  os.o(.data)
    LastSW2                                  0x20000078   Data           4  os.o(.data)
    FiFo_Size_Unused                         0x2000007c   Data           4  os.o(.data)
    Get_Idx                                  0x20000080   Data           2  os.o(.data)
    Put_Idx                                  0x20000082   Data           2  os.o(.data)
    SemaFIFO                                 0x20000084   Data           8  os.o(.data)
    RxPutI                                   0x20000098   Data           4  uart.o(.data)
    RxGetI                                   0x2000009c   Data           4  uart.o(.data)
    TxPutI                                   0x200000a0   Data           4  uart.o(.data)
    TxGetI                                   0x200000a4   Data           4  uart.o(.data)
    semaUART                                 0x200000a8   Data           8  uart.o(.data)
    DataRdy                                  0x200000b0   Data           8  can0.o(.data)
    MutexCAN                                 0x200000b8   Data           8  can0.o(.data)
    status                                   0x200000c0   Data           1  vl53l0x.o(.data)
    DefaultTuningSettings                    0x200000c1   Data         243  vl53l0x_api.o(.data)
    InterruptThresholdSettings               0x200001b4   Data         438  vl53l0x_api.o(.data)
    refArrayQuadrants                        0x2000036c   Data          16  vl53l0x_api_calibration.o(.data)
    StX                                      0x2000037c   Data           4  st7735.o(.data)
    StY                                      0x20000380   Data           4  st7735.o(.data)
    StTextColor                              0x20000384   Data           2  st7735.o(.data)
    SemaDisplay                              0x20000388   Data           8  st7735.o(.data)
    Messageindex                             0x20000398   Data           4  st7735.o(.data)
    Ymax                                     0x2000039c   Data           4  st7735.o(.data)
    Ymin                                     0x200003a0   Data           4  st7735.o(.data)
    X                                        0x200003a4   Data           4  st7735.o(.data)
    Yrange                                   0x200003a8   Data           4  st7735.o(.data)
    lastj                                    0x200003ac   Data           4  st7735.o(.data)
    Stacks                                   0x200003b0   Data        5120  os.o(.bss)
    JitterHistogram1                         0x20001878   Data         400  os.o(.bss)
    JitterHistogram2                         0x20001a08   Data         400  os.o(.bss)
    Dump1                                    0x20001b98   Data         400  os.o(.bss)
    Dump2                                    0x20001d28   Data         400  os.o(.bss)
    PriorityTotal                            0x20001eb8   Data          32  os.o(.bss)
    PriorityAvailable                        0x20001ed8   Data          32  os.o(.bss)
    PriorityPtr                              0x20001ef8   Data          32  os.o(.bss)
    PriorityLastPtr                          0x20001f18   Data          32  os.o(.bss)
    OS_FiFo                                  0x20001f38   Data       16384  os.o(.bss)
    MailBox                                  0x20005f38   Data          20  os.o(.bss)
    VL53L0X_device0                          0x20005fcc   Data         360  vl53l0x.o(.bss)
    VL53L0X_device1                          0x20006134   Data         360  vl53l0x.o(.bss)
    VL53L0X_device2                          0x2000629c   Data         360  vl53l0x.o(.bss)
    VL53L0X_device3                          0x20006404   Data         360  vl53l0x.o(.bss)
    DeviceInfo0                              0x2000656c   Data          99  vl53l0x.o(.bss)
    DeviceInfo1                              0x200065cf   Data          99  vl53l0x.o(.bss)
    DeviceInfo2                              0x20006632   Data          99  vl53l0x.o(.bss)
    DeviceInfo3                              0x20006695   Data          99  vl53l0x.o(.bss)
    __initial_sp                             0x20006af8   Data           0  startup.o(STACK)



==============================================================================

Memory Map of the image

  Image Entry point : 0x0000026d

  Load Region LR_1 (Base: 0x00000000, Size: 0x00007440, Max: 0xffffffff, ABSOLUTE, COMPRESSED[0x00007320])

    Execution Region ER_RO (Exec base: 0x00000000, Load base: 0x00000000, Size: 0x00007090, Max: 0xffffffff, ABSOLUTE)

    Exec Addr    Load Addr    Size         Type   Attr      Idx    E Section Name        Object

    0x00000000   0x00000000   0x00000284   Code   RO         2396  * RESET               startup.o
    0x00000284   0x00000284   0x00000000   Code   RO         2403  * .ARM.Collect$$$$00000000  mc_w.l(entry.o)
    0x00000284   0x00000284   0x00000004   Code   RO         2414    .ARM.Collect$$$$00000001  mc_w.l(entry2.o)
    0x00000288   0x00000288   0x00000004   Code   RO         2417    .ARM.Collect$$$$00000004  mc_w.l(entry5.o)
    0x0000028c   0x0000028c   0x00000000   Code   RO         2419    .ARM.Collect$$$$00000008  mc_w.l(entry7b.o)
    0x0000028c   0x0000028c   0x00000000   Code   RO         2421    .ARM.Collect$$$$0000000A  mc_w.l(entry8b.o)
    0x0000028c   0x0000028c   0x00000008   Code   RO         2422    .ARM.Collect$$$$0000000B  mc_w.l(entry9a.o)
    0x00000294   0x00000294   0x00000000   Code   RO         2424    .ARM.Collect$$$$0000000D  mc_w.l(entry10a.o)
    0x00000294   0x00000294   0x00000000   Code   RO         2426    .ARM.Collect$$$$0000000F  mc_w.l(entry11a.o)
    0x00000294   0x00000294   0x00000004   Code   RO         2415    .ARM.Collect$$$$00002712  mc_w.l(entry2.o)
    0x00000298   0x00000298   0x00000050   Code   RO          622    .text               osasm.o
    0x000002e8   0x000002e8   0x0000001c   Code   RO         2397    .text               startup.o
    0x00000304   0x00000304   0x00000024   Code   RO         2406    .text               mc_w.l(memcpya.o)
    0x00000328   0x00000328   0x00000024   Code   RO         2408    .text               mc_w.l(memseta.o)
    0x0000034c   0x0000034c   0x00000012   Code   RO         2410    .text               mc_w.l(strcpy.o)
    0x0000035e   0x0000035e   0x00000002   PAD
    0x00000360   0x00000360   0x00000024   Code   RO         2428    .text               mc_w.l(init.o)
    0x00000384   0x00000384   0x0000005e   Code   RO         2438    .text               mc_w.l(__dclz77c.o)
    0x000003e2   0x000003e2   0x00000002   PAD
    0x000003e4   0x000003e4   0x00000034   Code   RO          142    i.AddBlockedToSemaphore  os.o
    0x00000418   0x00000418   0x0000003c   Code   RO          143    i.BlockTCB          os.o
    0x00000454   0x00000454   0x00000050   Code   RO          785    i.CAN0_Handler      can0.o
    0x000004a4   0x000004a4   0x000000c8   Code   RO          786    i.CAN0_Open         can0.o
    0x0000056c   0x0000056c   0x0000002c   Code   RO          787    i.CAN0_SendData     can0.o
    0x00000598   0x00000598   0x00000030   Code   RO          788    i.CAN0_Setup_Message_Object  can0.o
    0x000005c8   0x000005c8   0x00000094   Code   RO          626    i.CANBitRateSet     can.o
    0x0000065c   0x0000065c   0x00000036   Code   RO          627    i.CANDataRegRead    can.o
    0x00000692   0x00000692   0x00000036   Code   RO          628    i.CANDataRegWrite   can.o
    0x000006c8   0x000006c8   0x00000018   Code   RO          630    i.CANEnable         can.o
    0x000006e0   0x000006e0   0x0000009a   Code   RO          632    i.CANInit           can.o
    0x0000077a   0x0000077a   0x00000050   Code   RO          633    i.CANIntClear       can.o
    0x000007ca   0x000007ca   0x0000001a   Code   RO          635    i.CANIntEnable      can.o
    0x000007e4   0x000007e4   0x00000030   Code   RO          636    i.CANIntNumberGet   can.o
    0x00000814   0x00000814   0x0000003c   Code   RO          638    i.CANIntStatus      can.o
    0x00000850   0x00000850   0x000001b6   Code   RO          641    i.CANMessageGet     can.o
    0x00000a06   0x00000a06   0x000001b4   Code   RO          642    i.CANMessageSet     can.o
    0x00000bba   0x00000bba   0x00000002   PAD
    0x00000bbc   0x00000bbc   0x0000004c   Code   RO          643    i.CANRegRead        can.o
    0x00000c08   0x00000c08   0x00000018   Code   RO          644    i.CANRegWrite       can.o
    0x00000c20   0x00000c20   0x0000007c   Code   RO          647    i.CANStatusGet      can.o
    0x00000c9c   0x00000c9c   0x00000020   Code   RO         2131    i.Delay1ms          st7735.o
    0x00000cbc   0x00000cbc   0x000000c8   Code   RO          144    i.GPIOPortF_Handler  os.o
    0x00000d84   0x00000d84   0x00000068   Code   RO            1    i.GPIO_PortE_Init   main.o
    0x00000dec   0x00000dec   0x00000074   Code   RO            2    i.GPIO_PortF_Init   main.o
    0x00000e60   0x00000e60   0x0000004c   Code   RO            3    i.GetLaser1         main.o
    0x00000eac   0x00000eac   0x00000044   Code   RO            4    i.GetLaser2         main.o
    0x00000ef0   0x00000ef0   0x00000018   Code   RO            5    i.HardFault_Handler  main.o
    0x00000f08   0x00000f08   0x0000001c   Code   RO            6    i.IOInit            main.o
    0x00000f24   0x00000f24   0x00000068   Code   RO          145    i.IO_Init           os.o
    0x00000f8c   0x00000f8c   0x00000080   Code   RO          818    i.IntDisable        interrupt.o
    0x0000100c   0x0000100c   0x00000080   Code   RO          819    i.IntEnable         interrupt.o
    0x0000108c   0x0000108c   0x00000044   Code   RO          147    i.LinkTCB           os.o
    0x000010d0   0x000010d0   0x00000064   Code   RO          149    i.OS_AddPriorityThread  os.o
    0x00001134   0x00001134   0x00000134   Code   RO          152    i.OS_AddThread      os.o
    0x00001268   0x00001268   0x00000030   Code   RO          156    i.OS_Fifo_Init      os.o
    0x00001298   0x00001298   0x0000003c   Code   RO          160    i.OS_Init           os.o
    0x000012d4   0x000012d4   0x0000001a   Code   RO          161    i.OS_InitSemaphore  os.o
    0x000012ee   0x000012ee   0x00000002   PAD
    0x000012f0   0x000012f0   0x00000168   Code   RO          162    i.OS_Kill           os.o
    0x00001458   0x00001458   0x00000048   Code   RO          163    i.OS_Launch         os.o
    0x000014a0   0x000014a0   0x0000001c   Code   RO          164    i.OS_MailBox_Init   os.o
    0x000014bc   0x000014bc   0x0000009c   Code   RO          168    i.OS_Scheduler      os.o
    0x00001558   0x00001558   0x00000024   Code   RO          169    i.OS_Signal         os.o
    0x0000157c   0x0000157c   0x0000003c   Code   RO          170    i.OS_Sleep          os.o
    0x000015b8   0x000015b8   0x00000018   Code   RO          171    i.OS_Suspend        os.o
    0x000015d0   0x000015d0   0x0000000c   Code   RO          172    i.OS_Time           os.o
    0x000015dc   0x000015dc   0x00000012   Code   RO          173    i.OS_TimeDifference  os.o
    0x000015ee   0x000015ee   0x00000024   Code   RO          174    i.OS_Wait           os.o
    0x00001612   0x00001612   0x00000002   PAD
    0x00001614   0x00001614   0x0000007c   Code   RO          470    i.PLL_Init          pll.o
    0x00001690   0x00001690   0x0000000a   Code   RO          179    i.RemoveBlockedFromSemaphore  os.o
    0x0000169a   0x0000169a   0x00000002   PAD
    0x0000169c   0x0000169c   0x00000024   Code   RO          487    i.RxFifo_Init       uart.o
    0x000016c0   0x000016c0   0x0000003c   Code   RO          488    i.RxFifo_Put        uart.o
    0x000016fc   0x000016fc   0x00000018   Code   RO          489    i.RxFifo_Size       uart.o
    0x00001714   0x00001714   0x000000f8   Code   RO         2141    i.ST7735_DrawCharS  st7735.o
    0x0000180c   0x0000180c   0x0000007c   Code   RO         2142    i.ST7735_DrawFastHLine  st7735.o
    0x00001888   0x00001888   0x00000048   Code   RO         2144    i.ST7735_DrawPixel  st7735.o
    0x000018d0   0x000018d0   0x00000056   Code   RO         2145    i.ST7735_DrawString  st7735.o
    0x00001926   0x00001926   0x00000002   PAD
    0x00001928   0x00001928   0x000000ac   Code   RO         2146    i.ST7735_FillRect   st7735.o
    0x000019d4   0x000019d4   0x00000024   Code   RO         2147    i.ST7735_FillScreen  st7735.o
    0x000019f8   0x000019f8   0x00000088   Code   RO         2149    i.ST7735_InitR      st7735.o
    0x00001a80   0x00001a80   0x000000d4   Code   RO         2152    i.ST7735_OutChar    st7735.o
    0x00001b54   0x00001b54   0x00000018   Code   RO         2153    i.ST7735_OutString  st7735.o
    0x00001b6c   0x00001b6c   0x00000020   Code   RO         2163    i.ST7735_SetCursor  st7735.o
    0x00001b8c   0x00001b8c   0x0000002c   Code   RO          180    i.SW1_Debounce      os.o
    0x00001bb8   0x00001bb8   0x0000002c   Code   RO          182    i.SW2_Debounce      os.o
    0x00001be4   0x00001be4   0x0000001c   Code   RO            7    i.SendLaser1        main.o
    0x00001c00   0x00001c00   0x0000001c   Code   RO            8    i.SendLaser2        main.o
    0x00001c1c   0x00001c1c   0x000000ec   Code   RO          184    i.SetInitialStack   os.o
    0x00001d08   0x00001d08   0x0000004c   Code   RO          185    i.SetThreads        os.o
    0x00001d54   0x00001d54   0x00000014   Code   RO          186    i.SysTick_Handler   os.o
    0x00001d68   0x00001d68   0x00000030   Code   RO          187    i.SysTick_Init      os.o
    0x00001d98   0x00001d98   0x00000098   Code   RO          188    i.Timer1A_Handler   os.o
    0x00001e30   0x00001e30   0x00000090   Code   RO          189    i.Timer3A_Handler   os.o
    0x00001ec0   0x00001ec0   0x00000064   Code   RO          190    i.Timer3A_Init      os.o
    0x00001f24   0x00001f24   0x00000094   Code   RO          191    i.Timer4A_Handler   os.o
    0x00001fb8   0x00001fb8   0x00000014   Code   RO          906    i.ToF_Init          tof.o
    0x00001fcc   0x00001fcc   0x00000024   Code   RO          907    i.ToF_Measure       tof.o
    0x00001ff0   0x00001ff0   0x0000003c   Code   RO          490    i.TxFifo_Get        uart.o
    0x0000202c   0x0000202c   0x00000024   Code   RO          491    i.TxFifo_Init       uart.o
    0x00002050   0x00002050   0x0000003c   Code   RO          492    i.TxFifo_Put        uart.o
    0x0000208c   0x0000208c   0x00000018   Code   RO          493    i.TxFifo_Size       uart.o
    0x000020a4   0x000020a4   0x00000058   Code   RO          494    i.UART0_Handler     uart.o
    0x000020fc   0x000020fc   0x000000d4   Code   RO          499    i.UART_Init         uart.o
    0x000021d0   0x000021d0   0x00000044   Code   RO          500    i.UART_OutChar      uart.o
    0x00002214   0x00002214   0x00000018   Code   RO          501    i.UART_OutString    uart.o
    0x0000222c   0x0000222c   0x0000002a   Code   RO          502    i.UART_OutUDec      uart.o
    0x00002256   0x00002256   0x00000018   Code   RO          192    i.UnBlockTCB        os.o
    0x0000226e   0x0000226e   0x00000002   PAD
    0x00002270   0x00002270   0x00000030   Code   RO          193    i.UnLinkTCB         os.o
    0x000022a0   0x000022a0   0x00000084   Code   RO         1150    i.VL53L0X_CheckAndLoadInterruptSettings  vl53l0x_api.o
    0x00002324   0x00002324   0x00000052   Code   RO         1151    i.VL53L0X_ClearInterruptMask  vl53l0x_api.o
    0x00002376   0x00002376   0x00000002   PAD
    0x00002378   0x00002378   0x000001b8   Code   RO         1152    i.VL53L0X_DataInit  vl53l0x_api.o
    0x00002530   0x00002530   0x00000016   Code   RO         1156    i.VL53L0X_GetDeviceInfo  vl53l0x_api.o
    0x00002546   0x00002546   0x0000000a   Code   RO         1157    i.VL53L0X_GetDeviceMode  vl53l0x_api.o
    0x00002550   0x00002550   0x000000a0   Code   RO         1158    i.VL53L0X_GetDeviceParameters  vl53l0x_api.o
    0x000025f0   0x000025f0   0x00000022   Code   RO         1160    i.VL53L0X_GetFractionEnable  vl53l0x_api.o
    0x00002612   0x00002612   0x0000003e   Code   RO         1164    i.VL53L0X_GetInterMeasurementPeriodMilliSeconds  vl53l0x_api.o
    0x00002650   0x00002650   0x00000030   Code   RO         1165    i.VL53L0X_GetInterruptMaskStatus  vl53l0x_api.o
    0x00002680   0x00002680   0x00000042   Code   RO         1166    i.VL53L0X_GetInterruptThresholds  vl53l0x_api.o
    0x000026c2   0x000026c2   0x0000001c   Code   RO         1168    i.VL53L0X_GetLimitCheckEnable  vl53l0x_api.o
    0x000026de   0x000026de   0x000000b6   Code   RO         1171    i.VL53L0X_GetLimitCheckValue  vl53l0x_api.o
    0x00002794   0x00002794   0x00000056   Code   RO         1174    i.VL53L0X_GetMeasurementDataReady  vl53l0x_api.o
    0x000027ea   0x000027ea   0x00000016   Code   RO         1176    i.VL53L0X_GetMeasurementTimingBudgetMicroSeconds  vl53l0x_api.o
    0x00002800   0x00002800   0x00000016   Code   RO         1180    i.VL53L0X_GetOffsetCalibrationDataMicroMeter  vl53l0x_api.o
    0x00002816   0x00002816   0x0000016e   Code   RO         1188    i.VL53L0X_GetRangingMeasurementData  vl53l0x_api.o
    0x00002984   0x00002984   0x00000076   Code   RO         1192    i.VL53L0X_GetSequenceStepEnables  vl53l0x_api.o
    0x000029fa   0x000029fa   0x00000052   Code   RO         1193    i.VL53L0X_GetSequenceStepTimeout  vl53l0x_api.o
    0x00002a4c   0x00002a4c   0x0000001e   Code   RO         1201    i.VL53L0X_GetVcselPulsePeriod  vl53l0x_api.o
    0x00002a6a   0x00002a6a   0x0000003e   Code   RO         1203    i.VL53L0X_GetWrapAroundCheckEnable  vl53l0x_api.o
    0x00002aa8   0x00002aa8   0x0000000c   Code   RO         1204    i.VL53L0X_GetXTalkCompensationEnable  vl53l0x_api.o
    0x00002ab4   0x00002ab4   0x00000038   Code   RO         1205    i.VL53L0X_GetXTalkCompensationRateMegaCps  vl53l0x_api.o
    0x00002aec   0x00002aec   0x00000260   Code   RO         1002    i.VL53L0X_I2C_Init  vl53l0x_i2c.o
    0x00002d4c   0x00002d4c   0x00000420   Code   RO          963    i.VL53L0X_Init      vl53l0x.o
    0x0000316c   0x0000316c   0x00000020   Code   RO         1207    i.VL53L0X_PerformRefCalibration  vl53l0x_api.o
    0x0000318c   0x0000318c   0x0000001e   Code   RO         1208    i.VL53L0X_PerformRefSpadManagement  vl53l0x_api.o
    0x000031aa   0x000031aa   0x0000003c   Code   RO         1210    i.VL53L0X_PerformSingleMeasurement  vl53l0x_api.o
    0x000031e6   0x000031e6   0x00000038   Code   RO         1211    i.VL53L0X_PerformSingleRangingMeasurement  vl53l0x_api.o
    0x0000321e   0x0000321e   0x0000001c   Code   RO         1066    i.VL53L0X_PollingDelay  vl53l0x_platform.o
    0x0000323a   0x0000323a   0x00000030   Code   RO         1067    i.VL53L0X_RdByte    vl53l0x_platform.o
    0x0000326a   0x0000326a   0x00000030   Code   RO         1068    i.VL53L0X_RdDWord   vl53l0x_platform.o
    0x0000329a   0x0000329a   0x00000030   Code   RO         1069    i.VL53L0X_RdWord    vl53l0x_platform.o
    0x000032ca   0x000032ca   0x0000003a   Code   RO         1070    i.VL53L0X_ReadMulti  vl53l0x_platform.o
    0x00003304   0x00003304   0x00000024   Code   RO         1215    i.VL53L0X_SetDeviceAddress  vl53l0x_api.o
    0x00003328   0x00003328   0x00000032   Code   RO         1216    i.VL53L0X_SetDeviceMode  vl53l0x_api.o
    0x0000335a   0x0000335a   0x00000166   Code   RO         1219    i.VL53L0X_SetGpioConfig  vl53l0x_api.o
    0x000034c0   0x000034c0   0x000000c2   Code   RO         1224    i.VL53L0X_SetLimitCheckEnable  vl53l0x_api.o
    0x00003582   0x00003582   0x00000076   Code   RO         1225    i.VL53L0X_SetLimitCheckValue  vl53l0x_api.o
    0x000035f8   0x000035f8   0x00000016   Code   RO         1227    i.VL53L0X_SetMeasurementTimingBudgetMicroSeconds  vl53l0x_api.o
    0x0000360e   0x0000360e   0x000000c4   Code   RO         1234    i.VL53L0X_SetSequenceStepEnable  vl53l0x_api.o
    0x000036d2   0x000036d2   0x00000108   Code   RO         1243    i.VL53L0X_StartMeasurement  vl53l0x_api.o
    0x000037da   0x000037da   0x00000002   PAD
    0x000037dc   0x000037dc   0x000001a0   Code   RO         1244    i.VL53L0X_StaticInit  vl53l0x_api.o
    0x0000397c   0x0000397c   0x00000060   Code   RO         1072    i.VL53L0X_UpdateByte  vl53l0x_platform.o
    0x000039dc   0x000039dc   0x00000030   Code   RO         1073    i.VL53L0X_WrByte    vl53l0x_platform.o
    0x00003a0c   0x00003a0c   0x00000030   Code   RO         1075    i.VL53L0X_WrWord    vl53l0x_platform.o
    0x00003a3c   0x00003a3c   0x00000040   Code   RO         1076    i.VL53L0X_WriteMulti  vl53l0x_platform.o
    0x00003a7c   0x00003a7c   0x0000018c   Code   RO         1915    i.VL53L0X_calc_dmax  vl53l0x_api_core.o
    0x00003c08   0x00003c08   0x00000016   Code   RO         1916    i.VL53L0X_calc_macro_period_ps  vl53l0x_api_core.o
    0x00003c1e   0x00003c1e   0x00000002   PAD
    0x00003c20   0x00003c20   0x000002b0   Code   RO         1917    i.VL53L0X_calc_sigma_estimate  vl53l0x_api_core.o
    0x00003ed0   0x00003ed0   0x00000034   Code   RO         1918    i.VL53L0X_calc_timeout_mclks  vl53l0x_api_core.o
    0x00003f04   0x00003f04   0x00000036   Code   RO         1919    i.VL53L0X_calc_timeout_us  vl53l0x_api_core.o
    0x00003f3a   0x00003f3a   0x00000002   PAD
    0x00003f3c   0x00003f3c   0x00000050   Code   RO         2077    i.VL53L0X_check_part_used  vl53l0x_api_strings.o
    0x00003f8c   0x00003f8c   0x0000000e   Code   RO         1920    i.VL53L0X_decode_timeout  vl53l0x_api_core.o
    0x00003f9a   0x00003f9a   0x0000000c   Code   RO         1921    i.VL53L0X_decode_vcsel_period  vl53l0x_api_core.o
    0x00003fa6   0x00003fa6   0x0000004e   Code   RO         1922    i.VL53L0X_device_read_strobe  vl53l0x_api_core.o
    0x00003ff4   0x00003ff4   0x00000028   Code   RO         1923    i.VL53L0X_encode_timeout  vl53l0x_api_core.o
    0x0000401c   0x0000401c   0x00000058   Code   RO          964    i.VL53L0X_getSingleRangingMeasurement  vl53l0x.o
    0x00004074   0x00004074   0x000000dc   Code   RO         2079    i.VL53L0X_get_device_info  vl53l0x_api_strings.o
    0x00004150   0x00004150   0x0000054a   Code   RO         1925    i.VL53L0X_get_info_from_device  vl53l0x_api_core.o
    0x0000469a   0x0000469a   0x000000ee   Code   RO         1926    i.VL53L0X_get_measurement_timing_budget_micro_seconds  vl53l0x_api_core.o
    0x00004788   0x00004788   0x00000056   Code   RO         1769    i.VL53L0X_get_offset_calibration_data_micro_meter  vl53l0x_api_calibration.o
    0x000047de   0x000047de   0x00000234   Code   RO         1927    i.VL53L0X_get_pal_range_status  vl53l0x_api_core.o
    0x00004a12   0x00004a12   0x00000028   Code   RO         1928    i.VL53L0X_get_total_signal_rate  vl53l0x_api_core.o
    0x00004a3a   0x00004a3a   0x0000003a   Code   RO         1929    i.VL53L0X_get_total_xtalk_rate  vl53l0x_api_core.o
    0x00004a74   0x00004a74   0x00000046   Code   RO         1930    i.VL53L0X_get_vcsel_pulse_period  vl53l0x_api_core.o
    0x00004aba   0x00004aba   0x0000002c   Code   RO         1931    i.VL53L0X_isqrt     vl53l0x_api_core.o
    0x00004ae6   0x00004ae6   0x000000ea   Code   RO         1932    i.VL53L0X_load_tuning_settings  vl53l0x_api_core.o
    0x00004bd0   0x00004bd0   0x00000040   Code   RO         1933    i.VL53L0X_measurement_poll_for_completion  vl53l0x_api_core.o
    0x00004c10   0x00004c10   0x0000007c   Code   RO         1773    i.VL53L0X_perform_phase_calibration  vl53l0x_api_calibration.o
    0x00004c8c   0x00004c8c   0x0000004c   Code   RO         1774    i.VL53L0X_perform_ref_calibration  vl53l0x_api_calibration.o
    0x00004cd8   0x00004cd8   0x00000292   Code   RO         1775    i.VL53L0X_perform_ref_spad_management  vl53l0x_api_calibration.o
    0x00004f6a   0x00004f6a   0x00000040   Code   RO         1776    i.VL53L0X_perform_single_ref_calibration  vl53l0x_api_calibration.o
    0x00004faa   0x00004faa   0x0000007e   Code   RO         1777    i.VL53L0X_perform_vhv_calibration  vl53l0x_api_calibration.o
    0x00005028   0x00005028   0x0000001c   Code   RO         1003    i.VL53L0X_read_byte  vl53l0x_i2c.o
    0x00005044   0x00005044   0x00000042   Code   RO         1004    i.VL53L0X_read_dword  vl53l0x_i2c.o
    0x00005086   0x00005086   0x00000002   PAD
    0x00005088   0x00005088   0x000007f0   Code   RO         1005    i.VL53L0X_read_multi  vl53l0x_i2c.o
    0x00005878   0x00005878   0x00000032   Code   RO         1006    i.VL53L0X_read_word  vl53l0x_i2c.o
    0x000058aa   0x000058aa   0x000000b0   Code   RO         1779    i.VL53L0X_ref_calibration_io  vl53l0x_api_calibration.o
    0x0000595a   0x0000595a   0x00000002   PAD
    0x0000595c   0x0000595c   0x000000c8   Code   RO          965    i.VL53L0X_setAddress  vl53l0x.o
    0x00005a24   0x00005a24   0x00000128   Code   RO         1936    i.VL53L0X_set_measurement_timing_budget_micro_seconds  vl53l0x_api_core.o
    0x00005b4c   0x00005b4c   0x000000c2   Code   RO         1782    i.VL53L0X_set_reference_spads  vl53l0x_api_calibration.o
    0x00005c0e   0x00005c0e   0x0000001e   Code   RO         1007    i.VL53L0X_write_byte  vl53l0x_i2c.o
    0x00005c2c   0x00005c2c   0x00000390   Code   RO         1009    i.VL53L0X_write_multi  vl53l0x_i2c.o
    0x00005fbc   0x00005fbc   0x00000028   Code   RO         1010    i.VL53L0X_write_word  vl53l0x_i2c.o
    0x00005fe4   0x00005fe4   0x0000000e   Code   RO         2432    i.__scatterload_copy  mc_w.l(handlers.o)
    0x00005ff2   0x00005ff2   0x00000002   Code   RO         2433    i.__scatterload_null  mc_w.l(handlers.o)
    0x00005ff4   0x00005ff4   0x0000000e   Code   RO         2434    i.__scatterload_zeroinit  mc_w.l(handlers.o)
    0x00006002   0x00006002   0x00000056   Code   RO         2167    i.commandList       st7735.o
    0x00006058   0x00006058   0x00000188   Code   RO         2168    i.commonInit        st7735.o
    0x000061e0   0x000061e0   0x00000028   Code   RO          504    i.copyHardwareToSoftware  uart.o
    0x00006208   0x00006208   0x0000002c   Code   RO          505    i.copySoftwareToHardware  uart.o
    0x00006234   0x00006234   0x00000018   Code   RO          966    i.delay             vl53l0x.o
    0x0000624c   0x0000624c   0x000000ac   Code   RO         1784    i.enable_ref_spads  vl53l0x_api_calibration.o
    0x000062f8   0x000062f8   0x00000032   Code   RO         1785    i.enable_spad_bit   vl53l0x_api_calibration.o
    0x0000632a   0x0000632a   0x00000068   Code   RO         1786    i.get_next_good_spad  vl53l0x_api_calibration.o
    0x00006392   0x00006392   0x00000018   Code   RO         1787    i.get_ref_spad_map  vl53l0x_api_calibration.o
    0x000063aa   0x000063aa   0x00000122   Code   RO         1938    i.get_sequence_step_timeout  vl53l0x_api_core.o
    0x000064cc   0x000064cc   0x00000018   Code   RO         1788    i.is_aperture       vl53l0x_api_calibration.o
    0x000064e4   0x000064e4   0x00000010   Code   RO           10    i.laserToArray      main.o
    0x000064f4   0x000064f4   0x000000a4   Code   RO           11    i.main              main.o
    0x00006598   0x00006598   0x0000006e   Code   RO         1789    i.perform_ref_signal_measurement  vl53l0x_api_calibration.o
    0x00006606   0x00006606   0x00000012   Code   RO         2170    i.pushColor         st7735.o
    0x00006618   0x00006618   0x00000048   Code   RO         1248    i.sequence_step_enabled  vl53l0x_api.o
    0x00006660   0x00006660   0x00000074   Code   RO         2171    i.setAddrWindow     st7735.o
    0x000066d4   0x000066d4   0x00000018   Code   RO         1790    i.set_ref_spad_map  vl53l0x_api_calibration.o
    0x000066ec   0x000066ec   0x0000013a   Code   RO         1939    i.set_sequence_step_timeout  vl53l0x_api_core.o
    0x00006826   0x00006826   0x00000002   PAD
    0x00006828   0x00006828   0x00000030   Code   RO         2172    i.writecommand      st7735.o
    0x00006858   0x00006858   0x00000024   Code   RO         2173    i.writedata         st7735.o
    0x0000687c   0x0000687c   0x00000012   Data   RO          648    .constdata          can.o
    0x0000688e   0x0000688e   0x000007e2   Data   RO         2175    .constdata          st7735.o
    0x00007070   0x00007070   0x00000020   Data   RO         2430    Region$$Table       anon$$obj.o


    Execution Region ER_RW (Exec base: 0x20000000, Load base: 0x00007090, Size: 0x000003b0, Max: 0xffffffff, ABSOLUTE, COMPRESSED[0x00000290])

    Exec Addr    Load Addr    Size         Type   Attr      Idx    E Section Name        Object

    0x20000000   COMPRESSED   0x0000001c   Data   RW           12    .data               main.o
    0x2000001c   COMPRESSED   0x00000079   Data   RW          195    .data               os.o
    0x20000095   COMPRESSED   0x00000003   PAD
    0x20000098   COMPRESSED   0x00000018   Data   RW          507    .data               uart.o
    0x200000b0   COMPRESSED   0x00000010   Data   RW          789    .data               can0.o
    0x200000c0   COMPRESSED   0x00000001   Data   RW          968    .data               vl53l0x.o
    0x200000c1   COMPRESSED   0x000002a9   Data   RW         1249    .data               vl53l0x_api.o
    0x2000036a   COMPRESSED   0x00000002   PAD
    0x2000036c   COMPRESSED   0x00000010   Data   RW         1791    .data               vl53l0x_api_calibration.o
    0x2000037c   COMPRESSED   0x00000034   Data   RW         2176    .data               st7735.o


    Execution Region ER_ZI (Exec base: 0x200003b0, Load base: 0x00007320, Size: 0x00006748, Max: 0xffffffff, ABSOLUTE)

    Exec Addr    Load Addr    Size         Type   Attr      Idx    E Section Name        Object

    0x200003b0        -       0x00005b9c   Zero   RW          194    .bss                os.o
    0x20005f4c        -       0x00000080   Zero   RW          506    .bss                uart.o
    0x20005fcc        -       0x0000072c   Zero   RW          967    .bss                vl53l0x.o
    0x200066f8        -       0x00000400   Zero   RW         2394    STACK               startup.o


==============================================================================

Image component sizes


      Code (inc. data)   RO Data    RW Data    ZI Data      Debug   Object Name

      1746         20         18          0          0      16061   can.o
       372         52          0         16          0       2934   can0.o
       256         20          0          0          0       1145   interrupt.o
       652        146          0         28          0      12744   main.o
      2922        392          0        121      23452      22636   os.o
        80         10          0          0          0        336   osasm.o
       124          4          0          0          0        507   pll.o
      1870        206       2018         52          0      14469   st7735.o
       672        622          0          0       1024       1064   startup.o
        56          0          0          0          0      16869   tof.o
       818        134          0         24        128       8581   uart.o
      1368         76          0          1       1836       4563   vl53l0x.o
      4026         62          0        681          0      31939   vl53l0x_api.o
      2012          6          0         16          0      15799   vl53l0x_api_calibration.o
      4922         18          0          0          0      26316   vl53l0x_api_core.o
       300         74          0          0          0       2500   vl53l0x_api_strings.o
      3766         90          0          0          0       8977   vl53l0x_i2c.o
       486          0          0          0          0       8323   vl53l0x_platform.o

    ----------------------------------------------------------------------
     26474       1932       2068        944      26440     195763   Object Totals
         0          0         32          0          0          0   (incl. Generated)
        26          0          0          5          0          0   (incl. Padding)

    ----------------------------------------------------------------------

      Code (inc. data)   RO Data    RW Data    ZI Data      Debug   Library Member Name

        94          0          0          0          0          0   __dclz77c.o
         0          0          0          0          0          0   entry.o
         0          0          0          0          0          0   entry10a.o
         0          0          0          0          0          0   entry11a.o
         8          4          0          0          0          0   entry2.o
         4          0          0          0          0          0   entry5.o
         0          0          0          0          0          0   entry7b.o
         0          0          0          0          0          0   entry8b.o
         8          4          0          0          0          0   entry9a.o
        30          0          0          0          0          0   handlers.o
        36          8          0          0          0         68   init.o
        36          0          0          0          0         68   memcpya.o
        36          0          0          0          0        108   memseta.o
        18          0          0          0          0         68   strcpy.o

    ----------------------------------------------------------------------
       274         16          0          0          0        312   Library Totals
         4          0          0          0          0          0   (incl. Padding)

    ----------------------------------------------------------------------

      Code (inc. data)   RO Data    RW Data    ZI Data      Debug   Library Name

       270         16          0          0          0        312   mc_w.l

    ----------------------------------------------------------------------
       274         16          0          0          0        312   Library Totals

    ----------------------------------------------------------------------

==============================================================================


      Code (inc. data)   RO Data    RW Data    ZI Data      Debug   

     26748       1948       2068        944      26440     186479   Grand Totals
     26748       1948       2068        656      26440     186479   ELF Image Totals (compressed)
     26748       1948       2068        656          0          0   ROM Totals

==============================================================================

    Total RO  Size (Code + RO Data)                28816 (  28.14kB)
    Total RW  Size (RW Data + ZI Data)             27384 (  26.74kB)
    Total ROM Size (Code + RO Data + RW Data)      29472 (  28.78kB)

==============================================================================

