ARM Linker, 5.03 [Build 76] [MDK-ARM Lite]

==============================================================================

Section Cross References

    main.o(i.UserTask) refers to can0.o(i.CAN0_SendData) for CAN0_SendData
    main.o(i.UserTask) refers to main.o(.data) for XmtData
    main.o(i.WrapInterpreter) refers to interpreter.o(i.Interpreter) for Interpreter
    main.o(i.main) refers to os.o(i.OS_Init) for OS_Init
    main.o(i.main) refers to main.o(i.GPIO_PortF_Init) for GPIO_PortF_Init
    main.o(i.main) refers to os.o(i.OS_MailBox_Init) for OS_MailBox_Init
    main.o(i.main) refers to os.o(i.OS_Fifo_Init) for OS_Fifo_Init
    main.o(i.main) refers to can0.o(i.CAN0_Open) for CAN0_Open
    main.o(i.main) refers to os.o(i.OS_AddThread) for OS_AddThread
    main.o(i.main) refers to os.o(i.OS_Launch) for OS_Launch
    main.o(i.main) refers to main.o(.data) for NumCreated
    main.o(i.main) refers to main.o(i.WrapInterpreter) for WrapInterpreter
    adc.o(i.ADC0Seq3_Handler) refers to adc.o(i.ADC_In) for ADC_In
    adc.o(i.ADC0Seq3_Handler) refers to adc.o(.data) for ADCBuff
    adc.o(i.ADC_Collect) refers to startup.o(.text) for StartCritical
    adc.o(i.ADC_Collect) refers to adc.o(.data) for ADCBuff
    interpreter.o(i.Interpreter) refers to uart.o(i.UART_OutString) for UART_OutString
    interpreter.o(i.Interpreter) refers to interpreter.o(i.newLine) for newLine
    interpreter.o(i.Interpreter) refers to uart.o(i.UART_InChar) for UART_InChar
    interpreter.o(i.newLine) refers to uart.o(i.OutCRLF) for OutCRLF
    os.o(i.AddBlockedToSemaphore) refers to os.o(.data) for RunPt
    os.o(i.BlockTCB) refers to os.o(i.UnLinkTCB) for UnLinkTCB
    os.o(i.BlockTCB) refers to os.o(i.AddBlockedToSemaphore) for AddBlockedToSemaphore
    os.o(i.BlockTCB) refers to os.o(i.OS_Suspend) for OS_Suspend
    os.o(i.BlockTCB) refers to os.o(.data) for RunPt
    os.o(i.BlockTCB) refers to os.o(.bss) for PriorityAvailable
    os.o(i.GPIOPortF_Handler) refers to os.o(i.OS_AddThread) for OS_AddThread
    os.o(i.GPIOPortF_Handler) refers to os.o(.data) for LastSW1
    os.o(i.GPIOPortF_Handler) refers to os.o(i.SW1_Debounce) for SW1_Debounce
    os.o(i.GPIOPortF_Handler) refers to os.o(i.SW2_Debounce) for SW2_Debounce
    os.o(i.IO_Init) refers to st7735.o(i.ST7735_InitR) for ST7735_InitR
    os.o(i.IO_Init) refers to st7735.o(i.ST7735_FillScreen) for ST7735_FillScreen
    os.o(i.IO_Init) refers to st7735.o(i.ST7735_SetCursor) for ST7735_SetCursor
    os.o(i.IO_Init) refers to st7735.o(i.ST7735_OutString) for ST7735_OutString
    os.o(i.IO_Init) refers to st7735.o(i.ST7735_DrawFastHLine) for ST7735_DrawFastHLine
    os.o(i.IO_Init) refers to uart.o(i.UART_Init) for UART_Init
    os.o(i.IO_Init) refers to os.o(i.Timer3A_Init) for Timer3A_Init
    os.o(i.IO_Init) refers to os.o(i.Timer0A_Init) for Timer0A_Init
    os.o(i.Jitter) refers to st7735.o(i.ST7735_Message) for ST7735_Message
    os.o(i.Jitter) refers to os.o(.data) for JitterMax_Periodic1
    os.o(i.LinkTCB) refers to os.o(.data) for RunPt
    os.o(i.LinkTCB) refers to os.o(.bss) for PriorityAvailable
    os.o(i.OS_AddPeriodicThread) refers to os.o(i.PeriodicThread1_Init) for PeriodicThread1_Init
    os.o(i.OS_AddPeriodicThread) refers to os.o(i.PeriodicThread2_Init) for PeriodicThread2_Init
    os.o(i.OS_AddPeriodicThread) refers to os.o(.data) for NumberOfPeriodicTasks
    os.o(i.OS_AddPriorityThread) refers to os.o(.bss) for PriorityTotal
    os.o(i.OS_AddSW1Task) refers to os.o(i.SW1_Init) for SW1_Init
    os.o(i.OS_AddSW1Task) refers to os.o(.data) for SW1_Task
    os.o(i.OS_AddSW2Task) refers to os.o(i.SW2_Init) for SW2_Init
    os.o(i.OS_AddSW2Task) refers to os.o(.data) for SW2_Task
    os.o(i.OS_AddThread) refers to startup.o(.text) for StartCritical
    os.o(i.OS_AddThread) refers to os.o(i.SetInitialStack) for SetInitialStack
    os.o(i.OS_AddThread) refers to os.o(i.OS_AddPriorityThread) for OS_AddPriorityThread
    os.o(i.OS_AddThread) refers to os.o(.data) for NumOfThreads
    os.o(i.OS_AddThread) refers to os.o(.bss) for tcbs
    os.o(i.OS_AddThreads) refers to startup.o(.text) for StartCritical
    os.o(i.OS_AddThreads) refers to os.o(i.SetInitialStack) for SetInitialStack
    os.o(i.OS_AddThreads) refers to os.o(.bss) for tcbs
    os.o(i.OS_AddThreads) refers to os.o(.data) for RunPt
    os.o(i.OS_ClearMsTime) refers to os.o(.data) for OS_SystemTimeMS
    os.o(i.OS_Fifo_Get) refers to os.o(i.OS_Wait) for OS_Wait
    os.o(i.OS_Fifo_Get) refers to os.o(.data) for SemaFIFO
    os.o(i.OS_Fifo_Get) refers to os.o(.bss) for OS_FiFo
    os.o(i.OS_Fifo_Init) refers to startup.o(.text) for StartCritical
    os.o(i.OS_Fifo_Init) refers to os.o(i.OS_InitSemaphore) for OS_InitSemaphore
    os.o(i.OS_Fifo_Init) refers to os.o(.data) for Get_Idx
    os.o(i.OS_Fifo_Put) refers to os.o(i.OS_Signal) for OS_Signal
    os.o(i.OS_Fifo_Put) refers to os.o(.data) for SemaFIFO
[...]
    vl53l0x_api.o(i.VL53L0X_GetVcselPulsePeriod) refers to vl53l0x_api_core.o(i.VL53L0X_get_vcsel_pulse_period) for VL53L0X_get_vcsel_pulse_period
    vl53l0x_api.o(i.VL53L0X_GetWrapAroundCheckEnable) refers to vl53l0x_platform.o(i.VL53L0X_RdByte) for VL53L0X_RdByte
    vl53l0x_api.o(i.VL53L0X_GetXTalkCompensationRateMegaCps) refers to vl53l0x_platform.o(i.VL53L0X_RdWord) for VL53L0X_RdWord
    vl53l0x_api.o(i.VL53L0X_PerformOffsetCalibration) refers to vl53l0x_api_calibration.o(i.VL53L0X_perform_offset_calibration) for VL53L0X_perform_offset_calibration
    vl53l0x_api.o(i.VL53L0X_PerformRefCalibration) refers to vl53l0x_api_calibration.o(i.VL53L0X_perform_ref_calibration) for VL53L0X_perform_ref_calibration
    vl53l0x_api.o(i.VL53L0X_PerformRefSpadManagement) refers to vl53l0x_api_calibration.o(i.VL53L0X_perform_ref_spad_management) for VL53L0X_perform_ref_spad_management
    vl53l0x_api.o(i.VL53L0X_PerformSingleMeasurement) refers to vl53l0x_api.o(i.VL53L0X_GetDeviceMode) for VL53L0X_GetDeviceMode
    vl53l0x_api.o(i.VL53L0X_PerformSingleMeasurement) refers to vl53l0x_api.o(i.VL53L0X_StartMeasurement) for VL53L0X_StartMeasurement
    vl53l0x_api.o(i.VL53L0X_PerformSingleMeasurement) refers to vl53l0x_api_core.o(i.VL53L0X_measurement_poll_for_completion) for VL53L0X_measurement_poll_for_completion
    vl53l0x_api.o(i.VL53L0X_PerformSingleRangingMeasurement) refers to vl53l0x_api.o(i.VL53L0X_SetDeviceMode) for VL53L0X_SetDeviceMode
    vl53l0x_api.o(i.VL53L0X_PerformSingleRangingMeasurement) refers to vl53l0x_api.o(i.VL53L0X_PerformSingleMeasurement) for VL53L0X_PerformSingleMeasurement
    vl53l0x_api.o(i.VL53L0X_PerformSingleRangingMeasurement) refers to vl53l0x_api.o(i.VL53L0X_GetRangingMeasurementData) for VL53L0X_GetRangingMeasurementData
    vl53l0x_api.o(i.VL53L0X_PerformSingleRangingMeasurement) refers to vl53l0x_api.o(i.VL53L0X_ClearInterruptMask) for VL53L0X_ClearInterruptMask
    vl53l0x_api.o(i.VL53L0X_PerformXTalkCalibration) refers to vl53l0x_api_calibration.o(i.VL53L0X_perform_xtalk_calibration) for VL53L0X_perform_xtalk_calibration
    vl53l0x_api.o(i.VL53L0X_ResetDevice) refers to vl53l0x_platform.o(i.VL53L0X_WrByte) for VL53L0X_WrByte
    vl53l0x_api.o(i.VL53L0X_ResetDevice) refers to vl53l0x_platform.o(i.VL53L0X_RdByte) for VL53L0X_RdByte
    vl53l0x_api.o(i.VL53L0X_SetDeviceAddress) refers to vl53l0x_platform.o(i.VL53L0X_WrByte) for VL53L0X_WrByte
    vl53l0x_api.o(i.VL53L0X_SetDeviceParameters) refers to vl53l0x_api.o(i.VL53L0X_SetDeviceMode) for VL53L0X_SetDeviceMode
    vl53l0x_api.o(i.VL53L0X_SetDeviceParameters) refers to vl53l0x_api.o(i.VL53L0X_SetInterMeasurementPeriodMilliSeconds) for VL53L0X_SetInterMeasurementPeriodMilliSeconds
    vl53l0x_api.o(i.VL53L0X_SetDeviceParameters) refers to vl53l0x_api.o(i.VL53L0X_SetXTalkCompensationRateMegaCps) for VL53L0X_SetXTalkCompensationRateMegaCps
    vl53l0x_api.o(i.VL53L0X_SetDeviceParameters) refers to vl53l0x_api.o(i.VL53L0X_SetOffsetCalibrationDataMicroMeter) for VL53L0X_SetOffsetCalibrationDataMicroMeter
    vl53l0x_api.o(i.VL53L0X_SetDeviceParameters) refers to vl53l0x_api.o(i.VL53L0X_SetLimitCheckEnable) for VL53L0X_SetLimitCheckEnable
    vl53l0x_api.o(i.VL53L0X_SetDeviceParameters) refers to vl53l0x_api.o(i.VL53L0X_SetLimitCheckValue) for VL53L0X_SetLimitCheckValue
    vl53l0x_api.o(i.VL53L0X_SetDeviceParameters) refers to vl53l0x_api.o(i.VL53L0X_SetWrapAroundCheckEnable) for VL53L0X_SetWrapAroundCheckEnable
    vl53l0x_api.o(i.VL53L0X_SetDeviceParameters) refers to vl53l0x_api.o(i.VL53L0X_SetMeasurementTimingBudgetMicroSeconds) for VL53L0X_SetMeasurementTimingBudgetMicroSeconds
    vl53l0x_api.o(i.VL53L0X_SetDmaxCalParameters) refers to vl53l0x_api_core.o(i.VL53L0X_get_info_from_device) for VL53L0X_get_info_from_device
    vl53l0x_api.o(i.VL53L0X_SetGpioConfig) refers to vl53l0x_platform.o(i.VL53L0X_WrByte) for VL53L0X_WrByte
    vl53l0x_api.o(i.VL53L0X_SetGpioConfig) refers to vl53l0x_platform.o(i.VL53L0X_UpdateByte) for VL53L0X_UpdateByte
    vl53l0x_api.o(i.VL53L0X_SetGpioConfig) refers to vl53l0x_api.o(i.VL53L0X_ClearInterruptMask) for VL53L0X_ClearInterruptMask
    vl53l0x_api.o(i.VL53L0X_SetInterMeasurementPeriodMilliSeconds) refers to vl53l0x_platform.o(i.VL53L0X_RdWord) for VL53L0X_RdWord
    vl53l0x_api.o(i.VL53L0X_SetInterMeasurementPeriodMilliSeconds) refers to vl53l0x_platform.o(i.VL53L0X_WrDWord) for VL53L0X_WrDWord
    vl53l0x_api.o(i.VL53L0X_SetInterruptThresholds) refers to vl53l0x_platform.o(i.VL53L0X_WrWord) for VL53L0X_WrWord
    vl53l0x_api.o(i.VL53L0X_SetLimitCheckEnable) refers to vl53l0x_platform.o(i.VL53L0X_WrWord) for VL53L0X_WrWord
    vl53l0x_api.o(i.VL53L0X_SetLimitCheckEnable) refers to vl53l0x_platform.o(i.VL53L0X_UpdateByte) for VL53L0X_UpdateByte
    vl53l0x_api.o(i.VL53L0X_SetLimitCheckValue) refers to vl53l0x_platform.o(i.VL53L0X_WrWord) for VL53L0X_WrWord
    vl53l0x_api.o(i.VL53L0X_SetLinearityCorrectiveGain) refers to vl53l0x_platform.o(i.VL53L0X_WrWord) for VL53L0X_WrWord
    vl53l0x_api.o(i.VL53L0X_SetMeasurementTimingBudgetMicroSeconds) refers to vl53l0x_api_core.o(i.VL53L0X_set_measurement_timing_budget_micro_seconds) for VL53L0X_set_measurement_timing_budget_micro_seconds
    vl53l0x_api.o(i.VL53L0X_SetOffsetCalibrationDataMicroMeter) refers to vl53l0x_api_calibration.o(i.VL53L0X_set_offset_calibration_data_micro_meter) for VL53L0X_set_offset_calibration_data_micro_meter
    vl53l0x_api.o(i.VL53L0X_SetPowerMode) refers to vl53l0x_platform.o(i.VL53L0X_WrByte) for VL53L0X_WrByte
    vl53l0x_api.o(i.VL53L0X_SetPowerMode) refers to vl53l0x_api.o(i.VL53L0X_StaticInit) for VL53L0X_StaticInit
    vl53l0x_api.o(i.VL53L0X_SetRangeFractionEnable) refers to vl53l0x_platform.o(i.VL53L0X_WrByte) for VL53L0X_WrByte
    vl53l0x_api.o(i.VL53L0X_SetRefCalibration) refers to vl53l0x_api_calibration.o(i.VL53L0X_set_ref_calibration) for VL53L0X_set_ref_calibration
    vl53l0x_api.o(i.VL53L0X_SetReferenceSpads) refers to vl53l0x_api_calibration.o(i.VL53L0X_set_reference_spads) for VL53L0X_set_reference_spads
    vl53l0x_api.o(i.VL53L0X_SetSequenceStepEnable) refers to vl53l0x_platform.o(i.VL53L0X_RdByte) for VL53L0X_RdByte
    vl53l0x_api.o(i.VL53L0X_SetSequenceStepEnable) refers to vl53l0x_platform.o(i.VL53L0X_WrByte) for VL53L0X_WrByte
    vl53l0x_api.o(i.VL53L0X_SetSequenceStepEnable) refers to vl53l0x_api.o(i.VL53L0X_SetMeasurementTimingBudgetMicroSeconds) for VL53L0X_SetMeasurementTimingBudgetMicroSeconds
    vl53l0x_api.o(i.VL53L0X_SetSequenceStepTimeout) refers to vl53l0x_api_core.o(i.get_sequence_step_timeout) for get_sequence_step_timeout
    vl53l0x_api.o(i.VL53L0X_SetSequenceStepTimeout) refers to vl53l0x_api_core.o(i.set_sequence_step_timeout) for set_sequence_step_timeout
    vl53l0x_api.o(i.VL53L0X_SetSequenceStepTimeout) refers to vl53l0x_api.o(i.VL53L0X_SetMeasurementTimingBudgetMicroSeconds) for VL53L0X_SetMeasurementTimingBudgetMicroSeconds
    vl53l0x_api.o(i.VL53L0X_SetSpadAmbientDamperFactor) refers to vl53l0x_platform.o(i.VL53L0X_WrByte) for VL53L0X_WrByte
    vl53l0x_api.o(i.VL53L0X_SetSpadAmbientDamperThreshold) refers to vl53l0x_platform.o(i.VL53L0X_WrByte) for VL53L0X_WrByte
    vl53l0x_api.o(i.VL53L0X_SetSpadAmbientDamperThreshold) refers to vl53l0x_platform.o(i.VL53L0X_WrWord) for VL53L0X_WrWord
    vl53l0x_api.o(i.VL53L0X_SetVcselPulsePeriod) refers to vl53l0x_api_core.o(i.VL53L0X_set_vcsel_pulse_period) for VL53L0X_set_vcsel_pulse_period
    vl53l0x_api.o(i.VL53L0X_SetWrapAroundCheckEnable) refers to vl53l0x_platform.o(i.VL53L0X_RdByte) for VL53L0X_RdByte
    vl53l0x_api.o(i.VL53L0X_SetWrapAroundCheckEnable) refers to vl53l0x_platform.o(i.VL53L0X_WrByte) for VL53L0X_WrByte
    vl53l0x_api.o(i.VL53L0X_SetXTalkCompensationEnable) refers to vl53l0x_platform.o(i.VL53L0X_WrWord) for VL53L0X_WrWord
    vl53l0x_api.o(i.VL53L0X_SetXTalkCompensationRateMegaCps) refers to vl53l0x_platform.o(i.VL53L0X_WrWord) for VL53L0X_WrWord
    vl53l0x_api.o(i.VL53L0X_StartMeasurement) refers to vl53l0x_api.o(i.VL53L0X_GetDeviceMode) for VL53L0X_GetDeviceMode
    vl53l0x_api.o(i.VL53L0X_StartMeasurement) refers to vl53l0x_platform.o(i.VL53L0X_WrByte) for VL53L0X_WrByte
    vl53l0x_api.o(i.VL53L0X_StartMeasurement) refers to vl53l0x_platform.o(i.VL53L0X_RdByte) for VL53L0X_RdByte
    vl53l0x_api.o(i.VL53L0X_StartMeasurement) refers to vl53l0x_api.o(i.VL53L0X_CheckAndLoadInterruptSettings) for VL53L0X_CheckAndLoadInterruptSettings
    vl53l0x_api.o(i.VL53L0X_StaticInit) refers to memseta.o(.text) for __aeabi_memclr4
    vl53l0x_api.o(i.VL53L0X_StaticInit) refers to vl53l0x_api_core.o(i.VL53L0X_get_info_from_device) for VL53L0X_get_info_from_device
    vl53l0x_api.o(i.VL53L0X_StaticInit) refers to vl53l0x_api_calibration.o(i.VL53L0X_perform_ref_spad_management) for VL53L0X_perform_ref_spad_management
    vl53l0x_api.o(i.VL53L0X_StaticInit) refers to vl53l0x_api_calibration.o(i.VL53L0X_set_reference_spads) for VL53L0X_set_reference_spads
    vl53l0x_api.o(i.VL53L0X_StaticInit) refers to vl53l0x_api_core.o(i.VL53L0X_load_tuning_settings) for VL53L0X_load_tuning_settings
    vl53l0x_api.o(i.VL53L0X_StaticInit) refers to vl53l0x_api.o(i.VL53L0X_SetGpioConfig) for VL53L0X_SetGpioConfig
    vl53l0x_api.o(i.VL53L0X_StaticInit) refers to vl53l0x_platform.o(i.VL53L0X_WrByte) for VL53L0X_WrByte
    vl53l0x_api.o(i.VL53L0X_StaticInit) refers to vl53l0x_platform.o(i.VL53L0X_RdWord) for VL53L0X_RdWord
    vl53l0x_api.o(i.VL53L0X_StaticInit) refers to vl53l0x_api.o(i.VL53L0X_GetDeviceParameters) for VL53L0X_GetDeviceParameters
    vl53l0x_api.o(i.VL53L0X_StaticInit) refers to vl53l0x_api.o(i.VL53L0X_GetFractionEnable) for VL53L0X_GetFractionEnable
    vl53l0x_api.o(i.VL53L0X_StaticInit) refers to memcpya.o(.text) for __aeabi_memcpy4
    vl53l0x_api.o(i.VL53L0X_StaticInit) refers to vl53l0x_platform.o(i.VL53L0X_RdByte) for VL53L0X_RdByte
    vl53l0x_api.o(i.VL53L0X_StaticInit) refers to vl53l0x_api.o(i.VL53L0X_SetSequenceStepEnable) for VL53L0X_SetSequenceStepEnable
    vl53l0x_api.o(i.VL53L0X_StaticInit) refers to vl53l0x_api.o(i.VL53L0X_GetVcselPulsePeriod) for VL53L0X_GetVcselPulsePeriod
    vl53l0x_api.o(i.VL53L0X_StaticInit) refers to vl53l0x_api.o(i.VL53L0X_GetSequenceStepTimeout) for VL53L0X_GetSequenceStepTimeout
    vl53l0x_api.o(i.VL53L0X_StaticInit) refers to vl53l0x_api.o(.data) for DefaultTuningSettings
    vl53l0x_api.o(i.VL53L0X_StopMeasurement) refers to vl53l0x_platform.o(i.VL53L0X_WrByte) for VL53L0X_WrByte
    vl53l0x_api.o(i.VL53L0X_StopMeasurement) refers to vl53l0x_api.o(i.VL53L0X_CheckAndLoadInterruptSettings) for VL53L0X_CheckAndLoadInterruptSettings
    entry.o(.ARM.Collect$$$$00000000) refers (Special) to entry10a.o(.ARM.Collect$$$$0000000D) for __rt_final_cpp
    entry.o(.ARM.Collect$$$$00000000) refers (Special) to entry11a.o(.ARM.Collect$$$$0000000F) for __rt_final_exit
    entry.o(.ARM.Collect$$$$00000000) refers (Special) to entry7b.o(.ARM.Collect$$$$00000008) for _main_clock
    entry.o(.ARM.Collect$$$$00000000) refers (Special) to entry8b.o(.ARM.Collect$$$$0000000A) for _main_cpp_init
    entry.o(.ARM.Collect$$$$00000000) refers (Special) to entry9a.o(.ARM.Collect$$$$0000000B) for _main_init
    entry.o(.ARM.Collect$$$$00000000) refers (Special) to entry5.o(.ARM.Collect$$$$00000004) for _main_scatterload
    entry.o(.ARM.Collect$$$$00000000) refers (Special) to entry2.o(.ARM.Collect$$$$00000001) for _main_stk
    entry2.o(.ARM.Collect$$$$00000001) refers to entry2.o(.ARM.Collect$$$$00002712) for __lit__00000000
    entry2.o(.ARM.Collect$$$$00002712) refers to startup.o(STACK) for __initial_sp
    entry2.o(__vectab_stack_and_reset_area) refers to startup.o(STACK) for __initial_sp
    entry2.o(__vectab_stack_and_reset_area) refers to entry.o(.ARM.Collect$$$$00000000) for __main
    entry5.o(.ARM.Collect$$$$00000004) refers to init.o(.text) for __scatterload
    entry9a.o(.ARM.Collect$$$$0000000B) refers to main.o(i.main) for main
    entry9b.o(.ARM.Collect$$$$0000000C) refers to main.o(i.main) for main
    init.o(.text) refers to entry5.o(.ARM.Collect$$$$00000004) for __main_after_scatterload


==============================================================================

Removing Unused input sections from the image.

    Removing main.o(i.PortE_Init), (104 bytes).
    Removing main.o(i.UserTask), (64 bytes).
    Removing adc.o(i.ADC_Collect), (268 bytes).
    Removing adc.o(i.ADC_Open), (108 bytes).
    Removing os.o(i.Jitter), (104 bytes).
    Removing os.o(i.OS_AddPeriodicThread), (96 bytes).
    Removing os.o(i.OS_AddSW1Task), (36 bytes).
    Removing os.o(i.OS_AddSW2Task), (32 bytes).
    Removing os.o(i.OS_AddThreads), (116 bytes).
    Removing os.o(i.OS_ClearMsTime), (12 bytes).
    Removing os.o(i.OS_Fifo_Get), (76 bytes).
    Removing os.o(i.OS_Fifo_Size), (12 bytes).
    Removing os.o(i.OS_Id), (12 bytes).
    Removing os.o(i.OS_MailBox_Recv), (28 bytes).
    Removing os.o(i.OS_MailBox_Send), (28 bytes).
    Removing os.o(i.OS_MsTime), (12 bytes).
    Removing os.o(i.OS_bSignal), (36 bytes).
    Removing os.o(i.OS_bWait), (32 bytes).
    Removing os.o(i.PeriodicThread1_Init), (120 bytes).
    Removing os.o(i.PeriodicThread2_Init), (116 bytes).
    Removing os.o(i.SW1_Init), (236 bytes).
    Removing os.o(i.SW2_Init), (244 bytes).
    Removing st7735.o(i.Output_Clear), (10 bytes).
    Removing st7735.o(i.Output_Color), (12 bytes).
    Removing st7735.o(i.Output_Init), (16 bytes).
    Removing st7735.o(i.Output_Off), (8 bytes).
    Removing st7735.o(i.Output_On), (8 bytes).
    Removing st7735.o(i.ST7735_Color565), (24 bytes).
    Removing st7735.o(i.ST7735_DivideScreen), (18 bytes).
    Removing st7735.o(i.ST7735_DrawBitmap), (288 bytes).
    Removing st7735.o(i.ST7735_DrawChar), (268 bytes).
    Removing st7735.o(i.ST7735_DrawFastVLine), (124 bytes).
    Removing st7735.o(i.ST7735_InitB), (52 bytes).
    Removing st7735.o(i.ST7735_InvertDisplay), (22 bytes).
    Removing st7735.o(i.ST7735_Message), (192 bytes).
    Removing st7735.o(i.ST7735_OutUDec), (140 bytes).
    Removing st7735.o(i.ST7735_PlotBar), (88 bytes).
    Removing st7735.o(i.ST7735_PlotClear), (92 bytes).
    Removing st7735.o(i.ST7735_PlotLine), (264 bytes).
    Removing st7735.o(i.ST7735_PlotNext), (32 bytes).
    Removing st7735.o(i.ST7735_PlotNextErase), (64 bytes).
    Removing st7735.o(i.ST7735_PlotPoint), (152 bytes).
    Removing st7735.o(i.ST7735_PlotPoints), (172 bytes).
    Removing st7735.o(i.ST7735_PlotdBfs), (60 bytes).
    Removing st7735.o(i.ST7735_SetRotation), (212 bytes).
    Removing st7735.o(i.ST7735_SetTextColor), (12 bytes).
    Removing st7735.o(i.ST7735_SwapColor), (18 bytes).
    Removing st7735.o(i.fillmessage), (72 bytes).
    Removing st7735.o(.bss), (12 bytes).
    Removing timer2.o(i.Timer2_Disable), (12 bytes).
    Removing timer2.o(i.Timer2_Init), (96 bytes).
    Removing uart.o(i.UART_InString), (70 bytes).
    Removing uart.o(i.UART_InUDec), (76 bytes).
    Removing uart.o(i.UART_InUHex), (108 bytes).
    Removing uart.o(i.UART_OutUDec), (42 bytes).
    Removing uart.o(i.UART_OutUHex), (52 bytes).
    Removing can.o(i.CANDisable), (24 bytes).
    Removing can.o(i.CANErrCntrGet), (46 bytes).
    Removing can.o(i.CANIntDisable), (26 bytes).
    Removing can.o(i.CANIntRegister), (30 bytes).
    Removing can.o(i.CANIntUnregister), (26 bytes).
    Removing can.o(i.CANMessageClear), (66 bytes).
    Removing can.o(i.CANRetryGet), (24 bytes).
    Removing can.o(i.CANRetrySet), (36 bytes).
    Removing can0.o(i.CAN0_CheckMail), (12 bytes).
    Removing can0.o(i.CAN0_GetMail), (40 bytes).
    Removing can0.o(i.CAN0_GetMailNonBlock), (52 bytes).
    Removing can0.o(i.CAN0_SendData), (26 bytes).
    Removing interrupt.o(i.IntDefaultHandler), (4 bytes).
    Removing interrupt.o(i.IntPendClear), (88 bytes).
    Removing interrupt.o(i.IntPendSet), (108 bytes).
    Removing interrupt.o(i.IntPriorityGet), (28 bytes).
    Removing interrupt.o(i.IntPriorityGroupingGet), (44 bytes).
    Removing interrupt.o(i.IntPriorityGroupingSet), (28 bytes).
    Removing interrupt.o(i.IntPrioritySet), (52 bytes).
    Removing interrupt.o(i.IntRegister), (60 bytes).
    Removing interrupt.o(i.IntUnregister), (20 bytes).
    Removing interrupt.o(.constdata), (104 bytes).
    Removing interrupt.o(vtable), (284 bytes).
    Removing tof.o(i.ToF_Init), (20 bytes).
    Removing tof.o(i.ToF_Measure), (36 bytes).
    Removing tof.o(i.delay), (24 bytes).
    Removing startup.o(HEAP), (0 bytes).
    Removing vl53l0x.o(i.VL53L0X_Init), (280 bytes).
    Removing vl53l0x.o(i.VL53L0X_getSingleRangingMeasurement), (20 bytes).
    Removing vl53l0x.o(i.VL53L0X_setAddress), (56 bytes).
    Removing vl53l0x.o(i.delay), (24 bytes).
    Removing vl53l0x.o(.bss), (459 bytes).
    Removing vl53l0x.o(.data), (1 bytes).
    Removing vl53l0x_i2c.o(i.VL53L0X_I2C_Init), (600 bytes).
    Removing vl53l0x_i2c.o(i.VL53L0X_read_byte), (28 bytes).
    Removing vl53l0x_i2c.o(i.VL53L0X_read_dword), (66 bytes).
    Removing vl53l0x_i2c.o(i.VL53L0X_read_multi), (1940 bytes).
    Removing vl53l0x_i2c.o(i.VL53L0X_read_word), (50 bytes).
    Removing vl53l0x_i2c.o(i.VL53L0X_write_byte), (30 bytes).
    Removing vl53l0x_i2c.o(i.VL53L0X_write_dword), (52 bytes).
    Removing vl53l0x_i2c.o(i.VL53L0X_write_multi), (220 bytes).
    Removing vl53l0x_i2c.o(i.VL53L0X_write_word), (40 bytes).
    Removing vl53l0x_platform.o(i.VL53L0X_LockSequenceAccess), (6 bytes).
    Removing vl53l0x_platform.o(i.VL53L0X_PollingDelay), (28 bytes).
    Removing vl53l0x_platform.o(i.VL53L0X_RdByte), (44 bytes).
    Removing vl53l0x_platform.o(i.VL53L0X_RdDWord), (44 bytes).
    Removing vl53l0x_platform.o(i.VL53L0X_RdWord), (44 bytes).
    Removing vl53l0x_platform.o(i.VL53L0X_ReadMulti), (54 bytes).
    Removing vl53l0x_platform.o(i.VL53L0X_UnlockSequenceAccess), (6 bytes).
    Removing vl53l0x_platform.o(i.VL53L0X_UpdateByte), (82 bytes).
    Removing vl53l0x_platform.o(i.VL53L0X_WrByte), (44 bytes).
    Removing vl53l0x_platform.o(i.VL53L0X_WrDWord), (44 bytes).
    Removing vl53l0x_platform.o(i.VL53L0X_WrWord), (44 bytes).
    Removing vl53l0x_platform.o(i.VL53L0X_WriteMulti), (60 bytes).
    Removing vl53l0x_api_strings.o(i.VL53L0X_check_part_used), (80 bytes).
    Removing vl53l0x_api_strings.o(i.VL53L0X_get_device_error_string), (560 bytes).
    Removing vl53l0x_api_strings.o(i.VL53L0X_get_device_info), (220 bytes).
    Removing vl53l0x_api_strings.o(i.VL53L0X_get_limit_check_info), (252 bytes).
    Removing vl53l0x_api_strings.o(i.VL53L0X_get_pal_error_string), (716 bytes).
    Removing vl53l0x_api_strings.o(i.VL53L0X_get_pal_state_string), (244 bytes).
    Removing vl53l0x_api_strings.o(i.VL53L0X_get_range_status_string), (192 bytes).
    Removing vl53l0x_api_strings.o(i.VL53L0X_get_sequence_steps_info), (124 bytes).
    Removing vl53l0x_api_core.o(i.VL53L0X_calc_dmax), (396 bytes).
    Removing vl53l0x_api_core.o(i.VL53L0X_calc_macro_period_ps), (22 bytes).
    Removing vl53l0x_api_core.o(i.VL53L0X_calc_sigma_estimate), (688 bytes).
    Removing vl53l0x_api_core.o(i.VL53L0X_calc_timeout_mclks), (52 bytes).
    Removing vl53l0x_api_core.o(i.VL53L0X_calc_timeout_us), (54 bytes).
    Removing vl53l0x_api_core.o(i.VL53L0X_decode_timeout), (14 bytes).
    Removing vl53l0x_api_core.o(i.VL53L0X_decode_vcsel_period), (12 bytes).
    Removing vl53l0x_api_core.o(i.VL53L0X_device_read_strobe), (78 bytes).
    Removing vl53l0x_api_core.o(i.VL53L0X_encode_timeout), (38 bytes).
    Removing vl53l0x_api_core.o(i.VL53L0X_encode_vcsel_period), (14 bytes).
    Removing vl53l0x_api_core.o(i.VL53L0X_get_info_from_device), (1346 bytes).
    Removing vl53l0x_api_core.o(i.VL53L0X_get_measurement_timing_budget_micro_seconds), (238 bytes).
    Removing vl53l0x_api_core.o(i.VL53L0X_get_pal_range_status), (564 bytes).
    Removing vl53l0x_api_core.o(i.VL53L0X_get_total_signal_rate), (40 bytes).
    Removing vl53l0x_api_core.o(i.VL53L0X_get_total_xtalk_rate), (58 bytes).
    Removing vl53l0x_api_core.o(i.VL53L0X_get_vcsel_pulse_period), (70 bytes).
    Removing vl53l0x_api_core.o(i.VL53L0X_isqrt), (44 bytes).
    Removing vl53l0x_api_core.o(i.VL53L0X_load_tuning_settings), (234 bytes).
    Removing vl53l0x_api_core.o(i.VL53L0X_measurement_poll_for_completion), (64 bytes).
    Removing vl53l0x_api_core.o(i.VL53L0X_quadrature_sum), (44 bytes).
    Removing vl53l0x_api_core.o(i.VL53L0X_reverse_bytes), (34 bytes).
    Removing vl53l0x_api_core.o(i.VL53L0X_set_measurement_timing_budget_micro_seconds), (296 bytes).
    Removing vl53l0x_api_core.o(i.VL53L0X_set_vcsel_pulse_period), (766 bytes).
    Removing vl53l0x_api_core.o(i.get_sequence_step_timeout), (290 bytes).
    Removing vl53l0x_api_core.o(i.set_sequence_step_timeout), (314 bytes).
    Removing vl53l0x_api_calibration.o(i.VL53L0X_apply_offset_adjustment), (58 bytes).
    Removing vl53l0x_api_calibration.o(i.VL53L0X_get_offset_calibration_data_micro_meter), (86 bytes).
    Removing vl53l0x_api_calibration.o(i.VL53L0X_get_ref_calibration), (48 bytes).
    Removing vl53l0x_api_calibration.o(i.VL53L0X_get_reference_spads), (120 bytes).
    Removing vl53l0x_api_calibration.o(i.VL53L0X_perform_offset_calibration), (228 bytes).
    Removing vl53l0x_api_calibration.o(i.VL53L0X_perform_phase_calibration), (124 bytes).
    Removing vl53l0x_api_calibration.o(i.VL53L0X_perform_ref_calibration), (76 bytes).
    Removing vl53l0x_api_calibration.o(i.VL53L0X_perform_ref_spad_management), (652 bytes).
    Removing vl53l0x_api_calibration.o(i.VL53L0X_perform_single_ref_calibration), (64 bytes).
    Removing vl53l0x_api_calibration.o(i.VL53L0X_perform_vhv_calibration), (126 bytes).
    Removing vl53l0x_api_calibration.o(i.VL53L0X_perform_xtalk_calibration), (296 bytes).
    Removing vl53l0x_api_calibration.o(i.VL53L0X_ref_calibration_io), (176 bytes).
    Removing vl53l0x_api_calibration.o(i.VL53L0X_set_offset_calibration_data_micro_meter), (84 bytes).
    Removing vl53l0x_api_calibration.o(i.VL53L0X_set_ref_calibration), (46 bytes).
    Removing vl53l0x_api_calibration.o(i.VL53L0X_set_reference_spads), (194 bytes).
    Removing vl53l0x_api_calibration.o(i.count_enabled_spads), (172 bytes).
    Removing vl53l0x_api_calibration.o(i.enable_ref_spads), (172 bytes).
    Removing vl53l0x_api_calibration.o(i.enable_spad_bit), (50 bytes).
    Removing vl53l0x_api_calibration.o(i.get_next_good_spad), (100 bytes).
    Removing vl53l0x_api_calibration.o(i.get_ref_spad_map), (24 bytes).
    Removing vl53l0x_api_calibration.o(i.is_aperture), (24 bytes).
    Removing vl53l0x_api_calibration.o(i.perform_ref_signal_measurement), (110 bytes).
    Removing vl53l0x_api_calibration.o(i.set_ref_spad_map), (24 bytes).
    Removing vl53l0x_api_calibration.o(.data), (16 bytes).
    Removing vl53l0x_api.o(i.VL53L0X_CheckAndLoadInterruptSettings), (132 bytes).
    Removing vl53l0x_api.o(i.VL53L0X_ClearInterruptMask), (82 bytes).
    Removing vl53l0x_api.o(i.VL53L0X_DataInit), (444 bytes).
    Removing vl53l0x_api.o(i.VL53L0X_EnableInterruptMask), (8 bytes).
    Removing vl53l0x_api.o(i.VL53L0X_GetDeviceErrorStatus), (34 bytes).
    Removing vl53l0x_api.o(i.VL53L0X_GetDeviceErrorString), (22 bytes).
    Removing vl53l0x_api.o(i.VL53L0X_GetDeviceInfo), (22 bytes).
    Removing vl53l0x_api.o(i.VL53L0X_GetDeviceMode), (10 bytes).
    Removing vl53l0x_api.o(i.VL53L0X_GetDeviceParameters), (160 bytes).
    Removing vl53l0x_api.o(i.VL53L0X_GetDmaxCalParameters), (20 bytes).
    Removing vl53l0x_api.o(i.VL53L0X_GetFractionEnable), (34 bytes).
    Removing vl53l0x_api.o(i.VL53L0X_GetGpioConfig), (158 bytes).
    Removing vl53l0x_api.o(i.VL53L0X_GetHistogramMeasurementData), (8 bytes).
    Removing vl53l0x_api.o(i.VL53L0X_GetHistogramMode), (8 bytes).
    Removing vl53l0x_api.o(i.VL53L0X_GetInterMeasurementPeriodMilliSeconds), (62 bytes).
    Removing vl53l0x_api.o(i.VL53L0X_GetInterruptMaskStatus), (48 bytes).
    Removing vl53l0x_api.o(i.VL53L0X_GetInterruptThresholds), (66 bytes).
    Removing vl53l0x_api.o(i.VL53L0X_GetLimitCheckCurrent), (136 bytes).
    Removing vl53l0x_api.o(i.VL53L0X_GetLimitCheckEnable), (28 bytes).
    Removing vl53l0x_api.o(i.VL53L0X_GetLimitCheckInfo), (30 bytes).
    Removing vl53l0x_api.o(i.VL53L0X_GetLimitCheckStatus), (24 bytes).
    Removing vl53l0x_api.o(i.VL53L0X_GetLimitCheckValue), (182 bytes).
    Removing vl53l0x_api.o(i.VL53L0X_GetLinearityCorrectiveGain), (12 bytes).
    Removing vl53l0x_api.o(i.VL53L0X_GetMaxNumberOfROIZones), (10 bytes).
    Removing vl53l0x_api.o(i.VL53L0X_GetMeasurementDataReady), (86 bytes).
    Removing vl53l0x_api.o(i.VL53L0X_GetMeasurementRefSignal), (12 bytes).
    Removing vl53l0x_api.o(i.VL53L0X_GetMeasurementTimingBudgetMicroSeconds), (22 bytes).
    Removing vl53l0x_api.o(i.VL53L0X_GetNumberOfLimitCheck), (10 bytes).
    Removing vl53l0x_api.o(i.VL53L0X_GetNumberOfROIZones), (10 bytes).
    Removing vl53l0x_api.o(i.VL53L0X_GetNumberOfSequenceSteps), (10 bytes).
    Removing vl53l0x_api.o(i.VL53L0X_GetOffsetCalibrationDataMicroMeter), (22 bytes).
    Removing vl53l0x_api.o(i.VL53L0X_GetPalErrorString), (22 bytes).
    Removing vl53l0x_api.o(i.VL53L0X_GetPalSpecVersion), (24 bytes).
    Removing vl53l0x_api.o(i.VL53L0X_GetPalState), (12 bytes).
    Removing vl53l0x_api.o(i.VL53L0X_GetPalStateString), (22 bytes).
    Removing vl53l0x_api.o(i.VL53L0X_GetPowerMode), (48 bytes).
    Removing vl53l0x_api.o(i.VL53L0X_GetProductRevision), (38 bytes).
    Removing vl53l0x_api.o(i.VL53L0X_GetRangeStatusString), (22 bytes).
    Removing vl53l0x_api.o(i.VL53L0X_GetRangingMeasurementData), (366 bytes).
    Removing vl53l0x_api.o(i.VL53L0X_GetRefCalibration), (30 bytes).
    Removing vl53l0x_api.o(i.VL53L0X_GetReferenceSpads), (30 bytes).
    Removing vl53l0x_api.o(i.VL53L0X_GetSequenceStepEnable), (48 bytes).
    Removing vl53l0x_api.o(i.VL53L0X_GetSequenceStepEnables), (118 bytes).
    Removing vl53l0x_api.o(i.VL53L0X_GetSequenceStepTimeout), (82 bytes).
    Removing vl53l0x_api.o(i.VL53L0X_GetSequenceStepsInfo), (22 bytes).
    Removing vl53l0x_api.o(i.VL53L0X_GetSpadAmbientDamperFactor), (54 bytes).
    Removing vl53l0x_api.o(i.VL53L0X_GetSpadAmbientDamperThreshold), (48 bytes).
    Removing vl53l0x_api.o(i.VL53L0X_GetStopCompletedStatus), (154 bytes).
    Removing vl53l0x_api.o(i.VL53L0X_GetTotalSignalRate), (40 bytes).
    Removing vl53l0x_api.o(i.VL53L0X_GetTuningSettingBuffer), (20 bytes).
    Removing vl53l0x_api.o(i.VL53L0X_GetUpperLimitMilliMeter), (8 bytes).
    Removing vl53l0x_api.o(i.VL53L0X_GetVcselPulsePeriod), (30 bytes).
    Removing vl53l0x_api.o(i.VL53L0X_GetVersion), (24 bytes).
    Removing vl53l0x_api.o(i.VL53L0X_GetWrapAroundCheckEnable), (62 bytes).
    Removing vl53l0x_api.o(i.VL53L0X_GetXTalkCompensationEnable), (12 bytes).
    Removing vl53l0x_api.o(i.VL53L0X_GetXTalkCompensationRateMegaCps), (56 bytes).
    Removing vl53l0x_api.o(i.VL53L0X_PerformOffsetCalibration), (30 bytes).
    Removing vl53l0x_api.o(i.VL53L0X_PerformRefCalibration), (32 bytes).
    Removing vl53l0x_api.o(i.VL53L0X_PerformRefSpadManagement), (30 bytes).
    Removing vl53l0x_api.o(i.VL53L0X_PerformSingleHistogramMeasurement), (8 bytes).
    Removing vl53l0x_api.o(i.VL53L0X_PerformSingleMeasurement), (60 bytes).
    Removing vl53l0x_api.o(i.VL53L0X_PerformSingleRangingMeasurement), (56 bytes).
    Removing vl53l0x_api.o(i.VL53L0X_PerformXTalkCalibration), (30 bytes).
    Removing vl53l0x_api.o(i.VL53L0X_PerformXTalkMeasurement), (10 bytes).
    Removing vl53l0x_api.o(i.VL53L0X_ResetDevice), (90 bytes).
    Removing vl53l0x_api.o(i.VL53L0X_SetDeviceAddress), (36 bytes).
    Removing vl53l0x_api.o(i.VL53L0X_SetDeviceMode), (50 bytes).
    Removing vl53l0x_api.o(i.VL53L0X_SetDeviceParameters), (146 bytes).
    Removing vl53l0x_api.o(i.VL53L0X_SetDmaxCalParameters), (62 bytes).
    Removing vl53l0x_api.o(i.VL53L0X_SetGpioConfig), (358 bytes).
    Removing vl53l0x_api.o(i.VL53L0X_SetGroupParamHold), (8 bytes).
    Removing vl53l0x_api.o(i.VL53L0X_SetHistogramMode), (8 bytes).
    Removing vl53l0x_api.o(i.VL53L0X_SetInterMeasurementPeriodMilliSeconds), (60 bytes).
    Removing vl53l0x_api.o(i.VL53L0X_SetInterruptThresholds), (54 bytes).
    Removing vl53l0x_api.o(i.VL53L0X_SetLimitCheckEnable), (194 bytes).
    Removing vl53l0x_api.o(i.VL53L0X_SetLimitCheckValue), (118 bytes).
    Removing vl53l0x_api.o(i.VL53L0X_SetLinearityCorrectiveGain), (50 bytes).
    Removing vl53l0x_api.o(i.VL53L0X_SetMeasurementTimingBudgetMicroSeconds), (22 bytes).
    Removing vl53l0x_api.o(i.VL53L0X_SetNumberOfROIZones), (12 bytes).
    Removing vl53l0x_api.o(i.VL53L0X_SetOffsetCalibrationDataMicroMeter), (22 bytes).
    Removing vl53l0x_api.o(i.VL53L0X_SetPowerMode), (84 bytes).
    Removing vl53l0x_api.o(i.VL53L0X_SetRangeFractionEnable), (30 bytes).
    Removing vl53l0x_api.o(i.VL53L0X_SetRefCalibration), (30 bytes).
    Removing vl53l0x_api.o(i.VL53L0X_SetReferenceSpads), (30 bytes).
    Removing vl53l0x_api.o(i.VL53L0X_SetSequenceStepEnable), (196 bytes).
    Removing vl53l0x_api.o(i.VL53L0X_SetSequenceStepTimeout), (110 bytes).
    Removing vl53l0x_api.o(i.VL53L0X_SetSpadAmbientDamperFactor), (54 bytes).
    Removing vl53l0x_api.o(i.VL53L0X_SetSpadAmbientDamperThreshold), (48 bytes).
    Removing vl53l0x_api.o(i.VL53L0X_SetTuningSettingBuffer), (40 bytes).
    Removing vl53l0x_api.o(i.VL53L0X_SetVcselPulsePeriod), (30 bytes).
    Removing vl53l0x_api.o(i.VL53L0X_SetWrapAroundCheckEnable), (80 bytes).
    Removing vl53l0x_api.o(i.VL53L0X_SetXTalkCompensationEnable), (62 bytes).
    Removing vl53l0x_api.o(i.VL53L0X_SetXTalkCompensationRateMegaCps), (64 bytes).
    Removing vl53l0x_api.o(i.VL53L0X_StartMeasurement), (264 bytes).
    Removing vl53l0x_api.o(i.VL53L0X_StaticInit), (416 bytes).
    Removing vl53l0x_api.o(i.VL53L0X_StopMeasurement), (102 bytes).
    Removing vl53l0x_api.o(i.VL53L0X_WaitDeviceBooted), (8 bytes).
    Removing vl53l0x_api.o(i.VL53L0X_WaitDeviceReadyForNewMeasurement), (8 bytes).
    Removing vl53l0x_api.o(i.sequence_step_enabled), (74 bytes).
    Removing vl53l0x_api.o(.data), (681 bytes).

267 unused section(s) (total 28943 bytes) removed from the image.

==============================================================================

Image Symbol Table

    Local Symbols

    Symbol Name                              Value     Ov Type        Size  Object(Section)

    RESET                                    0x00000000   Section      644  startup.o(RESET)
    ../clib/microlib/init/entry.s            0x00000000   Number         0  entry8b.o ABSOLUTE
    ../clib/microlib/init/entry.s            0x00000000   Number         0  entry8a.o ABSOLUTE
    ../clib/microlib/init/entry.s            0x00000000   Number         0  entry9b.o ABSOLUTE
    ../clib/microlib/init/entry.s            0x00000000   Number         0  entry10a.o ABSOLUTE
    ../clib/microlib/init/entry.s            0x00000000   Number         0  entry10b.o ABSOLUTE
    ../clib/microlib/init/entry.s            0x00000000   Number         0  entry7b.o ABSOLUTE
    ../clib/microlib/init/entry.s            0x00000000   Number         0  entry7a.o ABSOLUTE
    ../clib/microlib/init/entry.s            0x00000000   Number         0  entry11a.o ABSOLUTE
    ../clib/microlib/init/entry.s            0x00000000   Number         0  entry.o ABSOLUTE
    ../clib/microlib/init/entry.s            0x00000000   Number         0  entry5.o ABSOLUTE
    ../clib/microlib/init/entry.s            0x00000000   Number         0  entry11b.o ABSOLUTE
    ../clib/microlib/init/entry.s            0x00000000   Number         0  entry2.o ABSOLUTE
    ../clib/microlib/init/entry.s            0x00000000   Number         0  entry9a.o ABSOLUTE
    ../clib/microlib/string/memcpy.c         0x00000000   Number         0  memcpya.o ABSOLUTE
    ../clib/microlib/string/memcpy.c         0x00000000   Number         0  memcpyb.o ABSOLUTE
    ../clib/microlib/string/memset.c         0x00000000   Number         0  memseta.o ABSOLUTE
    ../clib/microlib/string/strcpy.c         0x00000000   Number         0  strcpy.o ABSOLUTE
    CMSIS\startup.s                          0x00000000   Number         0  startup.o ABSOLUTE
    Src\ADC.c                                0x00000000   Number         0  adc.o ABSOLUTE
    Src\Interpreter.c                        0x00000000   Number         0  interpreter.o ABSOLUTE
    Src\OS.c                                 0x00000000   Number         0  os.o ABSOLUTE
    Src\OSasm.s                              0x00000000   Number         0  osasm.o ABSOLUTE
    Src\PLL.c                                0x00000000   Number         0  pll.o ABSOLUTE
    Src\ST7735.c                             0x00000000   Number         0  st7735.o ABSOLUTE
    Src\Timer2.c                             0x00000000   Number         0  timer2.o ABSOLUTE
    Src\ToF.c                                0x00000000   Number         0  tof.o ABSOLUTE
    Src\UART.c                               0x00000000   Number         0  uart.o ABSOLUTE
    Src\VL53L0X\VL53L0X.c                    0x00000000   Number         0  vl53l0x.o ABSOLUTE
    Src\VL53L0X\VL53L0X_I2C\VL53L0X_I2C.c    0x00000000   Number         0  vl53l0x_i2c.o ABSOLUTE
    Src\VL53L0X\core\src\vl53l0x_api.c       0x00000000   Number         0  vl53l0x_api.o ABSOLUTE
    Src\VL53L0X\core\src\vl53l0x_api_calibration.c 0x00000000   Number         0  vl53l0x_api_calibration.o ABSOLUTE
    Src\VL53L0X\core\src\vl53l0x_api_core.c  0x00000000   Number         0  vl53l0x_api_core.o ABSOLUTE
    Src\VL53L0X\core\src\vl53l0x_api_ranging.c 0x00000000   Number         0  vl53l0x_api_ranging.o ABSOLUTE
    Src\VL53L0X\core\src\vl53l0x_api_strings.c 0x00000000   Number         0  vl53l0x_api_strings.o ABSOLUTE
    Src\VL53L0X\platform\src\vl53l0x_platform.c 0x00000000   Number         0  vl53l0x_platform.o ABSOLUTE
    Src\can.c                                0x00000000   Number         0  can.o ABSOLUTE
    Src\can0.c                               0x00000000   Number         0  can0.o ABSOLUTE
    Src\interrupt.c                          0x00000000   Number         0  interrupt.o ABSOLUTE
    Src\main.c                               0x00000000   Number         0  main.o ABSOLUTE
    dc.s                                     0x00000000   Number         0  dc.o ABSOLUTE
    handlers.s                               0x00000000   Number         0  handlers.o ABSOLUTE
    init.s                                   0x00000000   Number         0  init.o ABSOLUTE
    .ARM.Collect$$$$00000000                 0x00000284   Section        0  entry.o(.ARM.Collect$$$$00000000)
    .ARM.Collect$$$$00000001                 0x00000284   Section        4  entry2.o(.ARM.Collect$$$$00000001)
    .ARM.Collect$$$$00000004                 0x00000288   Section        4  entry5.o(.ARM.Collect$$$$00000004)
    .ARM.Collect$$$$00000008                 0x0000028c   Section        0  entry7b.o(.ARM.Collect$$$$00000008)
    .ARM.Collect$$$$0000000A                 0x0000028c   Section        0  entry8b.o(.ARM.Collect$$$$0000000A)
    .ARM.Collect$$$$0000000B                 0x0000028c   Section        8  entry9a.o(.ARM.Collect$$$$0000000B)
    .ARM.Collect$$$$0000000D                 0x00000294   Section        0  entry10a.o(.ARM.Collect$$$$0000000D)
    .ARM.Collect$$$$0000000F                 0x00000294   Section        0  entry11a.o(.ARM.Collect$$$$0000000F)
    .ARM.Collect$$$$00002712                 0x00000294   Section        4  entry2.o(.ARM.Collect$$$$00002712)
    __lit__00000000                          0x00000294   Data           4  entry2.o(.ARM.Collect$$$$00002712)
    .text                                    0x00000298   Section       80  osasm.o(.text)
    .text                                    0x000002e8   Section       28  startup.o(.text)
    .text                                    0x00000304   Section       36  init.o(.text)
    i.ADC0Seq3_Handler                       0x00000328   Section        0  adc.o(i.ADC0Seq3_Handler)
    i.ADC_In                                 0x00000368   Section        0  adc.o(i.ADC_In)
    i.AddBlockedToSemaphore                  0x00000394   Section        0  os.o(i.AddBlockedToSemaphore)
    i.BlockTCB                               0x000003c8   Section        0  os.o(i.BlockTCB)
    i.CAN0_Handler                           0x00000404   Section        0  can0.o(i.CAN0_Handler)
    i.CAN0_Open                              0x000004a4   Section        0  can0.o(i.CAN0_Open)
    i.CAN0_Setup_Message_Object              0x0000057c   Section        0  can0.o(i.CAN0_Setup_Message_Object)
    CAN0_Setup_Message_Object                0x0000057d   Thumb Code    44  can0.o(i.CAN0_Setup_Message_Object)
    i.CANBitRateSet                          0x000005ac   Section        0  can.o(i.CANBitRateSet)
    i.CANDataRegRead                         0x00000640   Section        0  can.o(i.CANDataRegRead)
    CANDataRegRead                           0x00000641   Thumb Code    54  can.o(i.CANDataRegRead)
    i.CANDataRegWrite                        0x00000676   Section        0  can.o(i.CANDataRegWrite)
    CANDataRegWrite                          0x00000677   Thumb Code    54  can.o(i.CANDataRegWrite)
    i.CANEnable                              0x000006ac   Section        0  can.o(i.CANEnable)
    i.CANInit                                0x000006c4   Section        0  can.o(i.CANInit)
    i.CANIntClear                            0x00000758   Section        0  can.o(i.CANIntClear)
    i.CANIntEnable                           0x000007a4   Section        0  can.o(i.CANIntEnable)
    i.CANIntNumberGet                        0x000007c0   Section        0  can.o(i.CANIntNumberGet)
    CANIntNumberGet                          0x000007c1   Thumb Code    44  can.o(i.CANIntNumberGet)
    i.CANIntStatus                           0x000007f0   Section        0  can.o(i.CANIntStatus)
    i.CANMessageGet                          0x0000082c   Section        0  can.o(i.CANMessageGet)
    i.CANMessageSet                          0x000009de   Section        0  can.o(i.CANMessageSet)
    i.CANRegRead                             0x00000b90   Section        0  can.o(i.CANRegRead)
    CANRegRead                               0x00000b91   Thumb Code    76  can.o(i.CANRegRead)
    i.CANRegWrite                            0x00000be0   Section        0  can.o(i.CANRegWrite)
    CANRegWrite                              0x00000be1   Thumb Code    24  can.o(i.CANRegWrite)
    i.CANStatusGet                           0x00000bf8   Section        0  can.o(i.CANStatusGet)
    i.Delay1ms                               0x00000c74   Section        0  st7735.o(i.Delay1ms)
    i.GPIOPortF_Handler                      0x00000c94   Section        0  os.o(i.GPIOPortF_Handler)
    i.GPIO_PortF_Init                        0x00000d5c   Section        0  main.o(i.GPIO_PortF_Init)
    i.IO_Init                                0x00000dd0   Section        0  os.o(i.IO_Init)
    i.IntDisable                             0x00000e3c   Section        0  interrupt.o(i.IntDisable)
    i.IntEnable                              0x00000ebc   Section        0  interrupt.o(i.IntEnable)
    i.Interpreter                            0x00000f3c   Section        0  interpreter.o(i.Interpreter)
    i.LinkTCB                                0x00001018   Section        0  os.o(i.LinkTCB)
    i.OS_AddPriorityThread                   0x0000105c   Section        0  os.o(i.OS_AddPriorityThread)
    i.OS_AddThread                           0x000010c0   Section        0  os.o(i.OS_AddThread)
    i.OS_Fifo_Init                           0x000011f4   Section        0  os.o(i.OS_Fifo_Init)
    i.OS_Fifo_Put                            0x00001224   Section        0  os.o(i.OS_Fifo_Put)
    i.OS_Init                                0x0000126c   Section        0  os.o(i.OS_Init)
    i.OS_InitSemaphore                       0x000012a8   Section        0  os.o(i.OS_InitSemaphore)
    i.OS_Kill                                0x000012c4   Section        0  os.o(i.OS_Kill)
    i.OS_Launch                              0x0000142c   Section        0  os.o(i.OS_Launch)
    i.OS_MailBox_Init                        0x00001474   Section        0  os.o(i.OS_MailBox_Init)
    i.OS_Scheduler                           0x00001490   Section        0  os.o(i.OS_Scheduler)
    i.OS_Signal                              0x0000152c   Section        0  os.o(i.OS_Signal)
    i.OS_Sleep                               0x00001550   Section        0  os.o(i.OS_Sleep)
    i.OS_Suspend                             0x0000158c   Section        0  os.o(i.OS_Suspend)
    i.OS_Time                                0x000015a4   Section        0  os.o(i.OS_Time)
    i.OS_TimeDifference                      0x000015b0   Section        0  os.o(i.OS_TimeDifference)
    i.OS_Wait                                0x000015c2   Section        0  os.o(i.OS_Wait)
    i.OutCRLF                                0x000015e6   Section        0  uart.o(i.OutCRLF)
    i.PLL_Init                               0x000015f8   Section        0  pll.o(i.PLL_Init)
    i.RemoveBlockedFromSemaphore             0x00001674   Section        0  os.o(i.RemoveBlockedFromSemaphore)
    i.RxFifo_Get                             0x00001680   Section        0  uart.o(i.RxFifo_Get)
    i.RxFifo_Init                            0x000016bc   Section        0  uart.o(i.RxFifo_Init)
    i.RxFifo_Put                             0x000016e0   Section        0  uart.o(i.RxFifo_Put)
    i.RxFifo_Size                            0x0000171c   Section        0  uart.o(i.RxFifo_Size)
    i.ST7735_DrawCharS                       0x00001734   Section        0  st7735.o(i.ST7735_DrawCharS)
    i.ST7735_DrawFastHLine                   0x00001828   Section        0  st7735.o(i.ST7735_DrawFastHLine)
    i.ST7735_DrawPixel                       0x000018a4   Section        0  st7735.o(i.ST7735_DrawPixel)
    i.ST7735_DrawString                      0x000018ec   Section        0  st7735.o(i.ST7735_DrawString)
    i.ST7735_FillRect                        0x00001944   Section        0  st7735.o(i.ST7735_FillRect)
    i.ST7735_FillScreen                      0x000019f0   Section        0  st7735.o(i.ST7735_FillScreen)
    i.ST7735_InitR                           0x00001a14   Section        0  st7735.o(i.ST7735_InitR)
    i.ST7735_OutChar                         0x00001a9c   Section        0  st7735.o(i.ST7735_OutChar)
    i.ST7735_OutString                       0x00001b70   Section        0  st7735.o(i.ST7735_OutString)
    i.ST7735_SetCursor                       0x00001b88   Section        0  st7735.o(i.ST7735_SetCursor)
    i.SW1_Debounce                           0x00001ba8   Section        0  os.o(i.SW1_Debounce)
    i.SW2_Debounce                           0x00001bd4   Section        0  os.o(i.SW2_Debounce)
    i.SetInitialStack                        0x00001c00   Section        0  os.o(i.SetInitialStack)
    i.SetThreads                             0x00001cec   Section        0  os.o(i.SetThreads)
    i.SysTick_Handler                        0x00001d38   Section        0  os.o(i.SysTick_Handler)
    i.SysTick_Init                           0x00001d4c   Section        0  os.o(i.SysTick_Init)
    i.Timer0A_Handler                        0x00001d7c   Section        0  os.o(i.Timer0A_Handler)
    i.Timer0A_Init                           0x00001d98   Section        0  os.o(i.Timer0A_Init)
    i.Timer1A_Handler                        0x00001dfc   Section        0  os.o(i.Timer1A_Handler)
    i.Timer2A_Handler                        0x00001e94   Section        0  timer2.o(i.Timer2A_Handler)
    i.Timer3A_Handler                        0x00001eac   Section        0  os.o(i.Timer3A_Handler)
    i.Timer3A_Init                           0x00001f3c   Section        0  os.o(i.Timer3A_Init)
    i.Timer4A_Handler                        0x00001fa4   Section        0  os.o(i.Timer4A_Handler)
    i.TxFifo_Get                             0x00002038   Section        0  uart.o(i.TxFifo_Get)
    i.TxFifo_Init                            0x00002074   Section        0  uart.o(i.TxFifo_Init)
    i.TxFifo_Put                             0x00002098   Section        0  uart.o(i.TxFifo_Put)
    i.TxFifo_Size                            0x000020d4   Section        0  uart.o(i.TxFifo_Size)
    i.UART0_Handler                          0x000020ec   Section        0  uart.o(i.UART0_Handler)
    i.UART_InChar                            0x00002144   Section        0  uart.o(i.UART_InChar)
    i.UART_Init                              0x00002158   Section        0  uart.o(i.UART_Init)
    i.UART_OutChar                           0x0000222c   Section        0  uart.o(i.UART_OutChar)
    i.UART_OutString                         0x00002270   Section        0  uart.o(i.UART_OutString)
    i.UnBlockTCB                             0x00002288   Section        0  os.o(i.UnBlockTCB)
    i.UnLinkTCB                              0x000022a0   Section        0  os.o(i.UnLinkTCB)
    i.WrapInterpreter                        0x000022d0   Section        0  main.o(i.WrapInterpreter)
    i.__scatterload_copy                     0x000022d8   Section       14  handlers.o(i.__scatterload_copy)
    i.__scatterload_null                     0x000022e6   Section        2  handlers.o(i.__scatterload_null)
    i.__scatterload_zeroinit                 0x000022e8   Section       14  handlers.o(i.__scatterload_zeroinit)
    i.commandList                            0x000022f6   Section        0  st7735.o(i.commandList)
    commandList                              0x000022f7   Thumb Code    86  st7735.o(i.commandList)
    i.commonInit                             0x0000234c   Section        0  st7735.o(i.commonInit)
    commonInit                               0x0000234d   Thumb Code   340  st7735.o(i.commonInit)
    i.copyHardwareToSoftware                 0x000024d0   Section        0  uart.o(i.copyHardwareToSoftware)
    copyHardwareToSoftware                   0x000024d1   Thumb Code    36  uart.o(i.copyHardwareToSoftware)
    i.copySoftwareToHardware                 0x000024f8   Section        0  uart.o(i.copySoftwareToHardware)
    copySoftwareToHardware                   0x000024f9   Thumb Code    38  uart.o(i.copySoftwareToHardware)
    i.main                                   0x00002524   Section        0  main.o(i.main)
    i.newLine                                0x0000256c   Section        0  interpreter.o(i.newLine)
    i.pushColor                              0x00002574   Section        0  st7735.o(i.pushColor)
    pushColor                                0x00002575   Thumb Code    18  st7735.o(i.pushColor)
    i.setAddrWindow                          0x00002588   Section        0  st7735.o(i.setAddrWindow)
    setAddrWindow                            0x00002589   Thumb Code   106  st7735.o(i.setAddrWindow)
    i.writecommand                           0x000025fc   Section        0  st7735.o(i.writecommand)
    writecommand                             0x000025fd   Thumb Code    40  st7735.o(i.writecommand)
    i.writedata                              0x0000262c   Section        0  st7735.o(i.writedata)
    writedata                                0x0000262d   Thumb Code    24  st7735.o(i.writedata)
    .constdata                               0x0000264c   Section     2018  st7735.o(.constdata)
    Font                                     0x0000264c   Data        1275  st7735.o(.constdata)
    Bcmd                                     0x00002b47   Data         103  st7735.o(.constdata)
    Rcmd1                                    0x00002bae   Data          59  st7735.o(.constdata)
    Rcmd2green                               0x00002be9   Data          13  st7735.o(.constdata)
    Rcmd2red                                 0x00002bf6   Data          13  st7735.o(.constdata)
    Rcmd3                                    0x00002c03   Data          43  st7735.o(.constdata)
    .constdata                               0x00002e2e   Section       18  can.o(.constdata)
    g_usCANBitValues                         0x00002e2e   Data          18  can.o(.constdata)
    .data                                    0x20000000   Section       20  main.o(.data)
    .data                                    0x20000014   Section       12  adc.o(.data)
    .data                                    0x20000020   Section      124  os.o(.data)
    NumOfThreads                             0x20000020   Data           1  os.o(.data)
    endTime                                  0x20000044   Data           4  os.o(.data)
    endTime                                  0x20000048   Data           4  os.o(.data)
    NumberOfPeriodicTasks                    0x2000004c   Data           1  os.o(.data)
    .data                                    0x2000009c   Section       52  st7735.o(.data)
    _width                                   0x200000a6   Data           2  st7735.o(.data)
    _height                                  0x200000a8   Data           2  st7735.o(.data)
    ColStart                                 0x200000b8   Data           1  st7735.o(.data)
    RowStart                                 0x200000b9   Data           1  st7735.o(.data)
    Rotation                                 0x200000ba   Data           1  st7735.o(.data)
    TabColor                                 0x200000bb   Data           1  st7735.o(.data)
    .data                                    0x200000d0   Section        4  timer2.o(.data)
    PeriodicTask                             0x200000d0   Data           4  timer2.o(.data)
    .data                                    0x200000d4   Section       24  uart.o(.data)
    .data                                    0x200000ec   Section       20  can0.o(.data)
    RCVData                                  0x200000ec   Data           4  can0.o(.data)
    .bss                                     0x20000100   Section    23652  os.o(.bss)
    tcbs                                     0x20001bc0   Data         400  os.o(.bss)
    .bss                                     0x20005d64   Section       32  uart.o(.bss)
    RxFifo                                   0x20005d64   Data          16  uart.o(.bss)
    TxFifo                                   0x20005d74   Data          16  uart.o(.bss)
    STACK                                    0x20005d88   Section     1024  startup.o(STACK)
    StackMem                                 0x20005d88   Data           0  startup.o(STACK)

    Global Symbols

    Symbol Name                              Value     Ov Type        Size  Object(Section)

    BuildAttributes$$THM_ISAv4$E$P$D$K$B$S$7EM$PE$A:L22UL41UL21$X:L11$S22US41US21$IEEE1$IW$USESV6$~STKCKD$USESV7$~SHL$OSPACE$EBA8$MICROLIB$REQ8$PRES8$EABIv2 0x00000000   Number         0  anon$$obj.o ABSOLUTE
    __ARM_use_no_argv                        0x00000000   Number         0  main.o ABSOLUTE
    __Vectors                                0x00000000   Data           0  startup.o(RESET)
    __cpp_initialize__aeabi_                  - Undefined Weak Reference
    __cxa_finalize                            - Undefined Weak Reference
    __decompress                              - Undefined Weak Reference
    _clock_init                               - Undefined Weak Reference
    _microlib_exit                            - Undefined Weak Reference
    Reset_Handler                            0x0000026d   Thumb Code     0  startup.o(RESET)
    NMI_Handler                              0x00000271   Thumb Code     2  startup.o(RESET)
    HardFault_Handler                        0x00000273   Thumb Code     2  startup.o(RESET)
    MemManage_Handler                        0x00000275   Thumb Code     2  startup.o(RESET)
    BusFault_Handler                         0x00000277   Thumb Code     2  startup.o(RESET)
    UsageFault_Handler                       0x00000279   Thumb Code     2  startup.o(RESET)
    SVC_Handler                              0x0000027b   Thumb Code     2  startup.o(RESET)
    DebugMon_Handler                         0x0000027d   Thumb Code     2  startup.o(RESET)
    ADC0Seq0_Handler                         0x00000283   Thumb Code     0  startup.o(RESET)
    ADC0Seq1_Handler                         0x00000283   Thumb Code     0  startup.o(RESET)
    ADC0Seq2_Handler                         0x00000283   Thumb Code     0  startup.o(RESET)
    ADC1Seq0_Handler                         0x00000283   Thumb Code     0  startup.o(RESET)
    ADC1Seq1_Handler                         0x00000283   Thumb Code     0  startup.o(RESET)
    ADC1Seq2_Handler                         0x00000283   Thumb Code     0  startup.o(RESET)
    ADC1Seq3_Handler                         0x00000283   Thumb Code     0  startup.o(RESET)
    CAN1_Handler                             0x00000283   Thumb Code     0  startup.o(RESET)
    CAN2_Handler                             0x00000283   Thumb Code     0  startup.o(RESET)
    Comp0_Handler                            0x00000283   Thumb Code     0  startup.o(RESET)
    Comp1_Handler                            0x00000283   Thumb Code     0  startup.o(RESET)
    Comp2_Handler                            0x00000283   Thumb Code     0  startup.o(RESET)
    Ethernet_Handler                         0x00000283   Thumb Code     0  startup.o(RESET)
    ExtBus_Handler                           0x00000283   Thumb Code     0  startup.o(RESET)
    FPU_Handler                              0x00000283   Thumb Code     0  startup.o(RESET)
    Fan0_Handler                             0x00000283   Thumb Code     0  startup.o(RESET)
    FlashCtl_Handler                         0x00000283   Thumb Code     0  startup.o(RESET)
    GPIOPortA_Handler                        0x00000283   Thumb Code     0  startup.o(RESET)
    GPIOPortB_Handler                        0x00000283   Thumb Code     0  startup.o(RESET)
    GPIOPortC_Handler                        0x00000283   Thumb Code     0  startup.o(RESET)
    GPIOPortD_Handler                        0x00000283   Thumb Code     0  startup.o(RESET)
    GPIOPortE_Handler                        0x00000283   Thumb Code     0  startup.o(RESET)
    GPIOPortG_Handler                        0x00000283   Thumb Code     0  startup.o(RESET)
    GPIOPortH_Handler                        0x00000283   Thumb Code     0  startup.o(RESET)
    GPIOPortJ_Handler                        0x00000283   Thumb Code     0  startup.o(RESET)
    GPIOPortK_Handler                        0x00000283   Thumb Code     0  startup.o(RESET)
    GPIOPortL_Handler                        0x00000283   Thumb Code     0  startup.o(RESET)
    GPIOPortM_Handler                        0x00000283   Thumb Code     0  startup.o(RESET)
    GPIOPortN_Handler                        0x00000283   Thumb Code     0  startup.o(RESET)
    GPIOPortP1_Handler                       0x00000283   Thumb Code     0  startup.o(RESET)
    GPIOPortP2_Handler                       0x00000283   Thumb Code     0  startup.o(RESET)
    GPIOPortP3_Handler                       0x00000283   Thumb Code     0  startup.o(RESET)
    GPIOPortP4_Handler                       0x00000283   Thumb Code     0  startup.o(RESET)
    GPIOPortP5_Handler                       0x00000283   Thumb Code     0  startup.o(RESET)
    GPIOPortP6_Handler                       0x00000283   Thumb Code     0  startup.o(RESET)
    GPIOPortP7_Handler                       0x00000283   Thumb Code     0  startup.o(RESET)
    GPIOPortP_Handler                        0x00000283   Thumb Code     0  startup.o(RESET)
    GPIOPortQ1_Handler                       0x00000283   Thumb Code     0  startup.o(RESET)
    GPIOPortQ2_Handler                       0x00000283   Thumb Code     0  startup.o(RESET)
    GPIOPortQ3_Handler                       0x00000283   Thumb Code     0  startup.o(RESET)
    GPIOPortQ4_Handler                       0x00000283   Thumb Code     0  startup.o(RESET)
    GPIOPortQ5_Handler                       0x00000283   Thumb Code     0  startup.o(RESET)
    GPIOPortQ6_Handler                       0x00000283   Thumb Code     0  startup.o(RESET)
    GPIOPortQ7_Handler                       0x00000283   Thumb Code     0  startup.o(RESET)
    GPIOPortQ_Handler                        0x00000283   Thumb Code     0  startup.o(RESET)
    GPIOPortR_Handler                        0x00000283   Thumb Code     0  startup.o(RESET)
    GPIOPortS_Handler                        0x00000283   Thumb Code     0  startup.o(RESET)
    Hibernate_Handler                        0x00000283   Thumb Code     0  startup.o(RESET)
    I2C0_Handler                             0x00000283   Thumb Code     0  startup.o(RESET)
    I2C1_Handler                             0x00000283   Thumb Code     0  startup.o(RESET)
    I2C2_Handler                             0x00000283   Thumb Code     0  startup.o(RESET)
    I2C3_Handler                             0x00000283   Thumb Code     0  startup.o(RESET)
    I2C4_Handler                             0x00000283   Thumb Code     0  startup.o(RESET)
    I2C5_Handler                             0x00000283   Thumb Code     0  startup.o(RESET)
    I2S0_Handler                             0x00000283   Thumb Code     0  startup.o(RESET)
    LPC0_Handler                             0x00000283   Thumb Code     0  startup.o(RESET)
    PECI0_Handler                            0x00000283   Thumb Code     0  startup.o(RESET)
    PWM0Fault_Handler                        0x00000283   Thumb Code     0  startup.o(RESET)
    PWM0Generator0_Handler                   0x00000283   Thumb Code     0  startup.o(RESET)
    PWM0Generator1_Handler                   0x00000283   Thumb Code     0  startup.o(RESET)
    PWM0Generator2_Handler                   0x00000283   Thumb Code     0  startup.o(RESET)
    PWM0Generator3_Handler                   0x00000283   Thumb Code     0  startup.o(RESET)
    PWM1Fault_Handler                        0x00000283   Thumb Code     0  startup.o(RESET)
    PWM1Generator0_Handler                   0x00000283   Thumb Code     0  startup.o(RESET)
    PWM1Generator1_Handler                   0x00000283   Thumb Code     0  startup.o(RESET)
    PWM1Generator2_Handler                   0x00000283   Thumb Code     0  startup.o(RESET)
    PWM1Generator3_Handler                   0x00000283   Thumb Code     0  startup.o(RESET)
    Quadrature0_Handler                      0x00000283   Thumb Code     0  startup.o(RESET)
    Quadrature1_Handler                      0x00000283   Thumb Code     0  startup.o(RESET)
    Quadrature2_Handler                      0x00000283   Thumb Code     0  startup.o(RESET)
    SSI0_Handler                             0x00000283   Thumb Code     0  startup.o(RESET)
    SSI1_Handler                             0x00000283   Thumb Code     0  startup.o(RESET)
    SSI2_Handler                             0x00000283   Thumb Code     0  startup.o(RESET)
    SSI3_Handler                             0x00000283   Thumb Code     0  startup.o(RESET)
    SysCtl_Handler                           0x00000283   Thumb Code     0  startup.o(RESET)
    Timer0B_Handler                          0x00000283   Thumb Code     0  startup.o(RESET)
    Timer1B_Handler                          0x00000283   Thumb Code     0  startup.o(RESET)
    Timer2B_Handler                          0x00000283   Thumb Code     0  startup.o(RESET)
    Timer3B_Handler                          0x00000283   Thumb Code     0  startup.o(RESET)
    Timer4B_Handler                          0x00000283   Thumb Code     0  startup.o(RESET)
    Timer5A_Handler                          0x00000283   Thumb Code     0  startup.o(RESET)
    Timer5B_Handler                          0x00000283   Thumb Code     0  startup.o(RESET)
    UART1_Handler                            0x00000283   Thumb Code     0  startup.o(RESET)
    UART2_Handler                            0x00000283   Thumb Code     0  startup.o(RESET)
    UART3_Handler                            0x00000283   Thumb Code     0  startup.o(RESET)
    UART4_Handler                            0x00000283   Thumb Code     0  startup.o(RESET)
    UART5_Handler                            0x00000283   Thumb Code     0  startup.o(RESET)
    UART6_Handler                            0x00000283   Thumb Code     0  startup.o(RESET)
    UART7_Handler                            0x00000283   Thumb Code     0  startup.o(RESET)
    USB0_Handler                             0x00000283   Thumb Code     0  startup.o(RESET)
    WDT_Handler                              0x00000283   Thumb Code     0  startup.o(RESET)
    WideTimer0A_Handler                      0x00000283   Thumb Code     0  startup.o(RESET)
    WideTimer0B_Handler                      0x00000283   Thumb Code     0  startup.o(RESET)
    WideTimer1A_Handler                      0x00000283   Thumb Code     0  startup.o(RESET)
    WideTimer1B_Handler                      0x00000283   Thumb Code     0  startup.o(RESET)
    WideTimer2A_Handler                      0x00000283   Thumb Code     0  startup.o(RESET)
    WideTimer2B_Handler                      0x00000283   Thumb Code     0  startup.o(RESET)
    WideTimer3A_Handler                      0x00000283   Thumb Code     0  startup.o(RESET)
    WideTimer3B_Handler                      0x00000283   Thumb Code     0  startup.o(RESET)
    WideTimer4A_Handler                      0x00000283   Thumb Code     0  startup.o(RESET)
    WideTimer4B_Handler                      0x00000283   Thumb Code     0  startup.o(RESET)
    WideTimer5A_Handler                      0x00000283   Thumb Code     0  startup.o(RESET)
    WideTimer5B_Handler                      0x00000283   Thumb Code     0  startup.o(RESET)
    uDMA_Error                               0x00000283   Thumb Code     0  startup.o(RESET)
    uDMA_Handler                             0x00000283   Thumb Code     0  startup.o(RESET)
    __main                                   0x00000285   Thumb Code     0  entry.o(.ARM.Collect$$$$00000000)
    _main_stk                                0x00000285   Thumb Code     0  entry2.o(.ARM.Collect$$$$00000001)
    _main_scatterload                        0x00000289   Thumb Code     0  entry5.o(.ARM.Collect$$$$00000004)
    __main_after_scatterload                 0x0000028d   Thumb Code     0  entry5.o(.ARM.Collect$$$$00000004)
    _main_clock                              0x0000028d   Thumb Code     0  entry7b.o(.ARM.Collect$$$$00000008)
    _main_cpp_init                           0x0000028d   Thumb Code     0  entry8b.o(.ARM.Collect$$$$0000000A)
    _main_init                               0x0000028d   Thumb Code     0  entry9a.o(.ARM.Collect$$$$0000000B)
    __rt_final_cpp                           0x00000295   Thumb Code     0  entry10a.o(.ARM.Collect$$$$0000000D)
    __rt_final_exit                          0x00000295   Thumb Code     0  entry11a.o(.ARM.Collect$$$$0000000F)
    OS_DisableInterrupts                     0x00000299   Thumb Code     0  osasm.o(.text)
    OS_EnableInterrupts                      0x0000029d   Thumb Code     0  osasm.o(.text)
    PendSV_Handler                           0x000002a1   Thumb Code     0  osasm.o(.text)
    StartOS                                  0x000002c1   Thumb Code     0  osasm.o(.text)
    DisableInterrupts                        0x000002e9   Thumb Code     0  startup.o(.text)
    EnableInterrupts                         0x000002ed   Thumb Code     0  startup.o(.text)
    StartCritical                            0x000002f1   Thumb Code     0  startup.o(.text)
    EndCritical                              0x000002f9   Thumb Code     0  startup.o(.text)
    WaitForInterrupt                         0x000002ff   Thumb Code     0  startup.o(.text)
    __scatterload                            0x00000305   Thumb Code    28  init.o(.text)
    __scatterload_rt2                        0x00000305   Thumb Code     0  init.o(.text)
    ADC0Seq3_Handler                         0x00000329   Thumb Code    48  adc.o(i.ADC0Seq3_Handler)
    ADC_In                                   0x00000369   Thumb Code    36  adc.o(i.ADC_In)
    AddBlockedToSemaphore                    0x00000395   Thumb Code    46  os.o(i.AddBlockedToSemaphore)
    BlockTCB                                 0x000003c9   Thumb Code    52  os.o(i.BlockTCB)
    CAN0_Handler                             0x00000405   Thumb Code   146  can0.o(i.CAN0_Handler)
    CAN0_Open                                0x000004a5   Thumb Code   178  can0.o(i.CAN0_Open)
    CANBitRateSet                            0x000005ad   Thumb Code   142  can.o(i.CANBitRateSet)
    CANEnable                                0x000006ad   Thumb Code    24  can.o(i.CANEnable)
    CANInit                                  0x000006c5   Thumb Code   148  can.o(i.CANInit)
    CANIntClear                              0x00000759   Thumb Code    76  can.o(i.CANIntClear)
    CANIntEnable                             0x000007a5   Thumb Code    26  can.o(i.CANIntEnable)
    CANIntStatus                             0x000007f1   Thumb Code    60  can.o(i.CANIntStatus)
    CANMessageGet                            0x0000082d   Thumb Code   434  can.o(i.CANMessageGet)
    CANMessageSet                            0x000009df   Thumb Code   434  can.o(i.CANMessageSet)
    CANStatusGet                             0x00000bf9   Thumb Code   124  can.o(i.CANStatusGet)
    Delay1ms                                 0x00000c75   Thumb Code    32  st7735.o(i.Delay1ms)
    GPIOPortF_Handler                        0x00000c95   Thumb Code   164  os.o(i.GPIOPortF_Handler)
    GPIO_PortF_Init                          0x00000d5d   Thumb Code    94  main.o(i.GPIO_PortF_Init)
    IO_Init                                  0x00000dd1   Thumb Code    78  os.o(i.IO_Init)
    IntDisable                               0x00000e3d   Thumb Code   116  interrupt.o(i.IntDisable)
    IntEnable                                0x00000ebd   Thumb Code   116  interrupt.o(i.IntEnable)
    Interpreter                              0x00000f3d   Thumb Code   138  interpreter.o(i.Interpreter)
    LinkTCB                                  0x00001019   Thumb Code    54  os.o(i.LinkTCB)
    OS_AddPriorityThread                     0x0000105d   Thumb Code    82  os.o(i.OS_AddPriorityThread)
    OS_AddThread                             0x000010c1   Thumb Code   290  os.o(i.OS_AddThread)
    OS_Fifo_Init                             0x000011f5   Thumb Code    36  os.o(i.OS_Fifo_Init)
    OS_Fifo_Put                              0x00001225   Thumb Code    60  os.o(i.OS_Fifo_Put)
    OS_Init                                  0x0000126d   Thumb Code    42  os.o(i.OS_Init)
    OS_InitSemaphore                         0x000012a9   Thumb Code    26  os.o(i.OS_InitSemaphore)
    OS_Kill                                  0x000012c5   Thumb Code   330  os.o(i.OS_Kill)
    OS_Launch                                0x0000142d   Thumb Code    58  os.o(i.OS_Launch)
    OS_MailBox_Init                          0x00001475   Thumb Code    22  os.o(i.OS_MailBox_Init)
    OS_Scheduler                             0x00001491   Thumb Code   138  os.o(i.OS_Scheduler)
    OS_Signal                                0x0000152d   Thumb Code    36  os.o(i.OS_Signal)
    OS_Sleep                                 0x00001551   Thumb Code    50  os.o(i.OS_Sleep)
    OS_Suspend                               0x0000158d   Thumb Code    18  os.o(i.OS_Suspend)
    OS_Time                                  0x000015a5   Thumb Code     6  os.o(i.OS_Time)
    OS_TimeDifference                        0x000015b1   Thumb Code    18  os.o(i.OS_TimeDifference)
    OS_Wait                                  0x000015c3   Thumb Code    36  os.o(i.OS_Wait)
    OutCRLF                                  0x000015e7   Thumb Code    16  uart.o(i.OutCRLF)
    PLL_Init                                 0x000015f9   Thumb Code   118  pll.o(i.PLL_Init)
    RemoveBlockedFromSemaphore               0x00001675   Thumb Code    10  os.o(i.RemoveBlockedFromSemaphore)
    RxFifo_Get                               0x00001681   Thumb Code    46  uart.o(i.RxFifo_Get)
    RxFifo_Init                              0x000016bd   Thumb Code    26  uart.o(i.RxFifo_Init)
    RxFifo_Put                               0x000016e1   Thumb Code    48  uart.o(i.RxFifo_Put)
    RxFifo_Size                              0x0000171d   Thumb Code    14  uart.o(i.RxFifo_Size)
    ST7735_DrawCharS                         0x00001735   Thumb Code   232  st7735.o(i.ST7735_DrawCharS)
    ST7735_DrawFastHLine                     0x00001829   Thumb Code   116  st7735.o(i.ST7735_DrawFastHLine)
    ST7735_DrawPixel                         0x000018a5   Thumb Code    64  st7735.o(i.ST7735_DrawPixel)
    ST7735_DrawString                        0x000018ed   Thumb Code    86  st7735.o(i.ST7735_DrawString)
    ST7735_FillRect                          0x00001945   Thumb Code   164  st7735.o(i.ST7735_FillRect)
    ST7735_FillScreen                        0x000019f1   Thumb Code    28  st7735.o(i.ST7735_FillScreen)
    ST7735_InitR                             0x00001a15   Thumb Code    98  st7735.o(i.ST7735_InitR)
    ST7735_OutChar                           0x00001a9d   Thumb Code   176  st7735.o(i.ST7735_OutChar)
    ST7735_OutString                         0x00001b71   Thumb Code    24  st7735.o(i.ST7735_OutString)
    ST7735_SetCursor                         0x00001b89   Thumb Code    22  st7735.o(i.ST7735_SetCursor)
    SW1_Debounce                             0x00001ba9   Thumb Code    36  os.o(i.SW1_Debounce)
    SW2_Debounce                             0x00001bd5   Thumb Code    36  os.o(i.SW2_Debounce)
    SetInitialStack                          0x00001c01   Thumb Code   228  os.o(i.SetInitialStack)
    SetThreads                               0x00001ced   Thumb Code    68  os.o(i.SetThreads)
    SysTick_Handler                          0x00001d39   Thumb Code    16  os.o(i.SysTick_Handler)
    SysTick_Init                             0x00001d4d   Thumb Code    42  os.o(i.SysTick_Init)
    Timer0A_Handler                          0x00001d7d   Thumb Code    18  os.o(i.Timer0A_Handler)
    Timer0A_Init                             0x00001d99   Thumb Code    82  os.o(i.Timer0A_Init)
    Timer1A_Handler                          0x00001dfd   Thumb Code   120  os.o(i.Timer1A_Handler)
    Timer2A_Handler                          0x00001e95   Thumb Code    16  timer2.o(i.Timer2A_Handler)
    Timer3A_Handler                          0x00001ead   Thumb Code   128  os.o(i.Timer3A_Handler)
    Timer3A_Init                             0x00001f3d   Thumb Code    86  os.o(i.Timer3A_Init)
    Timer4A_Handler                          0x00001fa5   Thumb Code   120  os.o(i.Timer4A_Handler)
    TxFifo_Get                               0x00002039   Thumb Code    46  uart.o(i.TxFifo_Get)
    TxFifo_Init                              0x00002075   Thumb Code    26  uart.o(i.TxFifo_Init)
    TxFifo_Put                               0x00002099   Thumb Code    48  uart.o(i.TxFifo_Put)
    TxFifo_Size                              0x000020d5   Thumb Code    14  uart.o(i.TxFifo_Size)
    UART0_Handler                            0x000020ed   Thumb Code    82  uart.o(i.UART0_Handler)
    UART_InChar                              0x00002145   Thumb Code    20  uart.o(i.UART_InChar)
    UART_Init                                0x00002159   Thumb Code   184  uart.o(i.UART_Init)
    UART_OutChar                             0x0000222d   Thumb Code    58  uart.o(i.UART_OutChar)
    UART_OutString                           0x00002271   Thumb Code    24  uart.o(i.UART_OutString)
    UnBlockTCB                               0x00002289   Thumb Code    24  os.o(i.UnBlockTCB)
    UnLinkTCB                                0x000022a1   Thumb Code    40  os.o(i.UnLinkTCB)
    WrapInterpreter                          0x000022d1   Thumb Code     8  main.o(i.WrapInterpreter)
    __scatterload_copy                       0x000022d9   Thumb Code    14  handlers.o(i.__scatterload_copy)
    __scatterload_null                       0x000022e7   Thumb Code     2  handlers.o(i.__scatterload_null)
    __scatterload_zeroinit                   0x000022e9   Thumb Code    14  handlers.o(i.__scatterload_zeroinit)
    main                                     0x00002525   Thumb Code    60  main.o(i.main)
    newLine                                  0x0000256d   Thumb Code     8  interpreter.o(i.newLine)
    dBfs                                     0x00002c2e   Data         512  st7735.o(.constdata)
    Region$$Table$$Base                      0x00002e40   Number         0  anon$$obj.o(Region$$Table)
    Region$$Table$$Limit                     0x00002e60   Number         0  anon$$obj.o(Region$$Table)
    RcvCount                                 0x20000000   Data           4  main.o(.data)
    sequenceNum                              0x20000004   Data           1  main.o(.data)
    XmtData                                  0x20000005   Data           4  main.o(.data)
    RcvData                                  0x20000009   Data           4  main.o(.data)
    NumCreated                               0x20000010   Data           4  main.o(.data)
    SampleNums                               0x20000014   Data           4  adc.o(.data)
    ADCBuff                                  0x20000018   Data           4  adc.o(.data)
    buffIndex                                0x2000001c   Data           4  adc.o(.data)
    OS_SystemTime                            0x20000024   Data           4  os.o(.data)
    JitterMax_Periodic1                      0x20000028   Data           4  os.o(.data)
    JitterMax_Periodic2                      0x2000002c   Data           4  os.o(.data)
    DataDump1                                0x20000030   Data           4  os.o(.data)
    DataDump2                                0x20000034   Data           4  os.o(.data)
    Period1Counter                           0x20000038   Data           4  os.o(.data)
    Period2Counter                           0x2000003c   Data           4  os.o(.data)
    Get_Idx                                  0x20000040   Data           2  os.o(.data)
    Put_Idx                                  0x20000042   Data           2  os.o(.data)
    OS_SystemTimeMS                          0x20000050   Data           4  os.o(.data)
    RunPt                                    0x20000054   Data           4  os.o(.data)
    NextRunPt                                0x20000058   Data           4  os.o(.data)
    MaxJitter1                               0x2000005c   Data           4  os.o(.data)
    MaxJitter2                               0x20000060   Data           4  os.o(.data)
    Periodic_Thread1                         0x20000064   Data           4  os.o(.data)
    Period1                                  0x20000068   Data           4  os.o(.data)
    Periodic_Thread2                         0x2000006c   Data           4  os.o(.data)
    Period2                                  0x20000070   Data           4  os.o(.data)
    Sw1Pri                                   0x20000074   Data           4  os.o(.data)
    SW1_Task                                 0x20000078   Data           4  os.o(.data)
    SW1_Priority                             0x2000007c   Data           4  os.o(.data)
    LastSW1                                  0x20000080   Data           4  os.o(.data)
    SW2_Task                                 0x20000084   Data           4  os.o(.data)
    SW2_Priority                             0x20000088   Data           4  os.o(.data)
    LastSW2                                  0x2000008c   Data           4  os.o(.data)
    FiFo_Size_Unused                         0x20000090   Data           4  os.o(.data)
    SemaFIFO                                 0x20000094   Data           8  os.o(.data)
    StX                                      0x2000009c   Data           4  st7735.o(.data)
    StY                                      0x200000a0   Data           4  st7735.o(.data)
    StTextColor                              0x200000a4   Data           2  st7735.o(.data)
    lastj                                    0x200000ac   Data           4  st7735.o(.data)
    SemaDisplay                              0x200000b0   Data           8  st7735.o(.data)
    Messageindex                             0x200000bc   Data           4  st7735.o(.data)
    Ymax                                     0x200000c0   Data           4  st7735.o(.data)
    Ymin                                     0x200000c4   Data           4  st7735.o(.data)
    X                                        0x200000c8   Data           4  st7735.o(.data)
    Yrange                                   0x200000cc   Data           4  st7735.o(.data)
    RxPutI                                   0x200000d4   Data           4  uart.o(.data)
    RxGetI                                   0x200000d8   Data           4  uart.o(.data)
    TxPutI                                   0x200000dc   Data           4  uart.o(.data)
    TxGetI                                   0x200000e0   Data           4  uart.o(.data)
    semaUART                                 0x200000e4   Data           8  uart.o(.data)
    mutexCan                                 0x200000f0   Data           8  can0.o(.data)
    MailFlag                                 0x200000f8   Data           8  can0.o(.data)
    JitterHistogram1                         0x20000100   Data         400  os.o(.bss)
    JitterHistogram2                         0x20000290   Data         400  os.o(.bss)
    Dump1                                    0x20000420   Data         400  os.o(.bss)
    Dump2                                    0x200005b0   Data         400  os.o(.bss)
    PriorityTotal                            0x20000740   Data          32  os.o(.bss)
    PriorityAvailable                        0x20000760   Data          32  os.o(.bss)
    PriorityPtr                              0x20000780   Data          32  os.o(.bss)
    PriorityLastPtr                          0x200007a0   Data          32  os.o(.bss)
    Stacks                                   0x200007c0   Data        5120  os.o(.bss)
    OS_FiFo                                  0x20001d50   Data       16384  os.o(.bss)
    MailBox                                  0x20005d50   Data          20  os.o(.bss)
    __initial_sp                             0x20006188   Data           0  startup.o(STACK)



==============================================================================

Memory Map of the image

  Image Entry point : 0x0000026d

  Load Region LR_1 (Base: 0x00000000, Size: 0x00002f60, Max: 0xffffffff, ABSOLUTE)

    Execution Region ER_RO (Base: 0x00000000, Size: 0x00002e60, Max: 0xffffffff, ABSOLUTE)

    Base Addr    Size         Type   Attr      Idx    E Section Name        Object

    0x00000000   0x00000284   Code   RO         1275  * RESET               startup.o
    0x00000284   0x00000000   Code   RO         2453  * .ARM.Collect$$$$00000000  mc_w.l(entry.o)
    0x00000284   0x00000004   Code   RO         2464    .ARM.Collect$$$$00000001  mc_w.l(entry2.o)
    0x00000288   0x00000004   Code   RO         2467    .ARM.Collect$$$$00000004  mc_w.l(entry5.o)
    0x0000028c   0x00000000   Code   RO         2469    .ARM.Collect$$$$00000008  mc_w.l(entry7b.o)
    0x0000028c   0x00000000   Code   RO         2471    .ARM.Collect$$$$0000000A  mc_w.l(entry8b.o)
    0x0000028c   0x00000008   Code   RO         2472    .ARM.Collect$$$$0000000B  mc_w.l(entry9a.o)
    0x00000294   0x00000000   Code   RO         2474    .ARM.Collect$$$$0000000D  mc_w.l(entry10a.o)
    0x00000294   0x00000000   Code   RO         2476    .ARM.Collect$$$$0000000F  mc_w.l(entry11a.o)
    0x00000294   0x00000004   Code   RO         2465    .ARM.Collect$$$$00002712  mc_w.l(entry2.o)
    0x00000298   0x00000050   Code   RO          911    .text               osasm.o
    0x000002e8   0x0000001c   Code   RO         1276    .text               startup.o
    0x00000304   0x00000024   Code   RO         2478    .text               mc_w.l(init.o)
    0x00000328   0x00000040   Code   RO           76    i.ADC0Seq3_Handler  adc.o
    0x00000368   0x0000002c   Code   RO           78    i.ADC_In            adc.o
    0x00000394   0x00000034   Code   RO          133    i.AddBlockedToSemaphore  os.o
    0x000003c8   0x0000003c   Code   RO          134    i.BlockTCB          os.o
    0x00000404   0x000000a0   Code   RO         1077    i.CAN0_Handler      can0.o
    0x000004a4   0x000000d8   Code   RO         1078    i.CAN0_Open         can0.o
    0x0000057c   0x00000030   Code   RO         1080    i.CAN0_Setup_Message_Object  can0.o
    0x000005ac   0x00000094   Code   RO          915    i.CANBitRateSet     can.o
    0x00000640   0x00000036   Code   RO          916    i.CANDataRegRead    can.o
    0x00000676   0x00000036   Code   RO          917    i.CANDataRegWrite   can.o
    0x000006ac   0x00000018   Code   RO          919    i.CANEnable         can.o
    0x000006c4   0x00000094   Code   RO          921    i.CANInit           can.o
    0x00000758   0x0000004c   Code   RO          922    i.CANIntClear       can.o
    0x000007a4   0x0000001a   Code   RO          924    i.CANIntEnable      can.o
    0x000007be   0x00000002   PAD
    0x000007c0   0x00000030   Code   RO          925    i.CANIntNumberGet   can.o
    0x000007f0   0x0000003c   Code   RO          927    i.CANIntStatus      can.o
    0x0000082c   0x000001b2   Code   RO          930    i.CANMessageGet     can.o
    0x000009de   0x000001b2   Code   RO          931    i.CANMessageSet     can.o
    0x00000b90   0x00000050   Code   RO          932    i.CANRegRead        can.o
    0x00000be0   0x00000018   Code   RO          933    i.CANRegWrite       can.o
    0x00000bf8   0x0000007c   Code   RO          936    i.CANStatusGet      can.o
    0x00000c74   0x00000020   Code   RO          485    i.Delay1ms          st7735.o
    0x00000c94   0x000000c8   Code   RO          135    i.GPIOPortF_Handler  os.o
    0x00000d5c   0x00000074   Code   RO            1    i.GPIO_PortF_Init   main.o
    0x00000dd0   0x0000006c   Code   RO          136    i.IO_Init           os.o
    0x00000e3c   0x00000080   Code   RO         1125    i.IntDisable        interrupt.o
    0x00000ebc   0x00000080   Code   RO         1126    i.IntEnable         interrupt.o
    0x00000f3c   0x000000dc   Code   RO          112    i.Interpreter       interpreter.o
    0x00001018   0x00000044   Code   RO          138    i.LinkTCB           os.o
    0x0000105c   0x00000064   Code   RO          140    i.OS_AddPriorityThread  os.o
    0x000010c0   0x00000134   Code   RO          143    i.OS_AddThread      os.o
    0x000011f4   0x00000030   Code   RO          147    i.OS_Fifo_Init      os.o
    0x00001224   0x00000048   Code   RO          148    i.OS_Fifo_Put       os.o
    0x0000126c   0x0000003c   Code   RO          151    i.OS_Init           os.o
    0x000012a8   0x0000001a   Code   RO          152    i.OS_InitSemaphore  os.o
    0x000012c2   0x00000002   PAD
    0x000012c4   0x00000168   Code   RO          153    i.OS_Kill           os.o
    0x0000142c   0x00000048   Code   RO          154    i.OS_Launch         os.o
    0x00001474   0x0000001c   Code   RO          155    i.OS_MailBox_Init   os.o
    0x00001490   0x0000009c   Code   RO          159    i.OS_Scheduler      os.o
    0x0000152c   0x00000024   Code   RO          160    i.OS_Signal         os.o
    0x00001550   0x0000003c   Code   RO          161    i.OS_Sleep          os.o
    0x0000158c   0x00000018   Code   RO          162    i.OS_Suspend        os.o
    0x000015a4   0x0000000c   Code   RO          163    i.OS_Time           os.o
    0x000015b0   0x00000012   Code   RO          164    i.OS_TimeDifference  os.o
    0x000015c2   0x00000024   Code   RO          165    i.OS_Wait           os.o
    0x000015e6   0x00000010   Code   RO          774    i.OutCRLF           uart.o
    0x000015f6   0x00000002   PAD
    0x000015f8   0x0000007c   Code   RO          473    i.PLL_Init          pll.o
    0x00001674   0x0000000a   Code   RO          170    i.RemoveBlockedFromSemaphore  os.o
    0x0000167e   0x00000002   PAD
    0x00001680   0x0000003c   Code   RO          775    i.RxFifo_Get        uart.o
    0x000016bc   0x00000024   Code   RO          776    i.RxFifo_Init       uart.o
    0x000016e0   0x0000003c   Code   RO          777    i.RxFifo_Put        uart.o
    0x0000171c   0x00000018   Code   RO          778    i.RxFifo_Size       uart.o
    0x00001734   0x000000f4   Code   RO          495    i.ST7735_DrawCharS  st7735.o
    0x00001828   0x0000007c   Code   RO          496    i.ST7735_DrawFastHLine  st7735.o
    0x000018a4   0x00000048   Code   RO          498    i.ST7735_DrawPixel  st7735.o
    0x000018ec   0x00000056   Code   RO          499    i.ST7735_DrawString  st7735.o
    0x00001942   0x00000002   PAD
    0x00001944   0x000000ac   Code   RO          500    i.ST7735_FillRect   st7735.o
    0x000019f0   0x00000024   Code   RO          501    i.ST7735_FillScreen  st7735.o
    0x00001a14   0x00000088   Code   RO          503    i.ST7735_InitR      st7735.o
    0x00001a9c   0x000000d4   Code   RO          506    i.ST7735_OutChar    st7735.o
    0x00001b70   0x00000018   Code   RO          507    i.ST7735_OutString  st7735.o
    0x00001b88   0x00000020   Code   RO          517    i.ST7735_SetCursor  st7735.o
    0x00001ba8   0x0000002c   Code   RO          171    i.SW1_Debounce      os.o
    0x00001bd4   0x0000002c   Code   RO          173    i.SW2_Debounce      os.o
    0x00001c00   0x000000ec   Code   RO          175    i.SetInitialStack   os.o
    0x00001cec   0x0000004c   Code   RO          176    i.SetThreads        os.o
    0x00001d38   0x00000014   Code   RO          177    i.SysTick_Handler   os.o
    0x00001d4c   0x00000030   Code   RO          178    i.SysTick_Init      os.o
    0x00001d7c   0x0000001c   Code   RO          179    i.Timer0A_Handler   os.o
    0x00001d98   0x00000064   Code   RO          180    i.Timer0A_Init      os.o
    0x00001dfc   0x00000098   Code   RO          181    i.Timer1A_Handler   os.o
    0x00001e94   0x00000018   Code   RO          748    i.Timer2A_Handler   timer2.o
    0x00001eac   0x00000090   Code   RO          182    i.Timer3A_Handler   os.o
    0x00001f3c   0x00000068   Code   RO          183    i.Timer3A_Init      os.o
    0x00001fa4   0x00000094   Code   RO          184    i.Timer4A_Handler   os.o
    0x00002038   0x0000003c   Code   RO          779    i.TxFifo_Get        uart.o
    0x00002074   0x00000024   Code   RO          780    i.TxFifo_Init       uart.o
    0x00002098   0x0000003c   Code   RO          781    i.TxFifo_Put        uart.o
    0x000020d4   0x00000018   Code   RO          782    i.TxFifo_Size       uart.o
    0x000020ec   0x00000058   Code   RO          783    i.UART0_Handler     uart.o
    0x00002144   0x00000014   Code   RO          784    i.UART_InChar       uart.o
    0x00002158   0x000000d4   Code   RO          788    i.UART_Init         uart.o
    0x0000222c   0x00000044   Code   RO          789    i.UART_OutChar      uart.o
    0x00002270   0x00000018   Code   RO          790    i.UART_OutString    uart.o
    0x00002288   0x00000018   Code   RO          185    i.UnBlockTCB        os.o
    0x000022a0   0x00000030   Code   RO          186    i.UnLinkTCB         os.o
    0x000022d0   0x00000008   Code   RO            4    i.WrapInterpreter   main.o
    0x000022d8   0x0000000e   Code   RO         2482    i.__scatterload_copy  mc_w.l(handlers.o)
    0x000022e6   0x00000002   Code   RO         2483    i.__scatterload_null  mc_w.l(handlers.o)
    0x000022e8   0x0000000e   Code   RO         2484    i.__scatterload_zeroinit  mc_w.l(handlers.o)
    0x000022f6   0x00000056   Code   RO          521    i.commandList       st7735.o
    0x0000234c   0x00000184   Code   RO          522    i.commonInit        st7735.o
    0x000024d0   0x00000028   Code   RO          793    i.copyHardwareToSoftware  uart.o
    0x000024f8   0x0000002c   Code   RO          794    i.copySoftwareToHardware  uart.o
    0x00002524   0x00000048   Code   RO            5    i.main              main.o
    0x0000256c   0x00000008   Code   RO          113    i.newLine           interpreter.o
    0x00002574   0x00000012   Code   RO          524    i.pushColor         st7735.o
    0x00002586   0x00000002   PAD
    0x00002588   0x00000074   Code   RO          525    i.setAddrWindow     st7735.o
    0x000025fc   0x00000030   Code   RO          526    i.writecommand      st7735.o
    0x0000262c   0x00000020   Code   RO          527    i.writedata         st7735.o
    0x0000264c   0x000007e2   Data   RO          529    .constdata          st7735.o
    0x00002e2e   0x00000012   Data   RO          937    .constdata          can.o
    0x00002e40   0x00000020   Data   RO         2480    Region$$Table       anon$$obj.o


    Execution Region ER_RW (Base: 0x20000000, Size: 0x00000100, Max: 0xffffffff, ABSOLUTE)

    Base Addr    Size         Type   Attr      Idx    E Section Name        Object

    0x20000000   0x00000014   Data   RW            6    .data               main.o
    0x20000014   0x0000000c   Data   RW           80    .data               adc.o
    0x20000020   0x0000007c   Data   RW          188    .data               os.o
    0x2000009c   0x00000034   Data   RW          530    .data               st7735.o
    0x200000d0   0x00000004   Data   RW          751    .data               timer2.o
    0x200000d4   0x00000018   Data   RW          796    .data               uart.o
    0x200000ec   0x00000014   Data   RW         1081    .data               can0.o


    Execution Region ER_ZI (Base: 0x20000100, Size: 0x00006088, Max: 0xffffffff, ABSOLUTE)

    Base Addr    Size         Type   Attr      Idx    E Section Name        Object

    0x20000100   0x00005c64   Zero   RW          187    .bss                os.o
    0x20005d64   0x00000020   Zero   RW          795    .bss                uart.o
    0x20005d84   0x00000004   PAD
    0x20005d88   0x00000400   Zero   RW         1273    STACK               startup.o


==============================================================================

Image component sizes


      Code (inc. data)   RO Data    RW Data    ZI Data      Debug   Object Name

       108         24          0         12          0       1399   adc.o
      1734         20         18          0          0      14445   can.o
       424         56          0         20          0       2471   can0.o
       228         82          0          0          0        944   interpreter.o
       256         24          0          0          0       1001   interrupt.o
       196         34          0         20          0       8029   main.o
      3130        434          0        124      23652      21075   os.o
        80         10          0          0          0        256   osasm.o
       124          6          0          0          0        435   pll.o
      1858        202       2018         52          0      12761   st7735.o
       672        622          0          0       1024        904   startup.o
        24          8          0          4          0        854   timer2.o
       872        146          0         24         32       8203   uart.o

    ----------------------------------------------------------------------
      9718       1668       2068        256      24712      72777   Object Totals
         0          0         32          0          0          0   (incl. Generated)
        12          0          0          0          4          0   (incl. Padding)

    ----------------------------------------------------------------------

      Code (inc. data)   RO Data    RW Data    ZI Data      Debug   Library Member Name

         0          0          0          0          0          0   entry.o
         0          0          0          0          0          0   entry10a.o
         0          0          0          0          0          0   entry11a.o
         8          4          0          0          0          0   entry2.o
         4          0          0          0          0          0   entry5.o
         0          0          0          0          0          0   entry7b.o
         0          0          0          0          0          0   entry8b.o
         8          4          0          0          0          0   entry9a.o
        30          0          0          0          0          0   handlers.o
        36          8          0          0          0         68   init.o

    ----------------------------------------------------------------------
        86         16          0          0          0         68   Library Totals
         0          0          0          0          0          0   (incl. Padding)

    ----------------------------------------------------------------------

      Code (inc. data)   RO Data    RW Data    ZI Data      Debug   Library Name

        86         16          0          0          0         68   mc_w.l

    ----------------------------------------------------------------------
        86         16          0          0          0         68   Library Totals

    ----------------------------------------------------------------------

==============================================================================


      Code (inc. data)   RO Data    RW Data    ZI Data      Debug   

      9804       1684       2068        256      24712      68009   Grand Totals
      9804       1684       2068        256      24712      68009   ELF Image Totals
      9804       1684       2068        256          0          0   ROM Totals

==============================================================================

    Total RO  Size (Code + RO Data)                11872 (  11.59kB)
    Total RW  Size (RW Data + ZI Data)             24968 (  24.38kB)
    Total ROM Size (Code + RO Data + RW Data)      12128 (  11.84kB)

==============================================================================

